Archive member included to satisfy reference by file (symbol)

/opt/st/stm32cubeide_1.9.0/plugins/com.st.stm32cube.ide.mcu.externaltools.gnu-tools-for-stm32.10.3-2021.10.linux64_1.0.0.202111181127/tools/bin/../lib/gcc/arm-none-eabi/10.3.1/../../../../arm-none-eabi/lib/thumb/v7e-m+fp/hard/libc_nano.a(lib_a-errno.o)
                              ./Core/Src/syscalls.o (__errno)
/opt/st/stm32cubeide_1.9.0/plugins/com.st.stm32cube.ide.mcu.externaltools.gnu-tools-for-stm32.10.3-2021.10.linux64_1.0.0.202111181127/tools/bin/../lib/gcc/arm-none-eabi/10.3.1/../../../../arm-none-eabi/lib/thumb/v7e-m+fp/hard/libc_nano.a(lib_a-exit.o)
                              /opt/st/stm32cubeide_1.9.0/plugins/com.st.stm32cube.ide.mcu.externaltools.gnu-tools-for-stm32.10.3-2021.10.linux64_1.0.0.202111181127/tools/bin/../lib/gcc/arm-none-eabi/10.3.1/../../../../arm-none-eabi/lib/thumb/v7e-m+fp/hard/crt0.o (exit)
/opt/st/stm32cubeide_1.9.0/plugins/com.st.stm32cube.ide.mcu.externaltools.gnu-tools-for-stm32.10.3-2021.10.linux64_1.0.0.202111181127/tools/bin/../lib/gcc/arm-none-eabi/10.3.1/../../../../arm-none-eabi/lib/thumb/v7e-m+fp/hard/libc_nano.a(lib_a-impure.o)
                              /opt/st/stm32cubeide_1.9.0/plugins/com.st.stm32cube.ide.mcu.externaltools.gnu-tools-for-stm32.10.3-2021.10.linux64_1.0.0.202111181127/tools/bin/../lib/gcc/arm-none-eabi/10.3.1/../../../../arm-none-eabi/lib/thumb/v7e-m+fp/hard/libc_nano.a(lib_a-exit.o) (_global_impure_ptr)
/opt/st/stm32cubeide_1.9.0/plugins/com.st.stm32cube.ide.mcu.externaltools.gnu-tools-for-stm32.10.3-2021.10.linux64_1.0.0.202111181127/tools/bin/../lib/gcc/arm-none-eabi/10.3.1/../../../../arm-none-eabi/lib/thumb/v7e-m+fp/hard/libc_nano.a(lib_a-init.o)
                              /opt/st/stm32cubeide_1.9.0/plugins/com.st.stm32cube.ide.mcu.externaltools.gnu-tools-for-stm32.10.3-2021.10.linux64_1.0.0.202111181127/tools/bin/../lib/gcc/arm-none-eabi/10.3.1/../../../../arm-none-eabi/lib/thumb/v7e-m+fp/hard/crt0.o (__libc_init_array)
/opt/st/stm32cubeide_1.9.0/plugins/com.st.stm32cube.ide.mcu.externaltools.gnu-tools-for-stm32.10.3-2021.10.linux64_1.0.0.202111181127/tools/bin/../lib/gcc/arm-none-eabi/10.3.1/../../../../arm-none-eabi/lib/thumb/v7e-m+fp/hard/libc_nano.a(lib_a-memcpy-stub.o)
                              ./USB_DEVICE/App/usbd_cdc_if.o (memcpy)
/opt/st/stm32cubeide_1.9.0/plugins/com.st.stm32cube.ide.mcu.externaltools.gnu-tools-for-stm32.10.3-2021.10.linux64_1.0.0.202111181127/tools/bin/../lib/gcc/arm-none-eabi/10.3.1/../../../../arm-none-eabi/lib/thumb/v7e-m+fp/hard/libc_nano.a(lib_a-memset.o)
                              /opt/st/stm32cubeide_1.9.0/plugins/com.st.stm32cube.ide.mcu.externaltools.gnu-tools-for-stm32.10.3-2021.10.linux64_1.0.0.202111181127/tools/bin/../lib/gcc/arm-none-eabi/10.3.1/../../../../arm-none-eabi/lib/thumb/v7e-m+fp/hard/crt0.o (memset)
/opt/st/stm32cubeide_1.9.0/plugins/com.st.stm32cube.ide.mcu.externaltools.gnu-tools-for-stm32.10.3-2021.10.linux64_1.0.0.202111181127/tools/bin/../lib/gcc/arm-none-eabi/10.3.1/../../../../arm-none-eabi/lib/thumb/v7e-m+fp/hard/libc_nano.a(lib_a-strlen.o)
                              ./Core/Src/main.o (strlen)
/opt/st/stm32cubeide_1.9.0/plugins/com.st.stm32cube.ide.mcu.externaltools.gnu-tools-for-stm32.10.3-2021.10.linux64_1.0.0.202111181127/tools/bin/../lib/gcc/arm-none-eabi/10.3.1/thumb/v7e-m+fp/hard/libgcc.a(_aeabi_uldivmod.o)
                              ./Drivers/STM32F4xx_HAL_Driver/Src/stm32f4xx_hal_rcc.o (__aeabi_uldivmod)
/opt/st/stm32cubeide_1.9.0/plugins/com.st.stm32cube.ide.mcu.externaltools.gnu-tools-for-stm32.10.3-2021.10.linux64_1.0.0.202111181127/tools/bin/../lib/gcc/arm-none-eabi/10.3.1/thumb/v7e-m+fp/hard/libgcc.a(_udivmoddi4.o)
                              /opt/st/stm32cubeide_1.9.0/plugins/com.st.stm32cube.ide.mcu.externaltools.gnu-tools-for-stm32.10.3-2021.10.linux64_1.0.0.202111181127/tools/bin/../lib/gcc/arm-none-eabi/10.3.1/thumb/v7e-m+fp/hard/libgcc.a(_aeabi_uldivmod.o) (__udivmoddi4)
/opt/st/stm32cubeide_1.9.0/plugins/com.st.stm32cube.ide.mcu.externaltools.gnu-tools-for-stm32.10.3-2021.10.linux64_1.0.0.202111181127/tools/bin/../lib/gcc/arm-none-eabi/10.3.1/thumb/v7e-m+fp/hard/libgcc.a(_dvmd_tls.o)
                              /opt/st/stm32cubeide_1.9.0/plugins/com.st.stm32cube.ide.mcu.externaltools.gnu-tools-for-stm32.10.3-2021.10.linux64_1.0.0.202111181127/tools/bin/../lib/gcc/arm-none-eabi/10.3.1/thumb/v7e-m+fp/hard/libgcc.a(_aeabi_uldivmod.o) (__aeabi_ldiv0)

Discarded input sections

 .text          0x0000000000000000        0x0 /opt/st/stm32cubeide_1.9.0/plugins/com.st.stm32cube.ide.mcu.externaltools.gnu-tools-for-stm32.10.3-2021.10.linux64_1.0.0.202111181127/tools/bin/../lib/gcc/arm-none-eabi/10.3.1/thumb/v7e-m+fp/hard/crti.o
 .data          0x0000000000000000        0x0 /opt/st/stm32cubeide_1.9.0/plugins/com.st.stm32cube.ide.mcu.externaltools.gnu-tools-for-stm32.10.3-2021.10.linux64_1.0.0.202111181127/tools/bin/../lib/gcc/arm-none-eabi/10.3.1/thumb/v7e-m+fp/hard/crti.o
[...]
Memory Configuration

Name             Origin             Length             Attributes
RAM              0x0000000020000000 0x0000000000020000 xrw
FLASH            0x0000000008000000 0x0000000000080000 xr
*default*        0x0000000000000000 0xffffffffffffffff

Linker script and memory map

LOAD /opt/st/stm32cubeide_1.9.0/plugins/com.st.stm32cube.ide.mcu.externaltools.gnu-tools-for-stm32.10.3-2021.10.linux64_1.0.0.202111181127/tools/bin/../lib/gcc/arm-none-eabi/10.3.1/thumb/v7e-m+fp/hard/crti.o
LOAD /opt/st/stm32cubeide_1.9.0/plugins/com.st.stm32cube.ide.mcu.externaltools.gnu-tools-for-stm32.10.3-2021.10.linux64_1.0.0.202111181127/tools/bin/../lib/gcc/arm-none-eabi/10.3.1/thumb/v7e-m+fp/hard/crtbegin.o
LOAD /opt/st/stm32cubeide_1.9.0/plugins/com.st.stm32cube.ide.mcu.externaltools.gnu-tools-for-stm32.10.3-2021.10.linux64_1.0.0.202111181127/tools/bin/../lib/gcc/arm-none-eabi/10.3.1/../../../../arm-none-eabi/lib/thumb/v7e-m+fp/hard/crt0.o
LOAD ./Core/Src/main.o
LOAD ./Core/Src/stm32f4xx_hal_msp.o
LOAD ./Core/Src/stm32f4xx_it.o
LOAD ./Core/Src/syscalls.o
LOAD ./Core/Src/sysmem.o
LOAD ./Core/Src/system_stm32f4xx.o
LOAD ./Core/Startup/startup_stm32f446zetx.o
LOAD ./Drivers/STM32F4xx_HAL_Driver/Src/stm32f4xx_hal.o
LOAD ./Drivers/STM32F4xx_HAL_Driver/Src/stm32f4xx_hal_adc.o
LOAD ./Drivers/STM32F4xx_HAL_Driver/Src/stm32f4xx_hal_adc_ex.o
LOAD ./Drivers/STM32F4xx_HAL_Driver/Src/stm32f4xx_hal_cortex.o
LOAD ./Drivers/STM32F4xx_HAL_Driver/Src/stm32f4xx_hal_dma.o
LOAD ./Drivers/STM32F4xx_HAL_Driver/Src/stm32f4xx_hal_dma_ex.o
LOAD ./Drivers/STM32F4xx_HAL_Driver/Src/stm32f4xx_hal_exti.o
LOAD ./Drivers/STM32F4xx_HAL_Driver/Src/stm32f4xx_hal_flash.o
LOAD ./Drivers/STM32F4xx_HAL_Driver/Src/stm32f4xx_hal_flash_ex.o
LOAD ./Drivers/STM32F4xx_HAL_Driver/Src/stm32f4xx_hal_flash_ramfunc.o
LOAD ./Drivers/STM32F4xx_HAL_Driver/Src/stm32f4xx_hal_gpio.o
LOAD ./Drivers/STM32F4xx_HAL_Driver/Src/stm32f4xx_hal_pcd.o
LOAD ./Drivers/STM32F4xx_HAL_Driver/Src/stm32f4xx_hal_pcd_ex.o
LOAD ./Drivers/STM32F4xx_HAL_Driver/Src/stm32f4xx_hal_pwr.o
LOAD ./Drivers/STM32F4xx_HAL_Driver/Src/stm32f4xx_hal_pwr_ex.o
LOAD ./Drivers/STM32F4xx_HAL_Driver/Src/stm32f4xx_hal_rcc.o
LOAD ./Drivers/STM32F4xx_HAL_Driver/Src/stm32f4xx_hal_rcc_ex.o
LOAD ./Drivers/STM32F4xx_HAL_Driver/Src/stm32f4xx_hal_tim.o
LOAD ./Drivers/STM32F4xx_HAL_Driver/Src/stm32f4xx_hal_tim_ex.o
LOAD ./Drivers/STM32F4xx_HAL_Driver/Src/stm32f4xx_hal_uart.o
LOAD ./Drivers/STM32F4xx_HAL_Driver/Src/stm32f4xx_ll_adc.o
LOAD ./Drivers/STM32F4xx_HAL_Driver/Src/stm32f4xx_ll_usb.o
LOAD ./Middlewares/ST/STM32_USB_Device_Library/Class/CDC/Src/usbd_cdc.o
LOAD ./Middlewares/ST/STM32_USB_Device_Library/Core/Src/usbd_core.o
LOAD ./Middlewares/ST/STM32_USB_Device_Library/Core/Src/usbd_ctlreq.o
LOAD ./Middlewares/ST/STM32_USB_Device_Library/Core/Src/usbd_ioreq.o
LOAD ./USB_DEVICE/App/usb_device.o
LOAD ./USB_DEVICE/App/usbd_cdc_if.o
LOAD ./USB_DEVICE/App/usbd_desc.o
LOAD ./USB_DEVICE/Target/usbd_conf.o
START GROUP
LOAD /opt/st/stm32cubeide_1.9.0/plugins/com.st.stm32cube.ide.mcu.externaltools.gnu-tools-for-stm32.10.3-2021.10.linux64_1.0.0.202111181127/tools/bin/../lib/gcc/arm-none-eabi/10.3.1/../../../../arm-none-eabi/lib/thumb/v7e-m+fp/hard/libc_nano.a
LOAD /opt/st/stm32cubeide_1.9.0/plugins/com.st.stm32cube.ide.mcu.externaltools.gnu-tools-for-stm32.10.3-2021.10.linux64_1.0.0.202111181127/tools/bin/../lib/gcc/arm-none-eabi/10.3.1/../../../../arm-none-eabi/lib/thumb/v7e-m+fp/hard/libm.a
END GROUP
START GROUP
LOAD /opt/st/stm32cubeide_1.9.0/plugins/com.st.stm32cube.ide.mcu.externaltools.gnu-tools-for-stm32.10.3-2021.10.linux64_1.0.0.202111181127/tools/bin/../lib/gcc/arm-none-eabi/10.3.1/thumb/v7e-m+fp/hard/libgcc.a
LOAD /opt/st/stm32cubeide_1.9.0/plugins/com.st.stm32cube.ide.mcu.externaltools.gnu-tools-for-stm32.10.3-2021.10.linux64_1.0.0.202111181127/tools/bin/../lib/gcc/arm-none-eabi/10.3.1/../../../../arm-none-eabi/lib/thumb/v7e-m+fp/hard/libc_nano.a
END GROUP
START GROUP
LOAD /opt/st/stm32cubeide_1.9.0/plugins/com.st.stm32cube.ide.mcu.externaltools.gnu-tools-for-stm32.10.3-2021.10.linux64_1.0.0.202111181127/tools/bin/../lib/gcc/arm-none-eabi/10.3.1/thumb/v7e-m+fp/hard/libgcc.a
LOAD /opt/st/stm32cubeide_1.9.0/plugins/com.st.stm32cube.ide.mcu.externaltools.gnu-tools-for-stm32.10.3-2021.10.linux64_1.0.0.202111181127/tools/bin/../lib/gcc/arm-none-eabi/10.3.1/../../../../arm-none-eabi/lib/thumb/v7e-m+fp/hard/libc_nano.a
LOAD /opt/st/stm32cubeide_1.9.0/plugins/com.st.stm32cube.ide.mcu.externaltools.gnu-tools-for-stm32.10.3-2021.10.linux64_1.0.0.202111181127/tools/bin/../lib/gcc/arm-none-eabi/10.3.1/../../../../arm-none-eabi/lib/thumb/v7e-m+fp/hard/libnosys.a
END GROUP
START GROUP
LOAD /opt/st/stm32cubeide_1.9.0/plugins/com.st.stm32cube.ide.mcu.externaltools.gnu-tools-for-stm32.10.3-2021.10.linux64_1.0.0.202111181127/tools/bin/../lib/gcc/arm-none-eabi/10.3.1/thumb/v7e-m+fp/hard/libgcc.a
LOAD /opt/st/stm32cubeide_1.9.0/plugins/com.st.stm32cube.ide.mcu.externaltools.gnu-tools-for-stm32.10.3-2021.10.linux64_1.0.0.202111181127/tools/bin/../lib/gcc/arm-none-eabi/10.3.1/../../../../arm-none-eabi/lib/thumb/v7e-m+fp/hard/libc_nano.a
LOAD /opt/st/stm32cubeide_1.9.0/plugins/com.st.stm32cube.ide.mcu.externaltools.gnu-tools-for-stm32.10.3-2021.10.linux64_1.0.0.202111181127/tools/bin/../lib/gcc/arm-none-eabi/10.3.1/../../../../arm-none-eabi/lib/thumb/v7e-m+fp/hard/libnosys.a
END GROUP
LOAD /opt/st/stm32cubeide_1.9.0/plugins/com.st.stm32cube.ide.mcu.externaltools.gnu-tools-for-stm32.10.3-2021.10.linux64_1.0.0.202111181127/tools/bin/../lib/gcc/arm-none-eabi/10.3.1/thumb/v7e-m+fp/hard/crtend.o
LOAD /opt/st/stm32cubeide_1.9.0/plugins/com.st.stm32cube.ide.mcu.externaltools.gnu-tools-for-stm32.10.3-2021.10.linux64_1.0.0.202111181127/tools/bin/../lib/gcc/arm-none-eabi/10.3.1/thumb/v7e-m+fp/hard/crtn.o
                0x0000000020020000                _estack = (ORIGIN (RAM) + LENGTH (RAM))
                0x0000000000000200                _Min_Heap_Size = 0x200
                0x0000000000000400                _Min_Stack_Size = 0x400

.isr_vector     0x0000000008000000      0x1c4
                0x0000000008000000                . = ALIGN (0x4)
 *(.isr_vector)
 .isr_vector    0x0000000008000000      0x1c4 ./Core/Startup/startup_stm32f446zetx.o
                0x0000000008000000                g_pfnVectors
                0x00000000080001c4                . = ALIGN (0x4)

.text           0x00000000080001c4     0xac28
                0x00000000080001c4                . = ALIGN (0x4)
 *(.text)
 .text          0x00000000080001c4       0x40 /opt/st/stm32cubeide_1.9.0/plugins/com.st.stm32cube.ide.mcu.externaltools.gnu-tools-for-stm32.10.3-2021.10.linux64_1.0.0.202111181127/tools/bin/../lib/gcc/arm-none-eabi/10.3.1/thumb/v7e-m+fp/hard/crtbegin.o
 .text          0x0000000008000204       0x10 /opt/st/stm32cubeide_1.9.0/plugins/com.st.stm32cube.ide.mcu.externaltools.gnu-tools-for-stm32.10.3-2021.10.linux64_1.0.0.202111181127/tools/bin/../lib/gcc/arm-none-eabi/10.3.1/../../../../arm-none-eabi/lib/thumb/v7e-m+fp/hard/libc_nano.a(lib_a-strlen.o)
                0x0000000008000204                strlen
 .text          0x0000000008000214       0x30 /opt/st/stm32cubeide_1.9.0/plugins/com.st.stm32cube.ide.mcu.externaltools.gnu-tools-for-stm32.10.3-2021.10.linux64_1.0.0.202111181127/tools/bin/../lib/gcc/arm-none-eabi/10.3.1/thumb/v7e-m+fp/hard/libgcc.a(_aeabi_uldivmod.o)
                0x0000000008000214                __aeabi_uldivmod
 .text          0x0000000008000244      0x2d0 /opt/st/stm32cubeide_1.9.0/plugins/com.st.stm32cube.ide.mcu.externaltools.gnu-tools-for-stm32.10.3-2021.10.linux64_1.0.0.202111181127/tools/bin/../lib/gcc/arm-none-eabi/10.3.1/thumb/v7e-m+fp/hard/libgcc.a(_udivmoddi4.o)
                0x0000000008000244                __udivmoddi4
 .text          0x0000000008000514        0x4 /opt/st/stm32cubeide_1.9.0/plugins/com.st.stm32cube.ide.mcu.externaltools.gnu-tools-for-stm32.10.3-2021.10.linux64_1.0.0.202111181127/tools/bin/../lib/gcc/arm-none-eabi/10.3.1/thumb/v7e-m+fp/hard/libgcc.a(_dvmd_tls.o)
                0x0000000008000514                __aeabi_ldiv0
                0x0000000008000514                __aeabi_idiv0
 *(.text*)
 .text.HAL_TIM_IC_CaptureCallback
                0x0000000008000518       0x48 ./Core/Src/main.o
                0x0000000008000518                HAL_TIM_IC_CaptureCallback
 .text.main     0x0000000008000560       0x8c ./Core/Src/main.o
                0x0000000008000560                main
 .text.SystemClock_Config
                0x00000000080005ec       0xd8 ./Core/Src/main.o
                0x00000000080005ec                SystemClock_Config
 .text.MX_ADC1_Init
                0x00000000080006c4       0xa4 ./Core/Src/main.o
 .text.MX_TIM1_Init
                0x0000000008000768      0x18c ./Core/Src/main.o
 .text.MX_TIM2_Init
                0x00000000080008f4       0xa8 ./Core/Src/main.o
 .text.MX_TIM3_Init
                0x000000000800099c       0xa8 ./Core/Src/main.o
 .text.MX_TIM4_Init
                0x0000000008000a44       0xa8 ./Core/Src/main.o
 .text.MX_TIM5_Init
                0x0000000008000aec       0xa8 ./Core/Src/main.o
 .text.MX_USART3_UART_Init
                0x0000000008000b94       0x54 ./Core/Src/main.o
 .text.MX_USART6_UART_Init
                0x0000000008000be8       0x54 ./Core/Src/main.o
 .text.MX_GPIO_Init
                0x0000000008000c3c      0x178 ./Core/Src/main.o
 .text.Error_Handler
                0x0000000008000db4        0xa ./Core/Src/main.o
                0x0000000008000db4                Error_Handler
 *fill*         0x0000000008000dbe        0x2 
 .text.HAL_MspInit
                0x0000000008000dc0       0x50 ./Core/Src/stm32f4xx_hal_msp.o
                0x0000000008000dc0                HAL_MspInit
 .text.HAL_ADC_MspInit
                0x0000000008000e10       0x88 ./Core/Src/stm32f4xx_hal_msp.o
                0x0000000008000e10                HAL_ADC_MspInit
 .text.HAL_TIM_Base_MspInit
                0x0000000008000e98       0x44 ./Core/Src/stm32f4xx_hal_msp.o
                0x0000000008000e98                HAL_TIM_Base_MspInit
 .text.HAL_TIM_Encoder_MspInit
                0x0000000008000edc      0x24c ./Core/Src/stm32f4xx_hal_msp.o
                0x0000000008000edc                HAL_TIM_Encoder_MspInit
 .text.HAL_TIM_MspPostInit
                0x0000000008001128       0x74 ./Core/Src/stm32f4xx_hal_msp.o
                0x0000000008001128                HAL_TIM_MspPostInit
 .text.HAL_UART_MspInit
                0x000000000800119c      0x10c ./Core/Src/stm32f4xx_hal_msp.o
                0x000000000800119c                HAL_UART_MspInit
 .text.NMI_Handler
                0x00000000080012a8        0x6 ./Core/Src/stm32f4xx_it.o
                0x00000000080012a8                NMI_Handler
 .text.HardFault_Handler
                0x00000000080012ae        0x6 ./Core/Src/stm32f4xx_it.o
                0x00000000080012ae                HardFault_Handler
 .text.MemManage_Handler
                0x00000000080012b4        0x6 ./Core/Src/stm32f4xx_it.o
                0x00000000080012b4                MemManage_Handler
 .text.BusFault_Handler
                0x00000000080012ba        0x6 ./Core/Src/stm32f4xx_it.o
                0x00000000080012ba                BusFault_Handler
 .text.UsageFault_Handler
                0x00000000080012c0        0x6 ./Core/Src/stm32f4xx_it.o
                0x00000000080012c0                UsageFault_Handler
 .text.SVC_Handler
                0x00000000080012c6        0xe ./Core/Src/stm32f4xx_it.o
                0x00000000080012c6                SVC_Handler
 .text.DebugMon_Handler
                0x00000000080012d4        0xe ./Core/Src/stm32f4xx_it.o
                0x00000000080012d4                DebugMon_Handler
 .text.PendSV_Handler
                0x00000000080012e2        0xe ./Core/Src/stm32f4xx_it.o
                0x00000000080012e2                PendSV_Handler
 .text.SysTick_Handler
                0x00000000080012f0       0x34 ./Core/Src/stm32f4xx_it.o
                0x00000000080012f0                SysTick_Handler
 .text.TIM2_IRQHandler
                0x0000000008001324       0x14 ./Core/Src/stm32f4xx_it.o
                0x0000000008001324                TIM2_IRQHandler
 .text.TIM3_IRQHandler
                0x0000000008001338       0x14 ./Core/Src/stm32f4xx_it.o
                0x0000000008001338                TIM3_IRQHandler
 .text.TIM4_IRQHandler
                0x000000000800134c       0x14 ./Core/Src/stm32f4xx_it.o
                0x000000000800134c                TIM4_IRQHandler
 .text.TIM5_IRQHandler
                0x0000000008001360       0x14 ./Core/Src/stm32f4xx_it.o
                0x0000000008001360                TIM5_IRQHandler
 .text.OTG_FS_IRQHandler
                0x0000000008001374       0x14 ./Core/Src/stm32f4xx_it.o
                0x0000000008001374                OTG_FS_IRQHandler
 .text.USART6_IRQHandler
                0x0000000008001388       0x14 ./Core/Src/stm32f4xx_it.o
                0x0000000008001388                USART6_IRQHandler
 .text.SystemInit
                0x000000000800139c       0x24 ./Core/Src/system_stm32f4xx.o
                0x000000000800139c                SystemInit
 .text.Reset_Handler
                0x00000000080013c0       0x50 ./Core/Startup/startup_stm32f446zetx.o
                0x00000000080013c0                Reset_Handler
 .text.Default_Handler
                0x0000000008001410        0x2 ./Core/Startup/startup_stm32f446zetx.o
                0x0000000008001410                RTC_Alarm_IRQHandler
                0x0000000008001410                EXTI2_IRQHandler
                0x0000000008001410                TIM8_CC_IRQHandler
                0x0000000008001410                FMPI2C1_EV_IRQHandler
                0x0000000008001410                SPI4_IRQHandler
                0x0000000008001410                TIM1_CC_IRQHandler
                0x0000000008001410                DMA2_Stream5_IRQHandler
                0x0000000008001410                DMA1_Stream5_IRQHandler
                0x0000000008001410                PVD_IRQHandler
                0x0000000008001410                SDIO_IRQHandler
                0x0000000008001410                TAMP_STAMP_IRQHandler
                0x0000000008001410                CAN2_RX1_IRQHandler
                0x0000000008001410                EXTI3_IRQHandler
                0x0000000008001410                TIM8_TRG_COM_TIM14_IRQHandler
                0x0000000008001410                TIM1_UP_TIM10_IRQHandler
                0x0000000008001410                TIM8_UP_TIM13_IRQHandler
                0x0000000008001410                I2C3_ER_IRQHandler
                0x0000000008001410                EXTI0_IRQHandler
                0x0000000008001410                I2C2_EV_IRQHandler
                0x0000000008001410                DMA1_Stream2_IRQHandler
                0x0000000008001410                CAN1_RX0_IRQHandler
                0x0000000008001410                FPU_IRQHandler
                0x0000000008001410                OTG_HS_WKUP_IRQHandler
                0x0000000008001410                CAN2_SCE_IRQHandler
                0x0000000008001410                DMA2_Stream2_IRQHandler
                0x0000000008001410                SPI1_IRQHandler
                0x0000000008001410                TIM6_DAC_IRQHandler
                0x0000000008001410                TIM1_BRK_TIM9_IRQHandler
                0x0000000008001410                DCMI_IRQHandler
                0x0000000008001410                CAN2_RX0_IRQHandler
                0x0000000008001410                DMA2_Stream3_IRQHandler
                0x0000000008001410                SAI2_IRQHandler
                0x0000000008001410                USART3_IRQHandler
                0x0000000008001410                CAN1_RX1_IRQHandler
                0x0000000008001410                UART5_IRQHandler
                0x0000000008001410                DMA2_Stream0_IRQHandler
                0x0000000008001410                QUADSPI_IRQHandler
                0x0000000008001410                I2C1_EV_IRQHandler
                0x0000000008001410                DMA1_Stream6_IRQHandler
                0x0000000008001410                DMA1_Stream1_IRQHandler
                0x0000000008001410                UART4_IRQHandler
                0x0000000008001410                RCC_IRQHandler
                0x0000000008001410                TIM8_BRK_TIM12_IRQHandler
                0x0000000008001410                Default_Handler
                0x0000000008001410                CEC_IRQHandler
                0x0000000008001410                EXTI15_10_IRQHandler
                0x0000000008001410                ADC_IRQHandler
                0x0000000008001410                DMA1_Stream7_IRQHandler
                0x0000000008001410                TIM7_IRQHandler
                0x0000000008001410                CAN2_TX_IRQHandler
                0x0000000008001410                DMA2_Stream7_IRQHandler
                0x0000000008001410                I2C3_EV_IRQHandler
                0x0000000008001410                EXTI9_5_IRQHandler
                0x0000000008001410                RTC_WKUP_IRQHandler
                0x0000000008001410                SPDIF_RX_IRQHandler
                0x0000000008001410                SPI2_IRQHandler
                0x0000000008001410                OTG_HS_EP1_IN_IRQHandler
                0x0000000008001410                DMA1_Stream0_IRQHandler
                0x0000000008001410                CAN1_TX_IRQHandler
                0x0000000008001410                FMPI2C1_ER_IRQHandler
                0x0000000008001410                EXTI4_IRQHandler
                0x0000000008001410                OTG_HS_EP1_OUT_IRQHandler
                0x0000000008001410                WWDG_IRQHandler
                0x0000000008001410                OTG_FS_WKUP_IRQHandler
                0x0000000008001410                TIM1_TRG_COM_TIM11_IRQHandler
                0x0000000008001410                OTG_HS_IRQHandler
                0x0000000008001410                EXTI1_IRQHandler
                0x0000000008001410                USART2_IRQHandler
                0x0000000008001410                I2C2_ER_IRQHandler
                0x0000000008001410                DMA2_Stream1_IRQHandler
                0x0000000008001410                CAN1_SCE_IRQHandler
                0x0000000008001410                FLASH_IRQHandler
                0x0000000008001410                DMA2_Stream4_IRQHandler
                0x0000000008001410                USART1_IRQHandler
                0x0000000008001410                SPI3_IRQHandler
                0x0000000008001410                DMA1_Stream4_IRQHandler
                0x0000000008001410                I2C1_ER_IRQHandler
                0x0000000008001410                FMC_IRQHandler
                0x0000000008001410                DMA2_Stream6_IRQHandler
                0x0000000008001410                SAI1_IRQHandler
                0x0000000008001410                DMA1_Stream3_IRQHandler
 *fill*         0x0000000008001412        0x2 
 .text.HAL_Init
                0x0000000008001414       0x44 ./Drivers/STM32F4xx_HAL_Driver/Src/stm32f4xx_hal.o
                0x0000000008001414                HAL_Init
 .text.HAL_InitTick
                0x0000000008001458       0x60 ./Drivers/STM32F4xx_HAL_Driver/Src/stm32f4xx_hal.o
                0x0000000008001458                HAL_InitTick
 .text.HAL_IncTick
                0x00000000080014b8       0x28 ./Drivers/STM32F4xx_HAL_Driver/Src/stm32f4xx_hal.o
                0x00000000080014b8                HAL_IncTick
 .text.HAL_GetTick
                0x00000000080014e0       0x18 ./Drivers/STM32F4xx_HAL_Driver/Src/stm32f4xx_hal.o
                0x00000000080014e0                HAL_GetTick
 .text.HAL_Delay
                0x00000000080014f8       0x48 ./Drivers/STM32F4xx_HAL_Driver/Src/stm32f4xx_hal.o
                0x00000000080014f8                HAL_Delay
 .text.HAL_ADC_Init
                0x0000000008001540       0x86 ./Drivers/STM32F4xx_HAL_Driver/Src/stm32f4xx_hal_adc.o
                0x0000000008001540                HAL_ADC_Init
 *fill*         0x00000000080015c6        0x2 
 .text.HAL_ADC_ConfigChannel
                0x00000000080015c8      0x264 ./Drivers/STM32F4xx_HAL_Driver/Src/stm32f4xx_hal_adc.o
                0x00000000080015c8                HAL_ADC_ConfigChannel
 .text.ADC_Init
                0x000000000800182c      0x1f8 ./Drivers/STM32F4xx_HAL_Driver/Src/stm32f4xx_hal_adc.o
 .text.__NVIC_SetPriorityGrouping
                0x0000000008001a24       0x48 ./Drivers/STM32F4xx_HAL_Driver/Src/stm32f4xx_hal_cortex.o
 .text.__NVIC_GetPriorityGrouping
                0x0000000008001a6c       0x1c ./Drivers/STM32F4xx_HAL_Driver/Src/stm32f4xx_hal_cortex.o
 .text.__NVIC_EnableIRQ
                0x0000000008001a88       0x3c ./Drivers/STM32F4xx_HAL_Driver/Src/stm32f4xx_hal_cortex.o
 .text.__NVIC_SetPriority
                0x0000000008001ac4       0x54 ./Drivers/STM32F4xx_HAL_Driver/Src/stm32f4xx_hal_cortex.o
 .text.NVIC_EncodePriority
                0x0000000008001b18       0x66 ./Drivers/STM32F4xx_HAL_Driver/Src/stm32f4xx_hal_cortex.o
 *fill*         0x0000000008001b7e        0x2 
 .text.SysTick_Config
                0x0000000008001b80       0x44 ./Drivers/STM32F4xx_HAL_Driver/Src/stm32f4xx_hal_cortex.o
 .text.HAL_NVIC_SetPriorityGrouping
                0x0000000008001bc4       0x16 ./Drivers/STM32F4xx_HAL_Driver/Src/stm32f4xx_hal_cortex.o
                0x0000000008001bc4                HAL_NVIC_SetPriorityGrouping
 .text.HAL_NVIC_SetPriority
                0x0000000008001bda       0x38 ./Drivers/STM32F4xx_HAL_Driver/Src/stm32f4xx_hal_cortex.o
                0x0000000008001bda                HAL_NVIC_SetPriority
 .text.HAL_NVIC_EnableIRQ
                0x0000000008001c12       0x1c ./Drivers/STM32F4xx_HAL_Driver/Src/stm32f4xx_hal_cortex.o
                0x0000000008001c12                HAL_NVIC_EnableIRQ
 .text.HAL_SYSTICK_Config
                0x0000000008001c2e       0x18 ./Drivers/STM32F4xx_HAL_Driver/Src/stm32f4xx_hal_cortex.o
                0x0000000008001c2e                HAL_SYSTICK_Config
 .text.HAL_DMA_Abort
                0x0000000008001c46       0xe0 ./Drivers/STM32F4xx_HAL_Driver/Src/stm32f4xx_hal_dma.o
                0x0000000008001c46                HAL_DMA_Abort
 .text.HAL_DMA_Abort_IT
                0x0000000008001d26       0x44 ./Drivers/STM32F4xx_HAL_Driver/Src/stm32f4xx_hal_dma.o
                0x0000000008001d26                HAL_DMA_Abort_IT
 *fill*         0x0000000008001d6a        0x2 
 .text.HAL_GPIO_Init
                0x0000000008001d6c      0x328 ./Drivers/STM32F4xx_HAL_Driver/Src/stm32f4xx_hal_gpio.o
                0x0000000008001d6c                HAL_GPIO_Init
 .text.HAL_GPIO_WritePin
                0x0000000008002094       0x32 ./Drivers/STM32F4xx_HAL_Driver/Src/stm32f4xx_hal_gpio.o
                0x0000000008002094                HAL_GPIO_WritePin
 .text.HAL_PCD_Init
                0x00000000080020c6      0x248 ./Drivers/STM32F4xx_HAL_Driver/Src/stm32f4xx_hal_pcd.o
                0x00000000080020c6                HAL_PCD_Init
 .text.HAL_PCD_Start
                0x000000000800230e       0x66 ./Drivers/STM32F4xx_HAL_Driver/Src/stm32f4xx_hal_pcd.o
                0x000000000800230e                HAL_PCD_Start
 .text.HAL_PCD_IRQHandler
                0x0000000008002374      0x998 ./Drivers/STM32F4xx_HAL_Driver/Src/stm32f4xx_hal_pcd.o
                0x0000000008002374                HAL_PCD_IRQHandler
 .text.HAL_PCD_SetAddress
                0x0000000008002d0c       0x4a ./Drivers/STM32F4xx_HAL_Driver/Src/stm32f4xx_hal_pcd.o
                0x0000000008002d0c                HAL_PCD_SetAddress
 .text.HAL_PCD_EP_Open
                0x0000000008002d56       0xd0 ./Drivers/STM32F4xx_HAL_Driver/Src/stm32f4xx_hal_pcd.o
                0x0000000008002d56                HAL_PCD_EP_Open
 .text.HAL_PCD_EP_Close
                0x0000000008002e26       0x94 ./Drivers/STM32F4xx_HAL_Driver/Src/stm32f4xx_hal_pcd.o
                0x0000000008002e26                HAL_PCD_EP_Close
 .text.HAL_PCD_EP_Receive
                0x0000000008002eba       0x96 ./Drivers/STM32F4xx_HAL_Driver/Src/stm32f4xx_hal_pcd.o
                0x0000000008002eba                HAL_PCD_EP_Receive
 .text.HAL_PCD_EP_GetRxCount
                0x0000000008002f50       0x30 ./Drivers/STM32F4xx_HAL_Driver/Src/stm32f4xx_hal_pcd.o
                0x0000000008002f50                HAL_PCD_EP_GetRxCount
 .text.HAL_PCD_EP_Transmit
                0x0000000008002f80       0x94 ./Drivers/STM32F4xx_HAL_Driver/Src/stm32f4xx_hal_pcd.o
                0x0000000008002f80                HAL_PCD_EP_Transmit
 .text.HAL_PCD_EP_SetStall
                0x0000000008003014       0xc8 ./Drivers/STM32F4xx_HAL_Driver/Src/stm32f4xx_hal_pcd.o
                0x0000000008003014                HAL_PCD_EP_SetStall
 .text.HAL_PCD_EP_ClrStall
                0x00000000080030dc       0xac ./Drivers/STM32F4xx_HAL_Driver/Src/stm32f4xx_hal_pcd.o
                0x00000000080030dc                HAL_PCD_EP_ClrStall
 .text.HAL_PCD_EP_Abort
                0x0000000008003188       0x62 ./Drivers/STM32F4xx_HAL_Driver/Src/stm32f4xx_hal_pcd.o
                0x0000000008003188                HAL_PCD_EP_Abort
 .text.PCD_WriteEmptyTxFifo
                0x00000000080031ea      0x11a ./Drivers/STM32F4xx_HAL_Driver/Src/stm32f4xx_hal_pcd.o
 .text.PCD_EP_OutXfrComplete_int
                0x0000000008003304      0x1d0 ./Drivers/STM32F4xx_HAL_Driver/Src/stm32f4xx_hal_pcd.o
 .text.PCD_EP_OutSetupPacket_int
                0x00000000080034d4       0x8c ./Drivers/STM32F4xx_HAL_Driver/Src/stm32f4xx_hal_pcd.o
 .text.HAL_PCDEx_SetTxFiFo
                0x0000000008003560       0x8e ./Drivers/STM32F4xx_HAL_Driver/Src/stm32f4xx_hal_pcd_ex.o
                0x0000000008003560                HAL_PCDEx_SetTxFiFo
 .text.HAL_PCDEx_SetRxFiFo
                0x00000000080035ee       0x22 ./Drivers/STM32F4xx_HAL_Driver/Src/stm32f4xx_hal_pcd_ex.o
                0x00000000080035ee                HAL_PCDEx_SetRxFiFo
 .text.HAL_PCDEx_ActivateLPM
                0x0000000008003610       0x48 ./Drivers/STM32F4xx_HAL_Driver/Src/stm32f4xx_hal_pcd_ex.o
                0x0000000008003610                HAL_PCDEx_ActivateLPM
 .text.HAL_RCC_ClockConfig
                0x0000000008003658      0x1cc ./Drivers/STM32F4xx_HAL_Driver/Src/stm32f4xx_hal_rcc.o
                0x0000000008003658                HAL_RCC_ClockConfig
 .text.HAL_RCC_GetHCLKFreq
                0x0000000008003824       0x18 ./Drivers/STM32F4xx_HAL_Driver/Src/stm32f4xx_hal_rcc.o
                0x0000000008003824                HAL_RCC_GetHCLKFreq
 .text.HAL_RCC_GetPCLK1Freq
                0x000000000800383c       0x28 ./Drivers/STM32F4xx_HAL_Driver/Src/stm32f4xx_hal_rcc.o
                0x000000000800383c                HAL_RCC_GetPCLK1Freq
 .text.HAL_RCC_GetPCLK2Freq
                0x0000000008003864       0x28 ./Drivers/STM32F4xx_HAL_Driver/Src/stm32f4xx_hal_rcc.o
                0x0000000008003864                HAL_RCC_GetPCLK2Freq
 .text.HAL_RCCEx_PeriphCLKConfig
                0x000000000800388c      0x654 ./Drivers/STM32F4xx_HAL_Driver/Src/stm32f4xx_hal_rcc_ex.o
                0x000000000800388c                HAL_RCCEx_PeriphCLKConfig
 .text.HAL_RCC_GetSysClockFreq
                0x0000000008003ee0      0x460 ./Drivers/STM32F4xx_HAL_Driver/Src/stm32f4xx_hal_rcc_ex.o
                0x0000000008003ee0                HAL_RCC_GetSysClockFreq
 .text.HAL_RCC_OscConfig
                0x0000000008004340      0x53c ./Drivers/STM32F4xx_HAL_Driver/Src/stm32f4xx_hal_rcc_ex.o
                0x0000000008004340                HAL_RCC_OscConfig
 .text.HAL_TIM_Base_Init
                0x000000000800487c       0x9e ./Drivers/STM32F4xx_HAL_Driver/Src/stm32f4xx_hal_tim.o
                0x000000000800487c                HAL_TIM_Base_Init
 .text.HAL_TIM_PWM_Init
                0x000000000800491a       0x9e ./Drivers/STM32F4xx_HAL_Driver/Src/stm32f4xx_hal_tim.o
                0x000000000800491a                HAL_TIM_PWM_Init
 .text.HAL_TIM_PWM_MspInit
                0x00000000080049b8       0x14 ./Drivers/STM32F4xx_HAL_Driver/Src/stm32f4xx_hal_tim.o
                0x00000000080049b8                HAL_TIM_PWM_MspInit
 .text.HAL_TIM_PWM_Start
                0x00000000080049cc      0x190 ./Drivers/STM32F4xx_HAL_Driver/Src/stm32f4xx_hal_tim.o
                0x00000000080049cc                HAL_TIM_PWM_Start
 .text.HAL_TIM_Encoder_Init
                0x0000000008004b5c      0x14c ./Drivers/STM32F4xx_HAL_Driver/Src/stm32f4xx_hal_tim.o
                0x0000000008004b5c                HAL_TIM_Encoder_Init
 .text.HAL_TIM_Encoder_Start_IT
                0x0000000008004ca8      0x15c ./Drivers/STM32F4xx_HAL_Driver/Src/stm32f4xx_hal_tim.o
                0x0000000008004ca8                HAL_TIM_Encoder_Start_IT
 .text.HAL_TIM_IRQHandler
                0x0000000008004e04      0x210 ./Drivers/STM32F4xx_HAL_Driver/Src/stm32f4xx_hal_tim.o
                0x0000000008004e04                HAL_TIM_IRQHandler
 .text.HAL_TIM_PWM_ConfigChannel
                0x0000000008005014      0x184 ./Drivers/STM32F4xx_HAL_Driver/Src/stm32f4xx_hal_tim.o
                0x0000000008005014                HAL_TIM_PWM_ConfigChannel
 .text.HAL_TIM_ConfigClockSource
                0x0000000008005198      0x18e ./Drivers/STM32F4xx_HAL_Driver/Src/stm32f4xx_hal_tim.o
                0x0000000008005198                HAL_TIM_ConfigClockSource
 .text.HAL_TIM_PeriodElapsedCallback
                0x0000000008005326       0x14 ./Drivers/STM32F4xx_HAL_Driver/Src/stm32f4xx_hal_tim.o
                0x0000000008005326                HAL_TIM_PeriodElapsedCallback
 .text.HAL_TIM_OC_DelayElapsedCallback
                0x000000000800533a       0x14 ./Drivers/STM32F4xx_HAL_Driver/Src/stm32f4xx_hal_tim.o
                0x000000000800533a                HAL_TIM_OC_DelayElapsedCallback
 .text.HAL_TIM_PWM_PulseFinishedCallback
                0x000000000800534e       0x14 ./Drivers/STM32F4xx_HAL_Driver/Src/stm32f4xx_hal_tim.o
                0x000000000800534e                HAL_TIM_PWM_PulseFinishedCallback
 .text.HAL_TIM_TriggerCallback
                0x0000000008005362       0x14 ./Drivers/STM32F4xx_HAL_Driver/Src/stm32f4xx_hal_tim.o
                0x0000000008005362                HAL_TIM_TriggerCallback
 *fill*         0x0000000008005376        0x2 
 .text.TIM_Base_SetConfig
                0x0000000008005378      0x140 ./Drivers/STM32F4xx_HAL_Driver/Src/stm32f4xx_hal_tim.o
                0x0000000008005378                TIM_Base_SetConfig
 .text.TIM_OC1_SetConfig
                0x00000000080054b8       0xe0 ./Drivers/STM32F4xx_HAL_Driver/Src/stm32f4xx_hal_tim.o
 .text.TIM_OC2_SetConfig
                0x0000000008005598       0xec ./Drivers/STM32F4xx_HAL_Driver/Src/stm32f4xx_hal_tim.o
                0x0000000008005598                TIM_OC2_SetConfig
 .text.TIM_OC3_SetConfig
                0x0000000008005684       0xe8 ./Drivers/STM32F4xx_HAL_Driver/Src/stm32f4xx_hal_tim.o
 .text.TIM_OC4_SetConfig
                0x000000000800576c       0xac ./Drivers/STM32F4xx_HAL_Driver/Src/stm32f4xx_hal_tim.o
 .text.TIM_TI1_ConfigInputStage
                0x0000000008005818       0x5e ./Drivers/STM32F4xx_HAL_Driver/Src/stm32f4xx_hal_tim.o
 .text.TIM_TI2_ConfigInputStage
                0x0000000008005876       0x60 ./Drivers/STM32F4xx_HAL_Driver/Src/stm32f4xx_hal_tim.o
 .text.TIM_ITRx_SetConfig
                0x00000000080058d6       0x36 ./Drivers/STM32F4xx_HAL_Driver/Src/stm32f4xx_hal_tim.o
 .text.TIM_ETR_SetConfig
                0x000000000800590c       0x40 ./Drivers/STM32F4xx_HAL_Driver/Src/stm32f4xx_hal_tim.o
                0x000000000800590c                TIM_ETR_SetConfig
 .text.TIM_CCxChannelCmd
                0x000000000800594c       0x4a ./Drivers/STM32F4xx_HAL_Driver/Src/stm32f4xx_hal_tim.o
                0x000000000800594c                TIM_CCxChannelCmd
 *fill*         0x0000000008005996        0x2 
 .text.HAL_TIMEx_MasterConfigSynchronization
                0x0000000008005998       0xf8 ./Drivers/STM32F4xx_HAL_Driver/Src/stm32f4xx_hal_tim_ex.o
                0x0000000008005998                HAL_TIMEx_MasterConfigSynchronization
 .text.HAL_TIMEx_ConfigBreakDeadTime
                0x0000000008005a90       0xa4 ./Drivers/STM32F4xx_HAL_Driver/Src/stm32f4xx_hal_tim_ex.o
                0x0000000008005a90                HAL_TIMEx_ConfigBreakDeadTime
 .text.HAL_TIMEx_CommutCallback
                0x0000000008005b34       0x14 ./Drivers/STM32F4xx_HAL_Driver/Src/stm32f4xx_hal_tim_ex.o
                0x0000000008005b34                HAL_TIMEx_CommutCallback
 .text.HAL_TIMEx_BreakCallback
                0x0000000008005b48       0x14 ./Drivers/STM32F4xx_HAL_Driver/Src/stm32f4xx_hal_tim_ex.o
                0x0000000008005b48                HAL_TIMEx_BreakCallback
 .text.HAL_UART_Init
                0x0000000008005b5c       0x9a ./Drivers/STM32F4xx_HAL_Driver/Src/stm32f4xx_hal_uart.o
                0x0000000008005b5c                HAL_UART_Init
 *fill*         0x0000000008005bf6        0x2 
 .text.HAL_UART_IRQHandler
                0x0000000008005bf8      0x51c ./Drivers/STM32F4xx_HAL_Driver/Src/stm32f4xx_hal_uart.o
                0x0000000008005bf8                HAL_UART_IRQHandler
 .text.HAL_UART_TxCpltCallback
                0x0000000008006114       0x14 ./Drivers/STM32F4xx_HAL_Driver/Src/stm32f4xx_hal_uart.o
                0x0000000008006114                HAL_UART_TxCpltCallback
 .text.HAL_UART_RxCpltCallback
                0x0000000008006128       0x14 ./Drivers/STM32F4xx_HAL_Driver/Src/stm32f4xx_hal_uart.o
                0x0000000008006128                HAL_UART_RxCpltCallback
 .text.HAL_UART_ErrorCallback
                0x000000000800613c       0x14 ./Drivers/STM32F4xx_HAL_Driver/Src/stm32f4xx_hal_uart.o
                0x000000000800613c                HAL_UART_ErrorCallback
 .text.HAL_UARTEx_RxEventCallback
                0x0000000008006150       0x18 ./Drivers/STM32F4xx_HAL_Driver/Src/stm32f4xx_hal_uart.o
                0x0000000008006150                HAL_UARTEx_RxEventCallback
 .text.UART_EndRxTransfer
                0x0000000008006168       0xc6 ./Drivers/STM32F4xx_HAL_Driver/Src/stm32f4xx_hal_uart.o
 .text.UART_DMAAbortOnError
                0x000000000800622e       0x28 ./Drivers/STM32F4xx_HAL_Driver/Src/stm32f4xx_hal_uart.o
 .text.UART_Transmit_IT
                0x0000000008006256       0xa0 ./Drivers/STM32F4xx_HAL_Driver/Src/stm32f4xx_hal_uart.o
 .text.UART_EndTransmit_IT
                0x00000000080062f6       0x30 ./Drivers/STM32F4xx_HAL_Driver/Src/stm32f4xx_hal_uart.o
 .text.UART_Receive_IT
                0x0000000008006326      0x176 ./Drivers/STM32F4xx_HAL_Driver/Src/stm32f4xx_hal_uart.o
 .text.UART_SetConfig
                0x000000000800649c      0x4e8 ./Drivers/STM32F4xx_HAL_Driver/Src/stm32f4xx_hal_uart.o
 .text.USB_CoreInit
                0x0000000008006984       0xc2 ./Drivers/STM32F4xx_HAL_Driver/Src/stm32f4xx_ll_usb.o
                0x0000000008006984                USB_CoreInit
 *fill*         0x0000000008006a46        0x2 
 .text.USB_SetTurnaroundTime
                0x0000000008006a48      0x144 ./Drivers/STM32F4xx_HAL_Driver/Src/stm32f4xx_ll_usb.o
                0x0000000008006a48                USB_SetTurnaroundTime
 .text.USB_EnableGlobalInt
                0x0000000008006b8c       0x22 ./Drivers/STM32F4xx_HAL_Driver/Src/stm32f4xx_ll_usb.o
                0x0000000008006b8c                USB_EnableGlobalInt
 .text.USB_DisableGlobalInt
                0x0000000008006bae       0x22 ./Drivers/STM32F4xx_HAL_Driver/Src/stm32f4xx_ll_usb.o
                0x0000000008006bae                USB_DisableGlobalInt
 .text.USB_SetCurrentMode
                0x0000000008006bd0       0x98 ./Drivers/STM32F4xx_HAL_Driver/Src/stm32f4xx_ll_usb.o
                0x0000000008006bd0                USB_SetCurrentMode
 .text.USB_DevInit
                0x0000000008006c68      0x2bc ./Drivers/STM32F4xx_HAL_Driver/Src/stm32f4xx_ll_usb.o
                0x0000000008006c68                USB_DevInit
 .text.USB_FlushTxFifo
                0x0000000008006f24       0x68 ./Drivers/STM32F4xx_HAL_Driver/Src/stm32f4xx_ll_usb.o
                0x0000000008006f24                USB_FlushTxFifo
 .text.USB_FlushRxFifo
                0x0000000008006f8c       0x60 ./Drivers/STM32F4xx_HAL_Driver/Src/stm32f4xx_ll_usb.o
                0x0000000008006f8c                USB_FlushRxFifo
 .text.USB_SetDevSpeed
                0x0000000008006fec       0x32 ./Drivers/STM32F4xx_HAL_Driver/Src/stm32f4xx_ll_usb.o
                0x0000000008006fec                USB_SetDevSpeed
 .text.USB_GetDevSpeed
                0x000000000800701e       0x4a ./Drivers/STM32F4xx_HAL_Driver/Src/stm32f4xx_ll_usb.o
                0x000000000800701e                USB_GetDevSpeed
 .text.USB_ActivateEndpoint
                0x0000000008007068      0x10e ./Drivers/STM32F4xx_HAL_Driver/Src/stm32f4xx_ll_usb.o
                0x0000000008007068                USB_ActivateEndpoint
 *fill*         0x0000000008007176        0x2 
 .text.USB_DeactivateEndpoint
                0x0000000008007178      0x1b8 ./Drivers/STM32F4xx_HAL_Driver/Src/stm32f4xx_ll_usb.o
                0x0000000008007178                USB_DeactivateEndpoint
 .text.USB_EPStartXfer
                0x0000000008007330      0x490 ./Drivers/STM32F4xx_HAL_Driver/Src/stm32f4xx_ll_usb.o
                0x0000000008007330                USB_EPStartXfer
 .text.USB_EP0StartXfer
                0x00000000080077c0      0x2b0 ./Drivers/STM32F4xx_HAL_Driver/Src/stm32f4xx_ll_usb.o
                0x00000000080077c0                USB_EP0StartXfer
 .text.USB_EPStopXfer
                0x0000000008007a70      0x154 ./Drivers/STM32F4xx_HAL_Driver/Src/stm32f4xx_ll_usb.o
                0x0000000008007a70                USB_EPStopXfer
 .text.USB_WritePacket
                0x0000000008007bc4       0x7c ./Drivers/STM32F4xx_HAL_Driver/Src/stm32f4xx_ll_usb.o
                0x0000000008007bc4                USB_WritePacket
 .text.USB_ReadPacket
                0x0000000008007c40       0xb0 ./Drivers/STM32F4xx_HAL_Driver/Src/stm32f4xx_ll_usb.o
                0x0000000008007c40                USB_ReadPacket
 .text.USB_EPSetStall
                0x0000000008007cf0       0xdc ./Drivers/STM32F4xx_HAL_Driver/Src/stm32f4xx_ll_usb.o
                0x0000000008007cf0                USB_EPSetStall
 .text.USB_EPClearStall
                0x0000000008007dcc       0xcc ./Drivers/STM32F4xx_HAL_Driver/Src/stm32f4xx_ll_usb.o
                0x0000000008007dcc                USB_EPClearStall
 .text.USB_SetDevAddress
                0x0000000008007e98       0x4c ./Drivers/STM32F4xx_HAL_Driver/Src/stm32f4xx_ll_usb.o
                0x0000000008007e98                USB_SetDevAddress
 .text.USB_DevConnect
                0x0000000008007ee4       0x42 ./Drivers/STM32F4xx_HAL_Driver/Src/stm32f4xx_ll_usb.o
                0x0000000008007ee4                USB_DevConnect
 .text.USB_DevDisconnect
                0x0000000008007f26       0x42 ./Drivers/STM32F4xx_HAL_Driver/Src/stm32f4xx_ll_usb.o
                0x0000000008007f26                USB_DevDisconnect
 .text.USB_ReadInterrupts
                0x0000000008007f68       0x26 ./Drivers/STM32F4xx_HAL_Driver/Src/stm32f4xx_ll_usb.o
                0x0000000008007f68                USB_ReadInterrupts
 .text.USB_ReadDevAllOutEpInterrupt
                0x0000000008007f8e       0x34 ./Drivers/STM32F4xx_HAL_Driver/Src/stm32f4xx_ll_usb.o
                0x0000000008007f8e                USB_ReadDevAllOutEpInterrupt
 .text.USB_ReadDevAllInEpInterrupt
                0x0000000008007fc2       0x34 ./Drivers/STM32F4xx_HAL_Driver/Src/stm32f4xx_ll_usb.o
                0x0000000008007fc2                USB_ReadDevAllInEpInterrupt
 .text.USB_ReadDevOutEPInterrupt
                0x0000000008007ff6       0x3c ./Drivers/STM32F4xx_HAL_Driver/Src/stm32f4xx_ll_usb.o
                0x0000000008007ff6                USB_ReadDevOutEPInterrupt
 .text.USB_ReadDevInEPInterrupt
                0x0000000008008032       0x5c ./Drivers/STM32F4xx_HAL_Driver/Src/stm32f4xx_ll_usb.o
                0x0000000008008032                USB_ReadDevInEPInterrupt
 .text.USB_GetMode
                0x000000000800808e       0x1c ./Drivers/STM32F4xx_HAL_Driver/Src/stm32f4xx_ll_usb.o
                0x000000000800808e                USB_GetMode
 .text.USB_ActivateSetup
                0x00000000080080aa       0x46 ./Drivers/STM32F4xx_HAL_Driver/Src/stm32f4xx_ll_usb.o
                0x00000000080080aa                USB_ActivateSetup
 .text.USB_EP0_OutStart
                0x00000000080080f0       0xbc ./Drivers/STM32F4xx_HAL_Driver/Src/stm32f4xx_ll_usb.o
                0x00000000080080f0                USB_EP0_OutStart
 .text.USB_CoreReset
                0x00000000080081ac       0x68 ./Drivers/STM32F4xx_HAL_Driver/Src/stm32f4xx_ll_usb.o
 .text.USBD_CDC_Init
                0x0000000008008214      0x1f0 ./Middlewares/ST/STM32_USB_Device_Library/Class/CDC/Src/usbd_cdc.o
 .text.USBD_CDC_DeInit
                0x0000000008008404      0x104 ./Middlewares/ST/STM32_USB_Device_Library/Class/CDC/Src/usbd_cdc.o
 .text.USBD_CDC_Setup
                0x0000000008008508      0x1b8 ./Middlewares/ST/STM32_USB_Device_Library/Class/CDC/Src/usbd_cdc.o
 .text.USBD_CDC_DataIn
                0x00000000080086c0       0xfe ./Middlewares/ST/STM32_USB_Device_Library/Class/CDC/Src/usbd_cdc.o
 .text.USBD_CDC_DataOut
                0x00000000080087be       0x70 ./Middlewares/ST/STM32_USB_Device_Library/Class/CDC/Src/usbd_cdc.o
 .text.USBD_CDC_EP0_RxReady
                0x000000000800882e       0x76 ./Middlewares/ST/STM32_USB_Device_Library/Class/CDC/Src/usbd_cdc.o
 .text.USBD_CDC_GetFSCfgDesc
                0x00000000080088a4       0x70 ./Middlewares/ST/STM32_USB_Device_Library/Class/CDC/Src/usbd_cdc.o
 .text.USBD_CDC_GetHSCfgDesc
                0x0000000008008914       0x70 ./Middlewares/ST/STM32_USB_Device_Library/Class/CDC/Src/usbd_cdc.o
 .text.USBD_CDC_GetOtherSpeedCfgDesc
                0x0000000008008984       0x70 ./Middlewares/ST/STM32_USB_Device_Library/Class/CDC/Src/usbd_cdc.o
 .text.USBD_CDC_GetDeviceQualifierDescriptor
                0x00000000080089f4       0x20 ./Middlewares/ST/STM32_USB_Device_Library/Class/CDC/Src/usbd_cdc.o
                0x00000000080089f4                USBD_CDC_GetDeviceQualifierDescriptor
 .text.USBD_CDC_RegisterInterface
                0x0000000008008a14       0x34 ./Middlewares/ST/STM32_USB_Device_Library/Class/CDC/Src/usbd_cdc.o
                0x0000000008008a14                USBD_CDC_RegisterInterface
 .text.USBD_CDC_SetTxBuffer
                0x0000000008008a48       0x44 ./Middlewares/ST/STM32_USB_Device_Library/Class/CDC/Src/usbd_cdc.o
                0x0000000008008a48                USBD_CDC_SetTxBuffer
 .text.USBD_CDC_SetRxBuffer
                0x0000000008008a8c       0x3a ./Middlewares/ST/STM32_USB_Device_Library/Class/CDC/Src/usbd_cdc.o
                0x0000000008008a8c                USBD_CDC_SetRxBuffer
 *fill*         0x0000000008008ac6        0x2 
 .text.USBD_CDC_TransmitPacket
                0x0000000008008ac8       0x8c ./Middlewares/ST/STM32_USB_Device_Library/Class/CDC/Src/usbd_cdc.o
                0x0000000008008ac8                USBD_CDC_TransmitPacket
 .text.USBD_CDC_ReceivePacket
                0x0000000008008b54       0x6c ./Middlewares/ST/STM32_USB_Device_Library/Class/CDC/Src/usbd_cdc.o
                0x0000000008008b54                USBD_CDC_ReceivePacket
 .text.USBD_Init
                0x0000000008008bc0       0x60 ./Middlewares/ST/STM32_USB_Device_Library/Core/Src/usbd_core.o
                0x0000000008008bc0                USBD_Init
 .text.USBD_RegisterClass
                0x0000000008008c20       0x6c ./Middlewares/ST/STM32_USB_Device_Library/Core/Src/usbd_core.o
                0x0000000008008c20                USBD_RegisterClass
 .text.USBD_Start
                0x0000000008008c8c       0x18 ./Middlewares/ST/STM32_USB_Device_Library/Core/Src/usbd_core.o
                0x0000000008008c8c                USBD_Start
 .text.USBD_RunTestMode
                0x0000000008008ca4       0x16 ./Middlewares/ST/STM32_USB_Device_Library/Core/Src/usbd_core.o
                0x0000000008008ca4                USBD_RunTestMode
 .text.USBD_SetClassConfig
                0x0000000008008cba       0x38 ./Middlewares/ST/STM32_USB_Device_Library/Core/Src/usbd_core.o
                0x0000000008008cba                USBD_SetClassConfig
 .text.USBD_ClrClassConfig
                0x0000000008008cf2       0x34 ./Middlewares/ST/STM32_USB_Device_Library/Core/Src/usbd_core.o
                0x0000000008008cf2                USBD_ClrClassConfig
 .text.USBD_LL_SetupStage
                0x0000000008008d26       0xaa ./Middlewares/ST/STM32_USB_Device_Library/Core/Src/usbd_core.o
                0x0000000008008d26                USBD_LL_SetupStage
 .text.USBD_LL_DataOutStage
                0x0000000008008dd0      0x166 ./Middlewares/ST/STM32_USB_Device_Library/Core/Src/usbd_core.o
                0x0000000008008dd0                USBD_LL_DataOutStage
 .text.USBD_LL_DataInStage
                0x0000000008008f36      0x164 ./Middlewares/ST/STM32_USB_Device_Library/Core/Src/usbd_core.o
                0x0000000008008f36                USBD_LL_DataInStage
 .text.USBD_LL_Reset
                0x000000000800909a       0xa4 ./Middlewares/ST/STM32_USB_Device_Library/Core/Src/usbd_core.o
                0x000000000800909a                USBD_LL_Reset
 .text.USBD_LL_SetSpeed
                0x000000000800913e       0x20 ./Middlewares/ST/STM32_USB_Device_Library/Core/Src/usbd_core.o
                0x000000000800913e                USBD_LL_SetSpeed
 .text.USBD_LL_Suspend
                0x000000000800915e       0x2c ./Middlewares/ST/STM32_USB_Device_Library/Core/Src/usbd_core.o
                0x000000000800915e                USBD_LL_Suspend
 .text.USBD_LL_Resume
                0x000000000800918a       0x30 ./Middlewares/ST/STM32_USB_Device_Library/Core/Src/usbd_core.o
                0x000000000800918a                USBD_LL_Resume
 .text.USBD_LL_SOF
                0x00000000080091ba       0x40 ./Middlewares/ST/STM32_USB_Device_Library/Core/Src/usbd_core.o
                0x00000000080091ba                USBD_LL_SOF
 .text.USBD_LL_IsoINIncomplete
                0x00000000080091fa       0x64 ./Middlewares/ST/STM32_USB_Device_Library/Core/Src/usbd_core.o
                0x00000000080091fa                USBD_LL_IsoINIncomplete
 .text.USBD_LL_IsoOUTIncomplete
                0x000000000800925e       0x64 ./Middlewares/ST/STM32_USB_Device_Library/Core/Src/usbd_core.o
                0x000000000800925e                USBD_LL_IsoOUTIncomplete
 .text.USBD_LL_DevConnected
                0x00000000080092c2       0x16 ./Middlewares/ST/STM32_USB_Device_Library/Core/Src/usbd_core.o
                0x00000000080092c2                USBD_LL_DevConnected
 .text.USBD_LL_DevDisconnected
                0x00000000080092d8       0x46 ./Middlewares/ST/STM32_USB_Device_Library/Core/Src/usbd_core.o
                0x00000000080092d8                USBD_LL_DevDisconnected
 .text.USBD_CoreFindIF
                0x000000000800931e       0x1a ./Middlewares/ST/STM32_USB_Device_Library/Core/Src/usbd_core.o
                0x000000000800931e                USBD_CoreFindIF
 .text.USBD_CoreFindEP
                0x0000000008009338       0x1a ./Middlewares/ST/STM32_USB_Device_Library/Core/Src/usbd_core.o
                0x0000000008009338                USBD_CoreFindEP
 .text.USBD_GetEpDesc
                0x0000000008009352       0x74 ./Middlewares/ST/STM32_USB_Device_Library/Core/Src/usbd_core.o
                0x0000000008009352                USBD_GetEpDesc
 .text.USBD_GetNextDesc
                0x00000000080093c6       0x3a ./Middlewares/ST/STM32_USB_Device_Library/Core/Src/usbd_core.o
                0x00000000080093c6                USBD_GetNextDesc
 .text.SWAPBYTE
                0x0000000008009400       0x3c ./Middlewares/ST/STM32_USB_Device_Library/Core/Src/usbd_ctlreq.o
 .text.USBD_StdDevReq
                0x000000000800943c       0xe4 ./Middlewares/ST/STM32_USB_Device_Library/Core/Src/usbd_ctlreq.o
                0x000000000800943c                USBD_StdDevReq
 .text.USBD_StdItfReq
                0x0000000008009520       0xd8 ./Middlewares/ST/STM32_USB_Device_Library/Core/Src/usbd_ctlreq.o
                0x0000000008009520                USBD_StdItfReq
 .text.USBD_StdEPReq
                0x00000000080095f8      0x33a ./Middlewares/ST/STM32_USB_Device_Library/Core/Src/usbd_ctlreq.o
                0x00000000080095f8                USBD_StdEPReq
 *fill*         0x0000000008009932        0x2 
 .text.USBD_GetDescriptor
                0x0000000008009934      0x328 ./Middlewares/ST/STM32_USB_Device_Library/Core/Src/usbd_ctlreq.o
 .text.USBD_SetAddress
                0x0000000008009c5c       0x88 ./Middlewares/ST/STM32_USB_Device_Library/Core/Src/usbd_ctlreq.o
 .text.USBD_SetConfig
                0x0000000008009ce4      0x154 ./Middlewares/ST/STM32_USB_Device_Library/Core/Src/usbd_ctlreq.o
 .text.USBD_GetConfig
                0x0000000008009e38       0x6c ./Middlewares/ST/STM32_USB_Device_Library/Core/Src/usbd_ctlreq.o
 .text.USBD_GetStatus
                0x0000000008009ea4       0x68 ./Middlewares/ST/STM32_USB_Device_Library/Core/Src/usbd_ctlreq.o
 .text.USBD_SetFeature
                0x0000000008009f0c       0x52 ./Middlewares/ST/STM32_USB_Device_Library/Core/Src/usbd_ctlreq.o
 .text.USBD_ClrFeature
                0x0000000008009f5e       0x44 ./Middlewares/ST/STM32_USB_Device_Library/Core/Src/usbd_ctlreq.o
 .text.USBD_ParseSetupRequest
                0x0000000008009fa2       0x74 ./Middlewares/ST/STM32_USB_Device_Library/Core/Src/usbd_ctlreq.o
                0x0000000008009fa2                USBD_ParseSetupRequest
 .text.USBD_CtlError
                0x000000000800a016       0x22 ./Middlewares/ST/STM32_USB_Device_Library/Core/Src/usbd_ctlreq.o
                0x000000000800a016                USBD_CtlError
 .text.USBD_GetString
                0x000000000800a038       0x8c ./Middlewares/ST/STM32_USB_Device_Library/Core/Src/usbd_ctlreq.o
                0x000000000800a038                USBD_GetString
 .text.USBD_GetLen
                0x000000000800a0c4       0x34 ./Middlewares/ST/STM32_USB_Device_Library/Core/Src/usbd_ctlreq.o
 .text.USBD_CtlSendData
                0x000000000800a0f8       0x36 ./Middlewares/ST/STM32_USB_Device_Library/Core/Src/usbd_ioreq.o
                0x000000000800a0f8                USBD_CtlSendData
 .text.USBD_CtlContinueSendData
                0x000000000800a12e       0x22 ./Middlewares/ST/STM32_USB_Device_Library/Core/Src/usbd_ioreq.o
                0x000000000800a12e                USBD_CtlContinueSendData
 .text.USBD_CtlPrepareRx
                0x000000000800a150       0x3a ./Middlewares/ST/STM32_USB_Device_Library/Core/Src/usbd_ioreq.o
                0x000000000800a150                USBD_CtlPrepareRx
 .text.USBD_CtlContinueRx
                0x000000000800a18a       0x22 ./Middlewares/ST/STM32_USB_Device_Library/Core/Src/usbd_ioreq.o
                0x000000000800a18a                USBD_CtlContinueRx
 .text.USBD_CtlSendStatus
                0x000000000800a1ac       0x26 ./Middlewares/ST/STM32_USB_Device_Library/Core/Src/usbd_ioreq.o
                0x000000000800a1ac                USBD_CtlSendStatus
 .text.USBD_CtlReceiveStatus
                0x000000000800a1d2       0x26 ./Middlewares/ST/STM32_USB_Device_Library/Core/Src/usbd_ioreq.o
                0x000000000800a1d2                USBD_CtlReceiveStatus
 .text.MX_USB_DEVICE_Init
                0x000000000800a1f8       0x60 ./USB_DEVICE/App/usb_device.o
                0x000000000800a1f8                MX_USB_DEVICE_Init
 .text.CDC_Init_FS
                0x000000000800a258       0x28 ./USB_DEVICE/App/usbd_cdc_if.o
 .text.CDC_DeInit_FS
                0x000000000800a280       0x10 ./USB_DEVICE/App/usbd_cdc_if.o
 .text.CDC_Control_FS
                0x000000000800a290       0xbc ./USB_DEVICE/App/usbd_cdc_if.o
 .text.CDC_Receive_FS
                0x000000000800a34c       0x54 ./USB_DEVICE/App/usbd_cdc_if.o
 .text.CDC_Transmit_FS
                0x000000000800a3a0       0x4c ./USB_DEVICE/App/usbd_cdc_if.o
                0x000000000800a3a0                CDC_Transmit_FS
 .text.CDC_TransmitCplt_FS
                0x000000000800a3ec       0x22 ./USB_DEVICE/App/usbd_cdc_if.o
 *fill*         0x000000000800a40e        0x2 
 .text.USBD_FS_DeviceDescriptor
                0x000000000800a410       0x24 ./USB_DEVICE/App/usbd_desc.o
                0x000000000800a410                USBD_FS_DeviceDescriptor
 .text.USBD_FS_LangIDStrDescriptor
                0x000000000800a434       0x24 ./USB_DEVICE/App/usbd_desc.o
                0x000000000800a434                USBD_FS_LangIDStrDescriptor
 .text.USBD_FS_ProductStrDescriptor
                0x000000000800a458       0x3c ./USB_DEVICE/App/usbd_desc.o
                0x000000000800a458                USBD_FS_ProductStrDescriptor
 .text.USBD_FS_ManufacturerStrDescriptor
                0x000000000800a494       0x28 ./USB_DEVICE/App/usbd_desc.o
                0x000000000800a494                USBD_FS_ManufacturerStrDescriptor
 .text.USBD_FS_SerialStrDescriptor
                0x000000000800a4bc       0x24 ./USB_DEVICE/App/usbd_desc.o
                0x000000000800a4bc                USBD_FS_SerialStrDescriptor
 .text.USBD_FS_ConfigStrDescriptor
                0x000000000800a4e0       0x3c ./USB_DEVICE/App/usbd_desc.o
                0x000000000800a4e0                USBD_FS_ConfigStrDescriptor
 .text.USBD_FS_InterfaceStrDescriptor
                0x000000000800a51c       0x3c ./USB_DEVICE/App/usbd_desc.o
                0x000000000800a51c                USBD_FS_InterfaceStrDescriptor
 .text.USBD_FS_USR_BOSDescriptor
                0x000000000800a558       0x24 ./USB_DEVICE/App/usbd_desc.o
                0x000000000800a558                USBD_FS_USR_BOSDescriptor
 .text.Get_SerialNum
                0x000000000800a57c       0x58 ./USB_DEVICE/App/usbd_desc.o
 .text.IntToUnicode
                0x000000000800a5d4       0x7e ./USB_DEVICE/App/usbd_desc.o
 *fill*         0x000000000800a652        0x2 
 .text.HAL_PCD_MspInit
                0x000000000800a654       0xf0 ./USB_DEVICE/Target/usbd_conf.o
                0x000000000800a654                HAL_PCD_MspInit
 .text.HAL_PCD_SetupStageCallback
                0x000000000800a744       0x24 ./USB_DEVICE/Target/usbd_conf.o
                0x000000000800a744                HAL_PCD_SetupStageCallback
 .text.HAL_PCD_DataOutStageCallback
                0x000000000800a768       0x36 ./USB_DEVICE/Target/usbd_conf.o
                0x000000000800a768                HAL_PCD_DataOutStageCallback
 .text.HAL_PCD_DataInStageCallback
                0x000000000800a79e       0x34 ./USB_DEVICE/Target/usbd_conf.o
                0x000000000800a79e                HAL_PCD_DataInStageCallback
 .text.HAL_PCD_SOFCallback
                0x000000000800a7d2       0x1c ./USB_DEVICE/Target/usbd_conf.o
                0x000000000800a7d2                HAL_PCD_SOFCallback
 .text.HAL_PCD_ResetCallback
                0x000000000800a7ee       0x50 ./USB_DEVICE/Target/usbd_conf.o
                0x000000000800a7ee                HAL_PCD_ResetCallback
 *fill*         0x000000000800a83e        0x2 
 .text.HAL_PCD_SuspendCallback
                0x000000000800a840       0x4c ./USB_DEVICE/Target/usbd_conf.o
                0x000000000800a840                HAL_PCD_SuspendCallback
 .text.HAL_PCD_ResumeCallback
                0x000000000800a88c       0x1c ./USB_DEVICE/Target/usbd_conf.o
                0x000000000800a88c                HAL_PCD_ResumeCallback
 .text.HAL_PCD_ISOOUTIncompleteCallback
                0x000000000800a8a8       0x24 ./USB_DEVICE/Target/usbd_conf.o
                0x000000000800a8a8                HAL_PCD_ISOOUTIncompleteCallback
 .text.HAL_PCD_ISOINIncompleteCallback
                0x000000000800a8cc       0x24 ./USB_DEVICE/Target/usbd_conf.o
                0x000000000800a8cc                HAL_PCD_ISOINIncompleteCallback
 .text.HAL_PCD_ConnectCallback
                0x000000000800a8f0       0x1c ./USB_DEVICE/Target/usbd_conf.o
                0x000000000800a8f0                HAL_PCD_ConnectCallback
 .text.HAL_PCD_DisconnectCallback
                0x000000000800a90c       0x1c ./USB_DEVICE/Target/usbd_conf.o
                0x000000000800a90c                HAL_PCD_DisconnectCallback
 .text.USBD_LL_Init
                0x000000000800a928       0x98 ./USB_DEVICE/Target/usbd_conf.o
                0x000000000800a928                USBD_LL_Init
 .text.USBD_LL_Start
                0x000000000800a9c0       0x36 ./USB_DEVICE/Target/usbd_conf.o
                0x000000000800a9c0                USBD_LL_Start
 .text.USBD_LL_OpenEP
                0x000000000800a9f6       0x4c ./USB_DEVICE/Target/usbd_conf.o
                0x000000000800a9f6                USBD_LL_OpenEP
 .text.USBD_LL_CloseEP
                0x000000000800aa42       0x3e ./USB_DEVICE/Target/usbd_conf.o
                0x000000000800aa42                USBD_LL_CloseEP
 .text.USBD_LL_StallEP
                0x000000000800aa80       0x3e ./USB_DEVICE/Target/usbd_conf.o
                0x000000000800aa80                USBD_LL_StallEP
 .text.USBD_LL_ClearStallEP
                0x000000000800aabe       0x3e ./USB_DEVICE/Target/usbd_conf.o
                0x000000000800aabe                USBD_LL_ClearStallEP
 .text.USBD_LL_IsStallEP
                0x000000000800aafc       0x58 ./USB_DEVICE/Target/usbd_conf.o
                0x000000000800aafc                USBD_LL_IsStallEP
 .text.USBD_LL_SetUSBAddress
                0x000000000800ab54       0x3e ./USB_DEVICE/Target/usbd_conf.o
                0x000000000800ab54                USBD_LL_SetUSBAddress
 .text.USBD_LL_Transmit
                0x000000000800ab92       0x42 ./USB_DEVICE/Target/usbd_conf.o
                0x000000000800ab92                USBD_LL_Transmit
 .text.USBD_LL_PrepareReceive
                0x000000000800abd4       0x42 ./USB_DEVICE/Target/usbd_conf.o
                0x000000000800abd4                USBD_LL_PrepareReceive
 .text.USBD_LL_GetRxDataSize
                0x000000000800ac16       0x26 ./USB_DEVICE/Target/usbd_conf.o
                0x000000000800ac16                USBD_LL_GetRxDataSize
 .text.HAL_PCDEx_LPM_Callback
                0x000000000800ac3c       0x9c ./USB_DEVICE/Target/usbd_conf.o
                0x000000000800ac3c                HAL_PCDEx_LPM_Callback
 .text.USBD_static_malloc
                0x000000000800acd8       0x1c ./USB_DEVICE/Target/usbd_conf.o
                0x000000000800acd8                USBD_static_malloc
 .text.USBD_static_free
                0x000000000800acf4       0x14 ./USB_DEVICE/Target/usbd_conf.o
                0x000000000800acf4                USBD_static_free
 .text.USBD_Get_USB_Status
                0x000000000800ad08       0x58 ./USB_DEVICE/Target/usbd_conf.o
                0x000000000800ad08                USBD_Get_USB_Status
 .text.__libc_init_array
                0x000000000800ad60       0x48 /opt/st/stm32cubeide_1.9.0/plugins/com.st.stm32cube.ide.mcu.externaltools.gnu-tools-for-stm32.10.3-2021.10.linux64_1.0.0.202111181127/tools/bin/../lib/gcc/arm-none-eabi/10.3.1/../../../../arm-none-eabi/lib/thumb/v7e-m+fp/hard/libc_nano.a(lib_a-init.o)
                0x000000000800ad60                __libc_init_array
 .text.memcpy   0x000000000800ada8       0x1c /opt/st/stm32cubeide_1.9.0/plugins/com.st.stm32cube.ide.mcu.externaltools.gnu-tools-for-stm32.10.3-2021.10.linux64_1.0.0.202111181127/tools/bin/../lib/gcc/arm-none-eabi/10.3.1/../../../../arm-none-eabi/lib/thumb/v7e-m+fp/hard/libc_nano.a(lib_a-memcpy-stub.o)
                0x000000000800ada8                memcpy
 .text.memset   0x000000000800adc4       0x10 /opt/st/stm32cubeide_1.9.0/plugins/com.st.stm32cube.ide.mcu.externaltools.gnu-tools-for-stm32.10.3-2021.10.linux64_1.0.0.202111181127/tools/bin/../lib/gcc/arm-none-eabi/10.3.1/../../../../arm-none-eabi/lib/thumb/v7e-m+fp/hard/libc_nano.a(lib_a-memset.o)
                0x000000000800adc4                memset
 *(.glue_7)
 .glue_7        0x000000000800add4        0x0 linker stubs
 *(.glue_7t)
 .glue_7t       0x000000000800add4        0x0 linker stubs
 *(.eh_frame)
 .eh_frame      0x000000000800add4        0x0 /opt/st/stm32cubeide_1.9.0/plugins/com.st.stm32cube.ide.mcu.externaltools.gnu-tools-for-stm32.10.3-2021.10.linux64_1.0.0.202111181127/tools/bin/../lib/gcc/arm-none-eabi/10.3.1/thumb/v7e-m+fp/hard/crtbegin.o
 *(.init)
 .init          0x000000000800add4        0x4 /opt/st/stm32cubeide_1.9.0/plugins/com.st.stm32cube.ide.mcu.externaltools.gnu-tools-for-stm32.10.3-2021.10.linux64_1.0.0.202111181127/tools/bin/../lib/gcc/arm-none-eabi/10.3.1/thumb/v7e-m+fp/hard/crti.o
                0x000000000800add4                _init
 .init          0x000000000800add8        0x8 /opt/st/stm32cubeide_1.9.0/plugins/com.st.stm32cube.ide.mcu.externaltools.gnu-tools-for-stm32.10.3-2021.10.linux64_1.0.0.202111181127/tools/bin/../lib/gcc/arm-none-eabi/10.3.1/thumb/v7e-m+fp/hard/crtn.o
 *(.fini)
 .fini          0x000000000800ade0        0x4 /opt/st/stm32cubeide_1.9.0/plugins/com.st.stm32cube.ide.mcu.externaltools.gnu-tools-for-stm32.10.3-2021.10.linux64_1.0.0.202111181127/tools/bin/../lib/gcc/arm-none-eabi/10.3.1/thumb/v7e-m+fp/hard/crti.o
                0x000000000800ade0                _fini
 .fini          0x000000000800ade4        0x8 /opt/st/stm32cubeide_1.9.0/plugins/com.st.stm32cube.ide.mcu.externaltools.gnu-tools-for-stm32.10.3-2021.10.linux64_1.0.0.202111181127/tools/bin/../lib/gcc/arm-none-eabi/10.3.1/thumb/v7e-m+fp/hard/crtn.o
                0x000000000800adec                . = ALIGN (0x4)
                0x000000000800adec                _etext = .

.vfp11_veneer   0x000000000800adec        0x0
 .vfp11_veneer  0x000000000800adec        0x0 linker stubs

.v4_bx          0x000000000800adec        0x0
 .v4_bx         0x000000000800adec        0x0 linker stubs

.iplt           0x000000000800adec        0x0
 .iplt          0x000000000800adec        0x0 /opt/st/stm32cubeide_1.9.0/plugins/com.st.stm32cube.ide.mcu.externaltools.gnu-tools-for-stm32.10.3-2021.10.linux64_1.0.0.202111181127/tools/bin/../lib/gcc/arm-none-eabi/10.3.1/thumb/v7e-m+fp/hard/crtbegin.o

.rodata         0x000000000800adec       0xc0
                0x000000000800adec                . = ALIGN (0x4)
 *(.rodata)
 .rodata        0x000000000800adec       0x60 ./Core/Src/main.o
 .rodata        0x000000000800ae4c       0x46 ./USB_DEVICE/App/usbd_desc.o
 *(.rodata*)
 *fill*         0x000000000800ae92        0x2 
 .rodata.AHBPrescTable
                0x000000000800ae94       0x10 ./Core/Src/system_stm32f4xx.o
                0x000000000800ae94                AHBPrescTable
 .rodata.APBPrescTable
                0x000000000800aea4        0x8 ./Core/Src/system_stm32f4xx.o
                0x000000000800aea4                APBPrescTable
                0x000000000800aeac                . = ALIGN (0x4)

.ARM.extab      0x000000000800aeac        0x0
                0x000000000800aeac                . = ALIGN (0x4)
 *(.ARM.extab* .gnu.linkonce.armextab.*)
                0x000000000800aeac                . = ALIGN (0x4)

.ARM            0x000000000800aeac        0x8
                0x000000000800aeac                . = ALIGN (0x4)
                0x000000000800aeac                __exidx_start = .
 *(.ARM.exidx*)
 .ARM.exidx     0x000000000800aeac        0x8 /opt/st/stm32cubeide_1.9.0/plugins/com.st.stm32cube.ide.mcu.externaltools.gnu-tools-for-stm32.10.3-2021.10.linux64_1.0.0.202111181127/tools/bin/../lib/gcc/arm-none-eabi/10.3.1/thumb/v7e-m+fp/hard/libgcc.a(_udivmoddi4.o)
                0x000000000800aeb4                __exidx_end = .
                0x000000000800aeb4                . = ALIGN (0x4)

.rel.dyn        0x000000000800aeb4        0x0
 .rel.iplt      0x000000000800aeb4        0x0 /opt/st/stm32cubeide_1.9.0/plugins/com.st.stm32cube.ide.mcu.externaltools.gnu-tools-for-stm32.10.3-2021.10.linux64_1.0.0.202111181127/tools/bin/../lib/gcc/arm-none-eabi/10.3.1/thumb/v7e-m+fp/hard/crtbegin.o

.preinit_array  0x000000000800aeb4        0x0
                0x000000000800aeb4                . = ALIGN (0x4)
                0x000000000800aeb4                PROVIDE (__preinit_array_start = .)
 *(.preinit_array*)
                0x000000000800aeb4                PROVIDE (__preinit_array_end = .)
                0x000000000800aeb4                . = ALIGN (0x4)

.init_array     0x000000000800aeb4        0x4
                0x000000000800aeb4                . = ALIGN (0x4)
                0x000000000800aeb4                PROVIDE (__init_array_start = .)
 *(SORT_BY_NAME(.init_array.*))
 *(.init_array*)
 .init_array    0x000000000800aeb4        0x4 /opt/st/stm32cubeide_1.9.0/plugins/com.st.stm32cube.ide.mcu.externaltools.gnu-tools-for-stm32.10.3-2021.10.linux64_1.0.0.202111181127/tools/bin/../lib/gcc/arm-none-eabi/10.3.1/thumb/v7e-m+fp/hard/crtbegin.o
                0x000000000800aeb8                PROVIDE (__init_array_end = .)
                0x000000000800aeb8                . = ALIGN (0x4)

.fini_array     0x000000000800aeb8        0x4
                0x000000000800aeb8                . = ALIGN (0x4)
                [!provide]                        PROVIDE (__fini_array_start = .)
 *(SORT_BY_NAME(.fini_array.*))
 *(.fini_array*)
 .fini_array    0x000000000800aeb8        0x4 /opt/st/stm32cubeide_1.9.0/plugins/com.st.stm32cube.ide.mcu.externaltools.gnu-tools-for-stm32.10.3-2021.10.linux64_1.0.0.202111181127/tools/bin/../lib/gcc/arm-none-eabi/10.3.1/thumb/v7e-m+fp/hard/crtbegin.o
                [!provide]                        PROVIDE (__fini_array_end = .)
                0x000000000800aebc                . = ALIGN (0x4)
                0x000000000800aebc                _sidata = LOADADDR (.data)

.data           0x0000000020000000      0x110 load address 0x000000000800aebc
                0x0000000020000000                . = ALIGN (0x4)
                0x0000000020000000                _sdata = .
 *(.data)
 *(.data*)
 .data.data     0x0000000020000000        0x4 ./Core/Src/main.o
                0x0000000020000000                data
 .data.SystemCoreClock
                0x0000000020000004        0x4 ./Core/Src/system_stm32f4xx.o
                0x0000000020000004                SystemCoreClock
 .data.uwTickPrio
                0x0000000020000008        0x4 ./Drivers/STM32F4xx_HAL_Driver/Src/stm32f4xx_hal.o
                0x0000000020000008                uwTickPrio
 .data.uwTickFreq
                0x000000002000000c        0x1 ./Drivers/STM32F4xx_HAL_Driver/Src/stm32f4xx_hal.o
                0x000000002000000c                uwTickFreq
 *fill*         0x000000002000000d        0x3 
 .data.USBD_CDC_DeviceQualifierDesc
                0x0000000020000010        0xa ./Middlewares/ST/STM32_USB_Device_Library/Class/CDC/Src/usbd_cdc.o
 *fill*         0x000000002000001a        0x2 
 .data.USBD_CDC
                0x000000002000001c       0x38 ./Middlewares/ST/STM32_USB_Device_Library/Class/CDC/Src/usbd_cdc.o
                0x000000002000001c                USBD_CDC
 .data.USBD_CDC_CfgDesc
                0x0000000020000054       0x43 ./Middlewares/ST/STM32_USB_Device_Library/Class/CDC/Src/usbd_cdc.o
 .data.CDCInEpAdd
                0x0000000020000097        0x1 ./Middlewares/ST/STM32_USB_Device_Library/Class/CDC/Src/usbd_cdc.o
 .data.CDCOutEpAdd
                0x0000000020000098        0x1 ./Middlewares/ST/STM32_USB_Device_Library/Class/CDC/Src/usbd_cdc.o
 .data.CDCCmdEpAdd
                0x0000000020000099        0x1 ./Middlewares/ST/STM32_USB_Device_Library/Class/CDC/Src/usbd_cdc.o
 *fill*         0x000000002000009a        0x2 
 .data.USBD_Interface_fops_FS
                0x000000002000009c       0x14 ./USB_DEVICE/App/usbd_cdc_if.o
                0x000000002000009c                USBD_Interface_fops_FS
 .data.FS_Desc  0x00000000200000b0       0x20 ./USB_DEVICE/App/usbd_desc.o
                0x00000000200000b0                FS_Desc
 .data.USBD_FS_DeviceDesc
                0x00000000200000d0       0x12 ./USB_DEVICE/App/usbd_desc.o
                0x00000000200000d0                USBD_FS_DeviceDesc
 *fill*         0x00000000200000e2        0x2 
 .data.USBD_FS_BOSDesc
                0x00000000200000e4        0xc ./USB_DEVICE/App/usbd_desc.o
                0x00000000200000e4                USBD_FS_BOSDesc
 .data.USBD_LangIDDesc
                0x00000000200000f0        0x4 ./USB_DEVICE/App/usbd_desc.o
                0x00000000200000f0                USBD_LangIDDesc
 .data.USBD_StringSerial
                0x00000000200000f4       0x1a ./USB_DEVICE/App/usbd_desc.o
                0x00000000200000f4                USBD_StringSerial
 *(.RamFunc)
 *(.RamFunc*)
                0x0000000020000110                . = ALIGN (0x4)
 *fill*         0x000000002000010e        0x2 
                0x0000000020000110                _edata = .

.igot.plt       0x0000000020000110        0x0 load address 0x000000000800afcc
 .igot.plt      0x0000000020000110        0x0 /opt/st/stm32cubeide_1.9.0/plugins/com.st.stm32cube.ide.mcu.externaltools.gnu-tools-for-stm32.10.3-2021.10.linux64_1.0.0.202111181127/tools/bin/../lib/gcc/arm-none-eabi/10.3.1/thumb/v7e-m+fp/hard/crtbegin.o
                0x0000000020000110                . = ALIGN (0x4)

.bss            0x0000000020000110     0x1eb0 load address 0x000000000800afcc
                0x0000000020000110                _sbss = .
                0x0000000020000110                __bss_start__ = _sbss
 *(.bss)
 .bss           0x0000000020000110       0x1c /opt/st/stm32cubeide_1.9.0/plugins/com.st.stm32cube.ide.mcu.externaltools.gnu-tools-for-stm32.10.3-2021.10.linux64_1.0.0.202111181127/tools/bin/../lib/gcc/arm-none-eabi/10.3.1/thumb/v7e-m+fp/hard/crtbegin.o
 *(.bss*)
 .bss.hadc1     0x000000002000012c       0x48 ./Core/Src/main.o
                0x000000002000012c                hadc1
 .bss.htim1     0x0000000020000174       0x48 ./Core/Src/main.o
                0x0000000020000174                htim1
 .bss.htim2     0x00000000200001bc       0x48 ./Core/Src/main.o
                0x00000000200001bc                htim2
 .bss.htim3     0x0000000020000204       0x48 ./Core/Src/main.o
                0x0000000020000204                htim3
 .bss.htim4     0x000000002000024c       0x48 ./Core/Src/main.o
                0x000000002000024c                htim4
 .bss.htim5     0x0000000020000294       0x48 ./Core/Src/main.o
                0x0000000020000294                htim5
 .bss.huart3    0x00000000200002dc       0x44 ./Core/Src/main.o
                0x00000000200002dc                huart3
 .bss.huart6    0x0000000020000320       0x44 ./Core/Src/main.o
                0x0000000020000320                huart6
 .bss.buffer    0x0000000020000364       0x40 ./Core/Src/main.o
                0x0000000020000364                buffer
 .bss.counter   0x00000000200003a4        0x4 ./Core/Src/main.o
                0x00000000200003a4                counter
 .bss.count     0x00000000200003a8        0x2 ./Core/Src/main.o
                0x00000000200003a8                count
 .bss.position  0x00000000200003aa        0x2 ./Core/Src/main.o
                0x00000000200003aa                position
 .bss.indx      0x00000000200003ac        0x4 ./Core/Src/stm32f4xx_it.o
                0x00000000200003ac                indx
 .bss.uwTick    0x00000000200003b0        0x4 ./Drivers/STM32F4xx_HAL_Driver/Src/stm32f4xx_hal.o
                0x00000000200003b0                uwTick
 .bss.cfgidx.0  0x00000000200003b4        0x1 ./Middlewares/ST/STM32_USB_Device_Library/Core/Src/usbd_ctlreq.o
 *fill*         0x00000000200003b5        0x3 
 .bss.hUsbDeviceFS
                0x00000000200003b8      0x2dc ./USB_DEVICE/App/usb_device.o
                0x00000000200003b8                hUsbDeviceFS
 .bss.UserRxBufferFS
                0x0000000020000694      0x800 ./USB_DEVICE/App/usbd_cdc_if.o
                0x0000000020000694                UserRxBufferFS
 .bss.UserTxBufferFS
                0x0000000020000e94      0x800 ./USB_DEVICE/App/usbd_cdc_if.o
                0x0000000020000e94                UserTxBufferFS
 .bss.USBD_StrDesc
                0x0000000020001694      0x200 ./USB_DEVICE/App/usbd_desc.o
                0x0000000020001694                USBD_StrDesc
 .bss.hpcd_USB_OTG_FS
                0x0000000020001894      0x50c ./USB_DEVICE/Target/usbd_conf.o
                0x0000000020001894                hpcd_USB_OTG_FS
 .bss.mem.0     0x0000000020001da0      0x220 ./USB_DEVICE/Target/usbd_conf.o
 *(COMMON)
                0x0000000020001fc0                . = ALIGN (0x4)
                0x0000000020001fc0                _ebss = .
                0x0000000020001fc0                __bss_end__ = _ebss

._user_heap_stack
                0x0000000020001fc0      0x600 load address 0x000000000800afcc
                0x0000000020001fc0                . = ALIGN (0x8)
                [!provide]                        PROVIDE (end = .)
                0x0000000020001fc0                PROVIDE (_end = .)
                0x00000000200021c0                . = (. + _Min_Heap_Size)
 *fill*         0x0000000020001fc0      0x200 
                0x00000000200025c0                . = (. + _Min_Stack_Size)
 *fill*         0x00000000200021c0      0x400 
                0x00000000200025c0                . = ALIGN (0x8)

/DISCARD/
 libc.a(*)
 libm.a(*)
 libgcc.a(*)

.ARM.attributes
                0x0000000000000000       0x30
 *(.ARM.attributes)
 .ARM.attributes
                0x0000000000000000       0x1e /opt/st/stm32cubeide_1.9.0/plugins/com.st.stm32cube.ide.mcu.externaltools.gnu-tools-for-stm32.10.3-2021.10.linux64_1.0.0.202111181127/tools/bin/../lib/gcc/arm-none-eabi/10.3.1/thumb/v7e-m+fp/hard/crti.o
 .ARM.attributes
                0x000000000000001e       0x34 /opt/st/stm32cubeide_1.9.0/plugins/com.st.stm32cube.ide.mcu.externaltools.gnu-tools-for-stm32.10.3-2021.10.linux64_1.0.0.202111181127/tools/bin/../lib/gcc/arm-none-eabi/10.3.1/thumb/v7e-m+fp/hard/crtbegin.o
 .ARM.attributes
                0x0000000000000052       0x34 ./Core/Src/main.o
 .ARM.attributes
                0x0000000000000086       0x34 ./Core/Src/stm32f4xx_hal_msp.o
 .ARM.attributes
                0x00000000000000ba       0x34 ./Core/Src/stm32f4xx_it.o
 .ARM.attributes
                0x00000000000000ee       0x34 ./Core/Src/system_stm32f4xx.o
 .ARM.attributes
                0x0000000000000122       0x21 ./Core/Startup/startup_stm32f446zetx.o
 .ARM.attributes
                0x0000000000000143       0x34 ./Drivers/STM32F4xx_HAL_Driver/Src/stm32f4xx_hal.o
 .ARM.attributes
                0x0000000000000177       0x34 ./Drivers/STM32F4xx_HAL_Driver/Src/stm32f4xx_hal_adc.o
 .ARM.attributes
                0x00000000000001ab       0x34 ./Drivers/STM32F4xx_HAL_Driver/Src/stm32f4xx_hal_cortex.o
 .ARM.attributes
                0x00000000000001df       0x34 ./Drivers/STM32F4xx_HAL_Driver/Src/stm32f4xx_hal_dma.o
 .ARM.attributes
                0x0000000000000213       0x34 ./Drivers/STM32F4xx_HAL_Driver/Src/stm32f4xx_hal_gpio.o
 .ARM.attributes
                0x0000000000000247       0x34 ./Drivers/STM32F4xx_HAL_Driver/Src/stm32f4xx_hal_pcd.o
 .ARM.attributes
                0x000000000000027b       0x34 ./Drivers/STM32F4xx_HAL_Driver/Src/stm32f4xx_hal_pcd_ex.o
 .ARM.attributes
                0x00000000000002af       0x34 ./Drivers/STM32F4xx_HAL_Driver/Src/stm32f4xx_hal_rcc.o
 .ARM.attributes
                0x00000000000002e3       0x34 ./Drivers/STM32F4xx_HAL_Driver/Src/stm32f4xx_hal_rcc_ex.o
 .ARM.attributes
                0x0000000000000317       0x34 ./Drivers/STM32F4xx_HAL_Driver/Src/stm32f4xx_hal_tim.o
 .ARM.attributes
                0x000000000000034b       0x34 ./Drivers/STM32F4xx_HAL_Driver/Src/stm32f4xx_hal_tim_ex.o
 .ARM.attributes
                0x000000000000037f       0x34 ./Drivers/STM32F4xx_HAL_Driver/Src/stm32f4xx_hal_uart.o
 .ARM.attributes
                0x00000000000003b3       0x34 ./Drivers/STM32F4xx_HAL_Driver/Src/stm32f4xx_ll_usb.o
 .ARM.attributes
                0x00000000000003e7       0x34 ./Middlewares/ST/STM32_USB_Device_Library/Class/CDC/Src/usbd_cdc.o
 .ARM.attributes
                0x000000000000041b       0x34 ./Middlewares/ST/STM32_USB_Device_Library/Core/Src/usbd_core.o
 .ARM.attributes
                0x000000000000044f       0x34 ./Middlewares/ST/STM32_USB_Device_Library/Core/Src/usbd_ctlreq.o
 .ARM.attributes
                0x0000000000000483       0x34 ./Middlewares/ST/STM32_USB_Device_Library/Core/Src/usbd_ioreq.o
 .ARM.attributes
                0x00000000000004b7       0x34 ./USB_DEVICE/App/usb_device.o
 .ARM.attributes
                0x00000000000004eb       0x34 ./USB_DEVICE/App/usbd_cdc_if.o
 .ARM.attributes
                0x000000000000051f       0x34 ./USB_DEVICE/App/usbd_desc.o
 .ARM.attributes
                0x0000000000000553       0x34 ./USB_DEVICE/Target/usbd_conf.o
 .ARM.attributes
                0x0000000000000587       0x34 /opt/st/stm32cubeide_1.9.0/plugins/com.st.stm32cube.ide.mcu.externaltools.gnu-tools-for-stm32.10.3-2021.10.linux64_1.0.0.202111181127/tools/bin/../lib/gcc/arm-none-eabi/10.3.1/../../../../arm-none-eabi/lib/thumb/v7e-m+fp/hard/libc_nano.a(lib_a-init.o)
 .ARM.attributes
                0x00000000000005bb       0x34 /opt/st/stm32cubeide_1.9.0/plugins/com.st.stm32cube.ide.mcu.externaltools.gnu-tools-for-stm32.10.3-2021.10.linux64_1.0.0.202111181127/tools/bin/../lib/gcc/arm-none-eabi/10.3.1/../../../../arm-none-eabi/lib/thumb/v7e-m+fp/hard/libc_nano.a(lib_a-memcpy-stub.o)
 .ARM.attributes
                0x00000000000005ef       0x34 /opt/st/stm32cubeide_1.9.0/plugins/com.st.stm32cube.ide.mcu.externaltools.gnu-tools-for-stm32.10.3-2021.10.linux64_1.0.0.202111181127/tools/bin/../lib/gcc/arm-none-eabi/10.3.1/../../../../arm-none-eabi/lib/thumb/v7e-m+fp/hard/libc_nano.a(lib_a-memset.o)
 .ARM.attributes
                0x0000000000000623       0x17 /opt/st/stm32cubeide_1.9.0/plugins/com.st.stm32cube.ide.mcu.externaltools.gnu-tools-for-stm32.10.3-2021.10.linux64_1.0.0.202111181127/tools/bin/../lib/gcc/arm-none-eabi/10.3.1/../../../../arm-none-eabi/lib/thumb/v7e-m+fp/hard/libc_nano.a(lib_a-strlen.o)
 .ARM.attributes
                0x000000000000063a       0x1e /opt/st/stm32cubeide_1.9.0/plugins/com.st.stm32cube.ide.mcu.externaltools.gnu-tools-for-stm32.10.3-2021.10.linux64_1.0.0.202111181127/tools/bin/../lib/gcc/arm-none-eabi/10.3.1/thumb/v7e-m+fp/hard/libgcc.a(_aeabi_uldivmod.o)
 .ARM.attributes
                0x0000000000000658       0x34 /opt/st/stm32cubeide_1.9.0/plugins/com.st.stm32cube.ide.mcu.externaltools.gnu-tools-for-stm32.10.3-2021.10.linux64_1.0.0.202111181127/tools/bin/../lib/gcc/arm-none-eabi/10.3.1/thumb/v7e-m+fp/hard/libgcc.a(_udivmoddi4.o)
 .ARM.attributes
                0x000000000000068c       0x1e /opt/st/stm32cubeide_1.9.0/plugins/com.st.stm32cube.ide.mcu.externaltools.gnu-tools-for-stm32.10.3-2021.10.linux64_1.0.0.202111181127/tools/bin/../lib/gcc/arm-none-eabi/10.3.1/thumb/v7e-m+fp/hard/libgcc.a(_dvmd_tls.o)
 .ARM.attributes
                0x00000000000006aa       0x1e /opt/st/stm32cubeide_1.9.0/plugins/com.st.stm32cube.ide.mcu.externaltools.gnu-tools-for-stm32.10.3-2021.10.linux64_1.0.0.202111181127/tools/bin/../lib/gcc/arm-none-eabi/10.3.1/thumb/v7e-m+fp/hard/crtn.o
OUTPUT(firmware_interiores_v2_nucleo_f446ze.elf elf32-littlearm)
LOAD linker stubs
LOAD /opt/st/stm32cubeide_1.9.0/plugins/com.st.stm32cube.ide.mcu.externaltools.gnu-tools-for-stm32.10.3-2021.10.linux64_1.0.0.202111181127/tools/bin/../lib/gcc/arm-none-eabi/10.3.1/../../../../arm-none-eabi/lib/thumb/v7e-m+fp/hard/libc.a
LOAD /opt/st/stm32cubeide_1.9.0/plugins/com.st.stm32cube.ide.mcu.externaltools.gnu-tools-for-stm32.10.3-2021.10.linux64_1.0.0.202111181127/tools/bin/../lib/gcc/arm-none-eabi/10.3.1/../../../../arm-none-eabi/lib/thumb/v7e-m+fp/hard/libm.a
LOAD /opt/st/stm32cubeide_1.9.0/plugins/com.st.stm32cube.ide.mcu.externaltools.gnu-tools-for-stm32.10.3-2021.10.linux64_1.0.0.202111181127/tools/bin/../lib/gcc/arm-none-eabi/10.3.1/thumb/v7e-m+fp/hard/libgcc.a

.debug_info     0x0000000000000000    0x1a849
 .debug_info    0x0000000000000000     0x1a55 ./Core/Src/main.o
 .debug_info    0x0000000000001a55     0x14db ./Core/Src/stm32f4xx_hal_msp.o
 .debug_info    0x0000000000002f30      0xfbe ./Core/Src/stm32f4xx_it.o
 .debug_info    0x0000000000003eee      0x55b ./Core/Src/system_stm32f4xx.o
 .debug_info    0x0000000000004449       0x22 ./Core/Startup/startup_stm32f446zetx.o
 .debug_info    0x000000000000446b      0x9d2 ./Drivers/STM32F4xx_HAL_Driver/Src/stm32f4xx_hal.o
 .debug_info    0x0000000000004e3d      0xd70 ./Drivers/STM32F4xx_HAL_Driver/Src/stm32f4xx_hal_adc.o
 .debug_info    0x0000000000005bad      0xe39 ./Drivers/STM32F4xx_HAL_Driver/Src/stm32f4xx_hal_cortex.o
 .debug_info    0x00000000000069e6      0x94f ./Drivers/STM32F4xx_HAL_Driver/Src/stm32f4xx_hal_dma.o
 .debug_info    0x0000000000007335      0x7be ./Drivers/STM32F4xx_HAL_Driver/Src/stm32f4xx_hal_gpio.o
 .debug_info    0x0000000000007af3     0x170f ./Drivers/STM32F4xx_HAL_Driver/Src/stm32f4xx_hal_pcd.o
 .debug_info    0x0000000000009202      0x7f3 ./Drivers/STM32F4xx_HAL_Driver/Src/stm32f4xx_hal_pcd_ex.o
 .debug_info    0x00000000000099f5      0x9ab ./Drivers/STM32F4xx_HAL_Driver/Src/stm32f4xx_hal_rcc.o
 .debug_info    0x000000000000a3a0      0x9ec ./Drivers/STM32F4xx_HAL_Driver/Src/stm32f4xx_hal_rcc_ex.o
 .debug_info    0x000000000000ad8c     0x2bbe ./Drivers/STM32F4xx_HAL_Driver/Src/stm32f4xx_hal_tim.o
 .debug_info    0x000000000000d94a     0x15e0 ./Drivers/STM32F4xx_HAL_Driver/Src/stm32f4xx_hal_tim_ex.o
 .debug_info    0x000000000000ef2a     0x31bc ./Drivers/STM32F4xx_HAL_Driver/Src/stm32f4xx_hal_uart.o
 .debug_info    0x00000000000120e6     0x1afb ./Drivers/STM32F4xx_HAL_Driver/Src/stm32f4xx_ll_usb.o
 .debug_info    0x0000000000013be1     0x137e ./Middlewares/ST/STM32_USB_Device_Library/Class/CDC/Src/usbd_cdc.o
 .debug_info    0x0000000000014f5f      0xef5 ./Middlewares/ST/STM32_USB_Device_Library/Core/Src/usbd_core.o
 .debug_info    0x0000000000015e54      0xb8d ./Middlewares/ST/STM32_USB_Device_Library/Core/Src/usbd_ctlreq.o
 .debug_info    0x00000000000169e1      0x7e8 ./Middlewares/ST/STM32_USB_Device_Library/Core/Src/usbd_ioreq.o
 .debug_info    0x00000000000171c9      0x778 ./USB_DEVICE/App/usb_device.o
 .debug_info    0x0000000000017941      0x9fc ./USB_DEVICE/App/usbd_cdc_if.o
 .debug_info    0x000000000001833d      0x505 ./USB_DEVICE/App/usbd_desc.o
 .debug_info    0x0000000000018842     0x2007 ./USB_DEVICE/Target/usbd_conf.o

.debug_abbrev   0x0000000000000000     0x39d6
 .debug_abbrev  0x0000000000000000      0x2e3 ./Core/Src/main.o
 .debug_abbrev  0x00000000000002e3      0x242 ./Core/Src/stm32f4xx_hal_msp.o
 .debug_abbrev  0x0000000000000525      0x236 ./Core/Src/stm32f4xx_it.o
 .debug_abbrev  0x000000000000075b      0x116 ./Core/Src/system_stm32f4xx.o
 .debug_abbrev  0x0000000000000871       0x12 ./Core/Startup/startup_stm32f446zetx.o
 .debug_abbrev  0x0000000000000883      0x20d ./Drivers/STM32F4xx_HAL_Driver/Src/stm32f4xx_hal.o
 .debug_abbrev  0x0000000000000a90      0x244 ./Drivers/STM32F4xx_HAL_Driver/Src/stm32f4xx_hal_adc.o
 .debug_abbrev  0x0000000000000cd4      0x316 ./Drivers/STM32F4xx_HAL_Driver/Src/stm32f4xx_hal_cortex.o
 .debug_abbrev  0x0000000000000fea      0x25b ./Drivers/STM32F4xx_HAL_Driver/Src/stm32f4xx_hal_dma.o
 .debug_abbrev  0x0000000000001245      0x1c4 ./Drivers/STM32F4xx_HAL_Driver/Src/stm32f4xx_hal_gpio.o
 .debug_abbrev  0x0000000000001409      0x2d2 ./Drivers/STM32F4xx_HAL_Driver/Src/stm32f4xx_hal_pcd.o
 .debug_abbrev  0x00000000000016db      0x1ce ./Drivers/STM32F4xx_HAL_Driver/Src/stm32f4xx_hal_pcd_ex.o
 .debug_abbrev  0x00000000000018a9      0x2aa ./Drivers/STM32F4xx_HAL_Driver/Src/stm32f4xx_hal_rcc.o
 .debug_abbrev  0x0000000000001b53      0x1fb ./Drivers/STM32F4xx_HAL_Driver/Src/stm32f4xx_hal_rcc_ex.o
 .debug_abbrev  0x0000000000001d4e      0x25d ./Drivers/STM32F4xx_HAL_Driver/Src/stm32f4xx_hal_tim.o
 .debug_abbrev  0x0000000000001fab      0x265 ./Drivers/STM32F4xx_HAL_Driver/Src/stm32f4xx_hal_tim_ex.o
 .debug_abbrev  0x0000000000002210      0x2f4 ./Drivers/STM32F4xx_HAL_Driver/Src/stm32f4xx_hal_uart.o
 .debug_abbrev  0x0000000000002504      0x296 ./Drivers/STM32F4xx_HAL_Driver/Src/stm32f4xx_ll_usb.o
 .debug_abbrev  0x000000000000279a      0x2be ./Middlewares/ST/STM32_USB_Device_Library/Class/CDC/Src/usbd_cdc.o
 .debug_abbrev  0x0000000000002a58      0x263 ./Middlewares/ST/STM32_USB_Device_Library/Core/Src/usbd_core.o
 .debug_abbrev  0x0000000000002cbb      0x25c ./Middlewares/ST/STM32_USB_Device_Library/Core/Src/usbd_ctlreq.o
 .debug_abbrev  0x0000000000002f17      0x18a ./Middlewares/ST/STM32_USB_Device_Library/Core/Src/usbd_ioreq.o
 .debug_abbrev  0x00000000000030a1      0x18a ./USB_DEVICE/App/usb_device.o
 .debug_abbrev  0x000000000000322b      0x2a6 ./USB_DEVICE/App/usbd_cdc_if.o
 .debug_abbrev  0x00000000000034d1      0x1da ./USB_DEVICE/App/usbd_desc.o
 .debug_abbrev  0x00000000000036ab      0x32b ./USB_DEVICE/Target/usbd_conf.o

.debug_aranges  0x0000000000000000     0x1538
 .debug_aranges
                0x0000000000000000       0x80 ./Core/Src/main.o
 .debug_aranges
                0x0000000000000080       0x68 ./Core/Src/stm32f4xx_hal_msp.o
 .debug_aranges
                0x00000000000000e8       0x90 ./Core/Src/stm32f4xx_it.o
 .debug_aranges
                0x0000000000000178       0x28 ./Core/Src/system_stm32f4xx.o
 .debug_aranges
                0x00000000000001a0       0x28 ./Core/Startup/startup_stm32f446zetx.o
 .debug_aranges
                0x00000000000001c8       0xf0 ./Drivers/STM32F4xx_HAL_Driver/Src/stm32f4xx_hal.o
 .debug_aranges
                0x00000000000002b8       0xe8 ./Drivers/STM32F4xx_HAL_Driver/Src/stm32f4xx_hal_adc.o
 .debug_aranges
                0x00000000000003a0      0x118 ./Drivers/STM32F4xx_HAL_Driver/Src/stm32f4xx_hal_cortex.o
 .debug_aranges
                0x00000000000004b8       0x90 ./Drivers/STM32F4xx_HAL_Driver/Src/stm32f4xx_hal_dma.o
 .debug_aranges
                0x0000000000000548       0x58 ./Drivers/STM32F4xx_HAL_Driver/Src/stm32f4xx_hal_gpio.o
 .debug_aranges
                0x00000000000005a0      0x148 ./Drivers/STM32F4xx_HAL_Driver/Src/stm32f4xx_hal_pcd.o
 .debug_aranges
                0x00000000000006e8       0x48 ./Drivers/STM32F4xx_HAL_Driver/Src/stm32f4xx_hal_pcd_ex.o
 .debug_aranges
                0x0000000000000730       0x88 ./Drivers/STM32F4xx_HAL_Driver/Src/stm32f4xx_hal_rcc.o
 .debug_aranges
                0x00000000000007b8       0x78 ./Drivers/STM32F4xx_HAL_Driver/Src/stm32f4xx_hal_rcc_ex.o
 .debug_aranges
                0x0000000000000830      0x3d0 ./Drivers/STM32F4xx_HAL_Driver/Src/stm32f4xx_hal_tim.o
 .debug_aranges
                0x0000000000000c00      0x168 ./Drivers/STM32F4xx_HAL_Driver/Src/stm32f4xx_hal_tim_ex.o
 .debug_aranges
                0x0000000000000d68      0x200 ./Drivers/STM32F4xx_HAL_Driver/Src/stm32f4xx_hal_uart.o
 .debug_aranges
                0x0000000000000f68      0x1a0 ./Drivers/STM32F4xx_HAL_Driver/Src/stm32f4xx_ll_usb.o
 .debug_aranges
                0x0000000000001108       0x90 ./Middlewares/ST/STM32_USB_Device_Library/Class/CDC/Src/usbd_cdc.o
 .debug_aranges
                0x0000000000001198       0xd8 ./Middlewares/ST/STM32_USB_Device_Library/Core/Src/usbd_core.o
 .debug_aranges
                0x0000000000001270       0x90 ./Middlewares/ST/STM32_USB_Device_Library/Core/Src/usbd_ctlreq.o
 .debug_aranges
                0x0000000000001300       0x50 ./Middlewares/ST/STM32_USB_Device_Library/Core/Src/usbd_ioreq.o
 .debug_aranges
                0x0000000000001350       0x20 ./USB_DEVICE/App/usb_device.o
 .debug_aranges
                0x0000000000001370       0x48 ./USB_DEVICE/App/usbd_cdc_if.o
 .debug_aranges
                0x00000000000013b8       0x68 ./USB_DEVICE/App/usbd_desc.o
 .debug_aranges
                0x0000000000001420      0x118 ./USB_DEVICE/Target/usbd_conf.o

.debug_ranges   0x0000000000000000     0x13d0
 .debug_ranges  0x0000000000000000       0x70 ./Core/Src/main.o
 .debug_ranges  0x0000000000000070       0x58 ./Core/Src/stm32f4xx_hal_msp.o
 .debug_ranges  0x00000000000000c8       0x80 ./Core/Src/stm32f4xx_it.o
 .debug_ranges  0x0000000000000148       0x18 ./Core/Src/system_stm32f4xx.o
 .debug_ranges  0x0000000000000160       0x20 ./Core/Startup/startup_stm32f446zetx.o
 .debug_ranges  0x0000000000000180       0xe0 ./Drivers/STM32F4xx_HAL_Driver/Src/stm32f4xx_hal.o
 .debug_ranges  0x0000000000000260       0xd8 ./Drivers/STM32F4xx_HAL_Driver/Src/stm32f4xx_hal_adc.o
 .debug_ranges  0x0000000000000338      0x108 ./Drivers/STM32F4xx_HAL_Driver/Src/stm32f4xx_hal_cortex.o
 .debug_ranges  0x0000000000000440       0x80 ./Drivers/STM32F4xx_HAL_Driver/Src/stm32f4xx_hal_dma.o
 .debug_ranges  0x00000000000004c0       0x48 ./Drivers/STM32F4xx_HAL_Driver/Src/stm32f4xx_hal_gpio.o
 .debug_ranges  0x0000000000000508      0x138 ./Drivers/STM32F4xx_HAL_Driver/Src/stm32f4xx_hal_pcd.o
 .debug_ranges  0x0000000000000640       0x38 ./Drivers/STM32F4xx_HAL_Driver/Src/stm32f4xx_hal_pcd_ex.o
 .debug_ranges  0x0000000000000678       0x78 ./Drivers/STM32F4xx_HAL_Driver/Src/stm32f4xx_hal_rcc.o
 .debug_ranges  0x00000000000006f0       0x68 ./Drivers/STM32F4xx_HAL_Driver/Src/stm32f4xx_hal_rcc_ex.o
 .debug_ranges  0x0000000000000758      0x3c0 ./Drivers/STM32F4xx_HAL_Driver/Src/stm32f4xx_hal_tim.o
 .debug_ranges  0x0000000000000b18      0x158 ./Drivers/STM32F4xx_HAL_Driver/Src/stm32f4xx_hal_tim_ex.o
 .debug_ranges  0x0000000000000c70      0x220 ./Drivers/STM32F4xx_HAL_Driver/Src/stm32f4xx_hal_uart.o
 .debug_ranges  0x0000000000000e90      0x190 ./Drivers/STM32F4xx_HAL_Driver/Src/stm32f4xx_ll_usb.o
 .debug_ranges  0x0000000000001020       0x80 ./Middlewares/ST/STM32_USB_Device_Library/Class/CDC/Src/usbd_cdc.o
 .debug_ranges  0x00000000000010a0       0xc8 ./Middlewares/ST/STM32_USB_Device_Library/Core/Src/usbd_core.o
 .debug_ranges  0x0000000000001168       0x80 ./Middlewares/ST/STM32_USB_Device_Library/Core/Src/usbd_ctlreq.o
 .debug_ranges  0x00000000000011e8       0x40 ./Middlewares/ST/STM32_USB_Device_Library/Core/Src/usbd_ioreq.o
 .debug_ranges  0x0000000000001228       0x10 ./USB_DEVICE/App/usb_device.o
 .debug_ranges  0x0000000000001238       0x38 ./USB_DEVICE/App/usbd_cdc_if.o
 .debug_ranges  0x0000000000001270       0x58 ./USB_DEVICE/App/usbd_desc.o
 .debug_ranges  0x00000000000012c8      0x108 ./USB_DEVICE/Target/usbd_conf.o

.debug_macro    0x0000000000000000    0x26920
 .debug_macro   0x0000000000000000      0x45e ./Core/Src/main.o
 .debug_macro   0x000000000000045e      0xa78 ./Core/Src/main.o
 .debug_macro   0x0000000000000ed6      0x2a7 ./Core/Src/main.o
 .debug_macro   0x000000000000117d       0x2e ./Core/Src/main.o
 .debug_macro   0x00000000000011ab       0x28 ./Core/Src/main.o
 .debug_macro   0x00000000000011d3       0x22 ./Core/Src/main.o
 .debug_macro   0x00000000000011f5       0x8e ./Core/Src/main.o
 .debug_macro   0x0000000000001283       0x51 ./Core/Src/main.o
 .debug_macro   0x00000000000012d4      0x103 ./Core/Src/main.o
 .debug_macro   0x00000000000013d7       0x6a ./Core/Src/main.o
 .debug_macro   0x0000000000001441      0x1df ./Core/Src/main.o
 .debug_macro   0x0000000000001620       0x1c ./Core/Src/main.o
 .debug_macro   0x000000000000163c       0x22 ./Core/Src/main.o
 .debug_macro   0x000000000000165e       0xd9 ./Core/Src/main.o
 .debug_macro   0x0000000000001737     0x102d ./Core/Src/main.o
 .debug_macro   0x0000000000002764      0x11f ./Core/Src/main.o
 .debug_macro   0x0000000000002883    0x16749 ./Core/Src/main.o
 .debug_macro   0x0000000000018fcc       0x6d ./Core/Src/main.o
 .debug_macro   0x0000000000019039     0x367e ./Core/Src/main.o
 .debug_macro   0x000000000001c6b7      0x174 ./Core/Src/main.o
 .debug_macro   0x000000000001c82b       0x5c ./Core/Src/main.o
 .debug_macro   0x000000000001c887      0xc90 ./Core/Src/main.o
 .debug_macro   0x000000000001d517      0x9fe ./Core/Src/main.o
 .debug_macro   0x000000000001df15      0x115 ./Core/Src/main.o
 .debug_macro   0x000000000001e02a      0x1a0 ./Core/Src/main.o
 .debug_macro   0x000000000001e1ca       0xa5 ./Core/Src/main.o
 .debug_macro   0x000000000001e26f      0x16d ./Core/Src/main.o
 .debug_macro   0x000000000001e3dc      0x287 ./Core/Src/main.o
 .debug_macro   0x000000000001e663       0x5f ./Core/Src/main.o
 .debug_macro   0x000000000001e6c2      0x236 ./Core/Src/main.o
 .debug_macro   0x000000000001e8f8      0xb5b ./Core/Src/main.o
 .debug_macro   0x000000000001f453      0x38b ./Core/Src/main.o
 .debug_macro   0x000000000001f7de      0x17d ./Core/Src/main.o
 .debug_macro   0x000000000001f95b       0xf9 ./Core/Src/main.o
 .debug_macro   0x000000000001fa54      0x132 ./Core/Src/main.o
 .debug_macro   0x000000000001fb86      0x29c ./Core/Src/main.o
 .debug_macro   0x000000000001fe22       0x2e ./Core/Src/main.o
 .debug_macro   0x000000000001fe50      0x11a ./Core/Src/main.o
 .debug_macro   0x000000000001ff6a       0xe8 ./Core/Src/main.o
 .debug_macro   0x0000000000020052       0x89 ./Core/Src/main.o
 .debug_macro   0x00000000000200db      0x8e6 ./Core/Src/main.o
 .debug_macro   0x00000000000209c1       0x4d ./Core/Src/main.o
 .debug_macro   0x0000000000020a0e      0x295 ./Core/Src/main.o
 .debug_macro   0x0000000000020ca3      0x248 ./Core/Src/main.o
 .debug_macro   0x0000000000020eeb       0xba ./Core/Src/main.o
 .debug_macro   0x0000000000020fa5      0x126 ./Core/Src/main.o
 .debug_macro   0x00000000000210cb       0x94 ./Core/Src/main.o
 .debug_macro   0x000000000002115f       0x52 ./Core/Src/main.o
 .debug_macro   0x00000000000211b1       0x1e ./Core/Src/main.o
 .debug_macro   0x00000000000211cf       0x3c ./Core/Src/main.o
 .debug_macro   0x000000000002120b       0x34 ./Core/Src/main.o
 .debug_macro   0x000000000002123f       0x16 ./Core/Src/main.o
 .debug_macro   0x0000000000021255       0x35 ./Core/Src/main.o
 .debug_macro   0x000000000002128a      0x341 ./Core/Src/main.o
 .debug_macro   0x00000000000215cb       0x10 ./Core/Src/main.o
 .debug_macro   0x00000000000215db       0x16 ./Core/Src/main.o
 .debug_macro   0x00000000000215f1       0x43 ./Core/Src/main.o
 .debug_macro   0x0000000000021634       0x34 ./Core/Src/main.o
 .debug_macro   0x0000000000021668       0x10 ./Core/Src/main.o
 .debug_macro   0x0000000000021678       0x58 ./Core/Src/main.o
 .debug_macro   0x00000000000216d0       0x71 ./Core/Src/main.o
 .debug_macro   0x0000000000021741       0x1c ./Core/Src/main.o
 .debug_macro   0x000000000002175d      0x12a ./Core/Src/main.o
 .debug_macro   0x0000000000021887       0x10 ./Core/Src/main.o