../Core/Inc/IMU.h:5:6:parse_data	16	static
../Core/Inc/IMU.h:37:6:calculate	32	static
../Core/Src/main.c:355:6:HAL_UART_RxCpltCallback	16	static
../Core/Src/main.c:366:6:HAL_GPIO_EXTI_Callback	16	static
../Core/Src/main.c:370:6:HAL_ADC_ConvCpltCallback	16	static
../Core/Src/main.c:419:5:main	8	static
../Core/Src/main.c:577:6:SystemClock_Config	88	static
../Core/Src/main.c:624:13:MX_ADC1_Init	24	static
../Core/Src/main.c:676:13:MX_I2C1_Init	8	static
../Core/Src/main.c:710:13:MX_TIM2_Init	32	static
../Core/Src/main.c:755:13:MX_TIM3_Init	64	static
../Core/Src/main.c:814:13:MX_USART2_UART_Init	8	static
../Core/Src/main.c:847:13:MX_USART3_UART_Init	8	static
../Core/Src/main.c:880:13:MX_USART6_UART_Init	8	static
../Core/Src/main.c:913:13:MX_GPIO_Init	56	static
../Core/Src/main.c:978:6:HAL_TIM_PeriodElapsedCallback	48	static
../Core/Src/main.c:993:6:reset_Odometry	16	static
../Core/Src/main.c:1031:6:odometryUpdater	48	static
../Core/Src/main.c:1110:6:setAngleCamera	24	static
../Core/Src/main.c:1117:6:setSpeed	40	static
../Core/Src/main.c:1173:7:map	40	static
../Core/Src/main.c:1179:6:setPower	24	static
../Core/Src/main.c:1195:9:Read_Encoder_Count	40	static
../Core/Src/main.c:1210:6:Read_Encoder_Speed	48	static
../Core/Src/main.c:1241:6:Read_Encoder_ISpeed	56	static
../Core/Src/main.c:1270:6:Read_Both_Encoder_Counts	56	static
../Core/Src/main.c:1307:6:Drive_M1_M2_With_Signed_Speed	48	static
../Core/Src/main.c:1339:6:Set_Max_Motor_Current	48	static
../Core/Src/main.c:1374:5:Check_Status_Roboclaws	16	static
../Core/Src/main.c:1390:6:Roboclaw1_State	32	static
../Core/Src/main.c:1438:6:Roboclaw2_State	32	static
../Core/Src/main.c:1483:6:Read_Status	48	static
../Core/Src/main.c:1514:6:Read_Main_battery_Voltage	40	static
../Core/Src/main.c:1541:6:Read_Motor_Currents	48	static
../Core/Src/main.c:1569:6:Reset_Encoder_Counters	32	static
../Core/Src/main.c:1592:6:roboclaw1_init	24	static
../Core/Src/main.c:1614:6:roboclaw2_init	24	static
../Core/Src/main.c:1637:10:crc16	32	static
../Core/Src/main.c:1661:6:Error_Handler	4	static,ignoring_inline_asm
