../Core/Src/stm32f4xx_it.c:186:6:NMI_Handler	4	static
../Core/Src/stm32f4xx_it.c:201:6:HardFault_Handler	4	static
../Core/Src/stm32f4xx_it.c:216:6:MemManage_Handler	4	static
../Core/Src/stm32f4xx_it.c:231:6:BusFault_Handler	4	static
../Core/Src/stm32f4xx_it.c:246:6:UsageFault_Handler	4	static
../Core/Src/stm32f4xx_it.c:261:6:SVC_Handler	4	static
../Core/Src/stm32f4xx_it.c:274:6:DebugMon_Handler	4	static
../Core/Src/stm32f4xx_it.c:287:6:PendSV_Handler	4	static
../Core/Src/stm32f4xx_it.c:300:6:SysTick_Handler	8	static
../Core/Src/stm32f4xx_it.c:327:6:ADC_IRQHandler	8	static
../Core/Src/stm32f4xx_it.c:341:6:TIM2_IRQHandler	8	static
../Core/Src/stm32f4xx_it.c:355:6:USART2_IRQHandler	8	static
../Core/Src/stm32f4xx_it.c:369:6:USART3_IRQHandler	8	static
../Core/Src/stm32f4xx_it.c:383:6:EXTI15_10_IRQHandler	8	static
../Core/Src/stm32f4xx_it.c:397:6:OTG_FS_IRQHandler	8	static
../Core/Src/stm32f4xx_it.c:411:6:USART6_IRQHandler	8	static
