../Core/Inc/IMU.h:5:6:parse_data	16	static
../Core/Inc/IMU.h:37:6:calculate	32	static
../Core/Src/main.c:325:6:HAL_UART_RxCpltCallback	24	static
../Core/Src/main.c:380:5:main	8	static
../Core/Src/main.c:519:6:SystemClock_Config	88	static
../Core/Src/main.c:566:13:MX_ADC1_Init	24	static
../Core/Src/main.c:618:13:MX_I2C1_Init	8	static
../Core/Src/main.c:652:13:MX_TIM2_Init	32	static
../Core/Src/main.c:697:13:MX_USART2_UART_Init	8	static
../Core/Src/main.c:730:13:MX_USART3_UART_Init	8	static
../Core/Src/main.c:763:13:MX_USART6_UART_Init	8	static
../Core/Src/main.c:796:13:MX_GPIO_Init	56	static
../Core/Src/main.c:855:6:HAL_TIM_PeriodElapsedCallback	48	static
../Core/Src/main.c:867:6:reset_Odometry	16	static
../Core/Src/main.c:888:6:odometryUpdater	72	static
../Core/Src/main.c:1001:6:setSpeed	32	static
../Core/Src/main.c:1055:7:map	40	static
../Core/Src/main.c:1061:6:setPower	24	static
../Core/Src/main.c:1077:9:Read_Encoder_Count	40	static
../Core/Src/main.c:1092:6:Read_Encoder_Speed	48	static
../Core/Src/main.c:1123:6:Read_Encoder_ISpeed	56	static
../Core/Src/main.c:1152:6:Read_Both_Encoder_Counts	56	static
../Core/Src/main.c:1189:6:Drive_M1_M2_With_Signed_Speed	48	static
../Core/Src/main.c:1221:6:Set_Max_Motor_Current	48	static
../Core/Src/main.c:1256:5:Check_Status_Roboclaws	16	static
../Core/Src/main.c:1272:6:Roboclaw1_State	32	static
../Core/Src/main.c:1313:6:Roboclaw2_State	32	static
../Core/Src/main.c:1353:6:Read_Status	48	static
../Core/Src/main.c:1384:6:Read_Main_battery_Voltage	40	static
../Core/Src/main.c:1411:6:Read_Motor_Currents	48	static
../Core/Src/main.c:1439:6:Reset_Encoder_Counters	32	static
../Core/Src/main.c:1462:6:roboclaw1_init	24	static
../Core/Src/main.c:1484:6:roboclaw2_init	24	static
../Core/Src/main.c:1507:10:crc16	32	static
../Core/Src/main.c:1531:6:Error_Handler	4	static,ignoring_inline_asm
