../Core/Src/main.c:253:6:HAL_TIM_IC_CaptureCallback	16	static
../Core/Src/main.c:281:5:main	8	static
../Core/Src/main.c:518:6:SystemClock_Config	88	static
../Core/Src/main.c:565:13:MX_ADC1_Init	24	static
../Core/Src/main.c:617:13:MX_I2C1_Init	8	static
../Core/Src/main.c:651:13:MX_TIM1_Init	96	static
../Core/Src/main.c:738:13:MX_TIM2_Init	56	static
../Core/Src/main.c:787:13:MX_TIM3_Init	56	static
../Core/Src/main.c:836:13:MX_TIM4_Init	56	static
../Core/Src/main.c:885:13:MX_TIM5_Init	56	static
../Core/Src/main.c:934:13:MX_USART3_UART_Init	8	static
../Core/Src/main.c:967:13:MX_USART6_UART_Init	8	static
../Core/Src/main.c:1000:13:MX_GPIO_Init	56	static
../Core/Src/main.c:1039:7:build_buffer	64	static
../Core/Src/main.c:1069:6:setPower	24	static
../Core/Src/main.c:1089:6:Error_Handler	4	static,ignoring_inline_asm
