../Core/Src/MPU9250.c:11:6:MPU9250_beginAccel	16	static
../Core/Src/MPU9250.c:33:6:MPU9250_beginGyro	16	static
../Core/Src/MPU9250.c:60:9:MPU9250_accelUpdate	8	static
../Core/Src/MPU9250.c:72:7:MPU9250_accelGet	24	static
../Core/Src/MPU9250.c:77:7:MPU9250_accelSqrt	16	static
../Core/Src/MPU9250.c:83:7:MPU9250_accelX	8	static
../Core/Src/MPU9250.c:87:7:MPU9250_accelY	8	static
../Core/Src/MPU9250.c:91:7:MPU9250_accelZ	8	static
../Core/Src/MPU9250.c:96:9:MPU9250_gyroUpdate	8	static
../Core/Src/MPU9250.c:107:7:MPU9250_gyroGet	24	static
../Core/Src/MPU9250.c:112:7:MPU9250_gyroX	8	static
../Core/Src/MPU9250.c:116:7:MPU9250_gyroY	8	static
../Core/Src/MPU9250.c:120:7:MPU9250_gyroZ	8	static
../Core/Src/MPU9250.c:126:9:MPU9250_magGet	16	static
../Core/Src/MPU9250.c:131:6:magSetMode	16	static
../Core/Src/MPU9250.c:136:6:magReadAdjustValues	16	static
../Core/Src/MPU9250.c:151:6:magWakeup	16	static
../Core/Src/MPU9250.c:159:6:magEnableSlaveMode	16	static
../Core/Src/MPU9250.c:168:7:adjustMagValue	24	static
../Core/Src/MPU9250.c:172:7:MPU9250_magX	8	static
../Core/Src/MPU9250.c:176:7:MPU9250_magY	8	static
../Core/Src/MPU9250.c:180:7:MPU9250_magZ	8	static
../Core/Src/MPU9250.c:184:7:MPU9250_magHorizDirection	16	static
../Core/Src/MPU9250.c:188:9:MPU9250_magUpdate	8	static
../Core/Src/MPU9250.c:202:6:MPU9250_beginMag	16	static
