../Core/Src/stm32f4xx_it.c:156:6:NMI_Handler	4	static
../Core/Src/stm32f4xx_it.c:171:6:HardFault_Handler	4	static
../Core/Src/stm32f4xx_it.c:186:6:MemManage_Handler	4	static
../Core/Src/stm32f4xx_it.c:201:6:BusFault_Handler	4	static
../Core/Src/stm32f4xx_it.c:216:6:UsageFault_Handler	4	static
../Core/Src/stm32f4xx_it.c:231:6:SVC_Handler	4	static
../Core/Src/stm32f4xx_it.c:244:6:DebugMon_Handler	4	static
../Core/Src/stm32f4xx_it.c:257:6:PendSV_Handler	4	static
../Core/Src/stm32f4xx_it.c:270:6:SysTick_Handler	8	static
../Core/Src/stm32f4xx_it.c:324:6:TIM2_IRQHandler	8	static
../Core/Src/stm32f4xx_it.c:338:6:TIM3_IRQHandler	8	static
../Core/Src/stm32f4xx_it.c:352:6:TIM4_IRQHandler	8	static
../Core/Src/stm32f4xx_it.c:366:6:TIM5_IRQHandler	8	static
../Core/Src/stm32f4xx_it.c:380:6:OTG_FS_IRQHandler	8	static
../Core/Src/stm32f4xx_it.c:394:6:USART6_IRQHandler	8	static
../Core/Src/stm32f4xx_it.c:407:6:odometryUpdater	40	static
../Core/Src/stm32f4xx_it.c:463:6:setSpeed	24	static
../Core/Src/stm32f4xx_it.c:502:7:map	40	static
