../Core/Inc/IMU.h:5:6:parse_data	16	static
../Core/Inc/IMU.h:37:6:calculate	32	static
../Core/Src/main.c:339:6:HAL_UART_RxCpltCallback	16	static
../Core/Src/main.c:350:6:HAL_GPIO_EXTI_Callback	16	static
../Core/Src/main.c:398:5:main	8	static
../Core/Src/main.c:548:6:SystemClock_Config	88	static
../Core/Src/main.c:595:13:MX_ADC1_Init	24	static
../Core/Src/main.c:647:13:MX_I2C1_Init	8	static
../Core/Src/main.c:681:13:MX_TIM2_Init	32	static
../Core/Src/main.c:726:13:MX_USART2_UART_Init	8	static
../Core/Src/main.c:759:13:MX_USART3_UART_Init	8	static
../Core/Src/main.c:792:13:MX_USART6_UART_Init	8	static
../Core/Src/main.c:825:13:MX_GPIO_Init	56	static
../Core/Src/main.c:898:6:HAL_TIM_PeriodElapsedCallback	48	static
../Core/Src/main.c:913:6:reset_Odometry	16	static
../Core/Src/main.c:951:6:odometryUpdater	56	static
../Core/Src/main.c:1159:6:setSpeed	32	static
../Core/Src/main.c:1213:7:map	40	static
../Core/Src/main.c:1219:6:setPower	24	static
../Core/Src/main.c:1235:9:Read_Encoder_Count	40	static
../Core/Src/main.c:1250:6:Read_Encoder_Speed	48	static
../Core/Src/main.c:1281:6:Read_Encoder_ISpeed	56	static
../Core/Src/main.c:1310:6:Read_Both_Encoder_Counts	56	static
../Core/Src/main.c:1347:6:Drive_M1_M2_With_Signed_Speed	48	static
../Core/Src/main.c:1379:6:Set_Max_Motor_Current	48	static
../Core/Src/main.c:1414:5:Check_Status_Roboclaws	16	static
../Core/Src/main.c:1430:6:Roboclaw1_State	32	static
../Core/Src/main.c:1471:6:Roboclaw2_State	32	static
../Core/Src/main.c:1511:6:Read_Status	48	static
../Core/Src/main.c:1542:6:Read_Main_battery_Voltage	40	static
../Core/Src/main.c:1569:6:Read_Motor_Currents	48	static
../Core/Src/main.c:1597:6:Reset_Encoder_Counters	32	static
../Core/Src/main.c:1620:6:roboclaw1_init	24	static
../Core/Src/main.c:1642:6:roboclaw2_init	24	static
../Core/Src/main.c:1665:10:crc16	32	static
../Core/Src/main.c:1689:6:Error_Handler	4	static,ignoring_inline_asm
