../Core/Src/stm32f4xx_it.c:185:6:NMI_Handler	4	static
../Core/Src/stm32f4xx_it.c:200:6:HardFault_Handler	4	static
../Core/Src/stm32f4xx_it.c:215:6:MemManage_Handler	4	static
../Core/Src/stm32f4xx_it.c:230:6:BusFault_Handler	4	static
../Core/Src/stm32f4xx_it.c:245:6:UsageFault_Handler	4	static
../Core/Src/stm32f4xx_it.c:260:6:SVC_Handler	4	static
../Core/Src/stm32f4xx_it.c:273:6:DebugMon_Handler	4	static
../Core/Src/stm32f4xx_it.c:286:6:PendSV_Handler	4	static
../Core/Src/stm32f4xx_it.c:299:6:SysTick_Handler	8	static
../Core/Src/stm32f4xx_it.c:326:6:TIM2_IRQHandler	8	static
../Core/Src/stm32f4xx_it.c:340:6:USART2_IRQHandler	8	static
../Core/Src/stm32f4xx_it.c:354:6:USART3_IRQHandler	8	static
../Core/Src/stm32f4xx_it.c:368:6:EXTI15_10_IRQHandler	8	static
../Core/Src/stm32f4xx_it.c:382:6:OTG_FS_IRQHandler	8	static
../Core/Src/stm32f4xx_it.c:396:6:USART6_IRQHandler	8	static
