../Core/Src/main.c:111:6:HAL_TIM_IC_CaptureCallback	16	static
../Core/Src/main.c:125:5:main	16	static
../Core/Src/main.c:199:6:SystemClock_Config	88	static
../Core/Src/main.c:246:13:MX_ADC1_Init	24	static
../Core/Src/main.c:298:13:MX_TIM1_Init	96	static
../Core/Src/main.c:385:13:MX_TIM2_Init	56	static
../Core/Src/main.c:434:13:MX_TIM3_Init	56	static
../Core/Src/main.c:483:13:MX_TIM4_Init	56	static
../Core/Src/main.c:532:13:MX_TIM5_Init	56	static
../Core/Src/main.c:581:13:MX_USART3_UART_Init	8	static
../Core/Src/main.c:614:13:MX_USART6_UART_Init	8	static
../Core/Src/main.c:647:13:MX_GPIO_Init	56	static
../Core/Src/main.c:702:6:Error_Handler	4	static,ignoring_inline_asm
