../Core/Src/stm32f4xx_it.c:82:6:NMI_Handler	4	static
../Core/Src/stm32f4xx_it.c:97:6:HardFault_Handler	4	static
../Core/Src/stm32f4xx_it.c:112:6:MemManage_Handler	4	static
../Core/Src/stm32f4xx_it.c:127:6:BusFault_Handler	4	static
../Core/Src/stm32f4xx_it.c:142:6:UsageFault_Handler	4	static
../Core/Src/stm32f4xx_it.c:157:6:SVC_Handler	4	static
../Core/Src/stm32f4xx_it.c:170:6:DebugMon_Handler	4	static
../Core/Src/stm32f4xx_it.c:183:6:PendSV_Handler	4	static
../Core/Src/stm32f4xx_it.c:196:6:SysTick_Handler	16	static
../Core/Src/stm32f4xx_it.c:229:6:TIM2_IRQHandler	8	static
../Core/Src/stm32f4xx_it.c:243:6:TIM3_IRQHandler	8	static
../Core/Src/stm32f4xx_it.c:257:6:TIM4_IRQHandler	8	static
../Core/Src/stm32f4xx_it.c:271:6:TIM5_IRQHandler	8	static
../Core/Src/stm32f4xx_it.c:285:6:OTG_FS_IRQHandler	8	static
../Core/Src/stm32f4xx_it.c:299:6:USART6_IRQHandler	8	static
