Archive member included to satisfy reference by file (symbol)

/opt/st/stm32cubeide_1.9.0/plugins/com.st.stm32cube.ide.mcu.externaltools.gnu-tools-for-stm32.10.3-2021.10.linux64_1.0.0.202111181127/tools/bin/../lib/gcc/arm-none-eabi/10.3.1/../../../../arm-none-eabi/lib/thumb/v7e-m+fp/hard/libc_nano.a(lib_a-atof.o)
                              ./USB_DEVICE/App/usbd_cdc_if.o (atof)
/opt/st/stm32cubeide_1.9.0/plugins/com.st.stm32cube.ide.mcu.externaltools.gnu-tools-for-stm32.10.3-2021.10.linux64_1.0.0.202111181127/tools/bin/../lib/gcc/arm-none-eabi/10.3.1/../../../../arm-none-eabi/lib/thumb/v7e-m+fp/hard/libc_nano.a(lib_a-errno.o)
                              ./Core/Src/syscalls.o (__errno)
/opt/st/stm32cubeide_1.9.0/plugins/com.st.stm32cube.ide.mcu.externaltools.gnu-tools-for-stm32.10.3-2021.10.linux64_1.0.0.202111181127/tools/bin/../lib/gcc/arm-none-eabi/10.3.1/../../../../arm-none-eabi/lib/thumb/v7e-m+fp/hard/libc_nano.a(lib_a-exit.o)
                              /opt/st/stm32cubeide_1.9.0/plugins/com.st.stm32cube.ide.mcu.externaltools.gnu-tools-for-stm32.10.3-2021.10.linux64_1.0.0.202111181127/tools/bin/../lib/gcc/arm-none-eabi/10.3.1/../../../../arm-none-eabi/lib/thumb/v7e-m+fp/hard/crt0.o (exit)
/opt/st/stm32cubeide_1.9.0/plugins/com.st.stm32cube.ide.mcu.externaltools.gnu-tools-for-stm32.10.3-2021.10.linux64_1.0.0.202111181127/tools/bin/../lib/gcc/arm-none-eabi/10.3.1/../../../../arm-none-eabi/lib/thumb/v7e-m+fp/hard/libc_nano.a(lib_a-impure.o)
                              /opt/st/stm32cubeide_1.9.0/plugins/com.st.stm32cube.ide.mcu.externaltools.gnu-tools-for-stm32.10.3-2021.10.linux64_1.0.0.202111181127/tools/bin/../lib/gcc/arm-none-eabi/10.3.1/../../../../arm-none-eabi/lib/thumb/v7e-m+fp/hard/libc_nano.a(lib_a-exit.o) (_global_impure_ptr)
/opt/st/stm32cubeide_1.9.0/plugins/com.st.stm32cube.ide.mcu.externaltools.gnu-tools-for-stm32.10.3-2021.10.linux64_1.0.0.202111181127/tools/bin/../lib/gcc/arm-none-eabi/10.3.1/../../../../arm-none-eabi/lib/thumb/v7e-m+fp/hard/libc_nano.a(lib_a-init.o)
                              /opt/st/stm32cubeide_1.9.0/plugins/com.st.stm32cube.ide.mcu.externaltools.gnu-tools-for-stm32.10.3-2021.10.linux64_1.0.0.202111181127/tools/bin/../lib/gcc/arm-none-eabi/10.3.1/../../../../arm-none-eabi/lib/thumb/v7e-m+fp/hard/crt0.o (__libc_init_array)
/opt/st/stm32cubeide_1.9.0/plugins/com.st.stm32cube.ide.mcu.externaltools.gnu-tools-for-stm32.10.3-2021.10.linux64_1.0.0.202111181127/tools/bin/../lib/gcc/arm-none-eabi/10.3.1/../../../../arm-none-eabi/lib/thumb/v7e-m+fp/hard/libc_nano.a(lib_a-memcpy-stub.o)
                              ./USB_DEVICE/App/usbd_cdc_if.o (memcpy)
/opt/st/stm32cubeide_1.9.0/plugins/com.st.stm32cube.ide.mcu.externaltools.gnu-tools-for-stm32.10.3-2021.10.linux64_1.0.0.202111181127/tools/bin/../lib/gcc/arm-none-eabi/10.3.1/../../../../arm-none-eabi/lib/thumb/v7e-m+fp/hard/libc_nano.a(lib_a-memset.o)
                              /opt/st/stm32cubeide_1.9.0/plugins/com.st.stm32cube.ide.mcu.externaltools.gnu-tools-for-stm32.10.3-2021.10.linux64_1.0.0.202111181127/tools/bin/../lib/gcc/arm-none-eabi/10.3.1/../../../../arm-none-eabi/lib/thumb/v7e-m+fp/hard/crt0.o (memset)
/opt/st/stm32cubeide_1.9.0/plugins/com.st.stm32cube.ide.mcu.externaltools.gnu-tools-for-stm32.10.3-2021.10.linux64_1.0.0.202111181127/tools/bin/../lib/gcc/arm-none-eabi/10.3.1/../../../../arm-none-eabi/lib/thumb/v7e-m+fp/hard/libc_nano.a(lib_a-nano-vfprintf_float.o)
                              (_printf_float)
/opt/st/stm32cubeide_1.9.0/plugins/com.st.stm32cube.ide.mcu.externaltools.gnu-tools-for-stm32.10.3-2021.10.linux64_1.0.0.202111181127/tools/bin/../lib/gcc/arm-none-eabi/10.3.1/../../../../arm-none-eabi/lib/thumb/v7e-m+fp/hard/libc_nano.a(lib_a-nano-vfprintf_i.o)
                              /opt/st/stm32cubeide_1.9.0/plugins/com.st.stm32cube.ide.mcu.externaltools.gnu-tools-for-stm32.10.3-2021.10.linux64_1.0.0.202111181127/tools/bin/../lib/gcc/arm-none-eabi/10.3.1/../../../../arm-none-eabi/lib/thumb/v7e-m+fp/hard/libc_nano.a(lib_a-nano-vfprintf_float.o) (_printf_common)
/opt/st/stm32cubeide_1.9.0/plugins/com.st.stm32cube.ide.mcu.externaltools.gnu-tools-for-stm32.10.3-2021.10.linux64_1.0.0.202111181127/tools/bin/../lib/gcc/arm-none-eabi/10.3.1/../../../../arm-none-eabi/lib/thumb/v7e-m+fp/hard/libc_nano.a(lib_a-sprintf.o)
                              ./Core/Src/main.o (sprintf)
/opt/st/stm32cubeide_1.9.0/plugins/com.st.stm32cube.ide.mcu.externaltools.gnu-tools-for-stm32.10.3-2021.10.linux64_1.0.0.202111181127/tools/bin/../lib/gcc/arm-none-eabi/10.3.1/../../../../arm-none-eabi/lib/thumb/v7e-m+fp/hard/libc_nano.a(lib_a-strcat.o)
                              ./Core/Src/main.o (strcat)
/opt/st/stm32cubeide_1.9.0/plugins/com.st.stm32cube.ide.mcu.externaltools.gnu-tools-for-stm32.10.3-2021.10.linux64_1.0.0.202111181127/tools/bin/../lib/gcc/arm-none-eabi/10.3.1/../../../../arm-none-eabi/lib/thumb/v7e-m+fp/hard/libc_nano.a(lib_a-strcmp.o)
[...]
Memory Configuration

Name             Origin             Length             Attributes
RAM              0x0000000020000000 0x0000000000020000 xrw
FLASH            0x0000000008000000 0x0000000000080000 xr
*default*        0x0000000000000000 0xffffffffffffffff

Linker script and memory map

LOAD /opt/st/stm32cubeide_1.9.0/plugins/com.st.stm32cube.ide.mcu.externaltools.gnu-tools-for-stm32.10.3-2021.10.linux64_1.0.0.202111181127/tools/bin/../lib/gcc/arm-none-eabi/10.3.1/thumb/v7e-m+fp/hard/crti.o
LOAD /opt/st/stm32cubeide_1.9.0/plugins/com.st.stm32cube.ide.mcu.externaltools.gnu-tools-for-stm32.10.3-2021.10.linux64_1.0.0.202111181127/tools/bin/../lib/gcc/arm-none-eabi/10.3.1/thumb/v7e-m+fp/hard/crtbegin.o
LOAD /opt/st/stm32cubeide_1.9.0/plugins/com.st.stm32cube.ide.mcu.externaltools.gnu-tools-for-stm32.10.3-2021.10.linux64_1.0.0.202111181127/tools/bin/../lib/gcc/arm-none-eabi/10.3.1/../../../../arm-none-eabi/lib/thumb/v7e-m+fp/hard/crt0.o
LOAD ./Core/Src/MPU9250.o
LOAD ./Core/Src/i2c.o
LOAD ./Core/Src/main.o
LOAD ./Core/Src/stm32f4xx_hal_msp.o
LOAD ./Core/Src/stm32f4xx_it.o
LOAD ./Core/Src/syscalls.o
LOAD ./Core/Src/sysmem.o
LOAD ./Core/Src/system_stm32f4xx.o
LOAD ./Core/Startup/startup_stm32f446zetx.o
LOAD ./Drivers/STM32F4xx_HAL_Driver/Src/stm32f4xx_hal.o
LOAD ./Drivers/STM32F4xx_HAL_Driver/Src/stm32f4xx_hal_adc.o
LOAD ./Drivers/STM32F4xx_HAL_Driver/Src/stm32f4xx_hal_adc_ex.o
LOAD ./Drivers/STM32F4xx_HAL_Driver/Src/stm32f4xx_hal_cortex.o
LOAD ./Drivers/STM32F4xx_HAL_Driver/Src/stm32f4xx_hal_dma.o
LOAD ./Drivers/STM32F4xx_HAL_Driver/Src/stm32f4xx_hal_dma_ex.o
LOAD ./Drivers/STM32F4xx_HAL_Driver/Src/stm32f4xx_hal_exti.o
LOAD ./Drivers/STM32F4xx_HAL_Driver/Src/stm32f4xx_hal_flash.o
LOAD ./Drivers/STM32F4xx_HAL_Driver/Src/stm32f4xx_hal_flash_ex.o
LOAD ./Drivers/STM32F4xx_HAL_Driver/Src/stm32f4xx_hal_flash_ramfunc.o
LOAD ./Drivers/STM32F4xx_HAL_Driver/Src/stm32f4xx_hal_gpio.o
LOAD ./Drivers/STM32F4xx_HAL_Driver/Src/stm32f4xx_hal_i2c.o
LOAD ./Drivers/STM32F4xx_HAL_Driver/Src/stm32f4xx_hal_i2c_ex.o
LOAD ./Drivers/STM32F4xx_HAL_Driver/Src/stm32f4xx_hal_pcd.o
LOAD ./Drivers/STM32F4xx_HAL_Driver/Src/stm32f4xx_hal_pcd_ex.o
LOAD ./Drivers/STM32F4xx_HAL_Driver/Src/stm32f4xx_hal_pwr.o
LOAD ./Drivers/STM32F4xx_HAL_Driver/Src/stm32f4xx_hal_pwr_ex.o
LOAD ./Drivers/STM32F4xx_HAL_Driver/Src/stm32f4xx_hal_rcc.o
LOAD ./Drivers/STM32F4xx_HAL_Driver/Src/stm32f4xx_hal_rcc_ex.o
LOAD ./Drivers/STM32F4xx_HAL_Driver/Src/stm32f4xx_hal_tim.o
LOAD ./Drivers/STM32F4xx_HAL_Driver/Src/stm32f4xx_hal_tim_ex.o
LOAD ./Drivers/STM32F4xx_HAL_Driver/Src/stm32f4xx_hal_uart.o
LOAD ./Drivers/STM32F4xx_HAL_Driver/Src/stm32f4xx_ll_adc.o
LOAD ./Drivers/STM32F4xx_HAL_Driver/Src/stm32f4xx_ll_usb.o
LOAD ./Middlewares/ST/STM32_USB_Device_Library/Class/CDC/Src/usbd_cdc.o
LOAD ./Middlewares/ST/STM32_USB_Device_Library/Core/Src/usbd_core.o
LOAD ./Middlewares/ST/STM32_USB_Device_Library/Core/Src/usbd_ctlreq.o
LOAD ./Middlewares/ST/STM32_USB_Device_Library/Core/Src/usbd_ioreq.o
LOAD ./USB_DEVICE/App/usb_device.o
LOAD ./USB_DEVICE/App/usbd_cdc_if.o
LOAD ./USB_DEVICE/App/usbd_desc.o
LOAD ./USB_DEVICE/Target/usbd_conf.o
START GROUP
LOAD /opt/st/stm32cubeide_1.9.0/plugins/com.st.stm32cube.ide.mcu.externaltools.gnu-tools-for-stm32.10.3-2021.10.linux64_1.0.0.202111181127/tools/bin/../lib/gcc/arm-none-eabi/10.3.1/../../../../arm-none-eabi/lib/thumb/v7e-m+fp/hard/libc_nano.a
LOAD /opt/st/stm32cubeide_1.9.0/plugins/com.st.stm32cube.ide.mcu.externaltools.gnu-tools-for-stm32.10.3-2021.10.linux64_1.0.0.202111181127/tools/bin/../lib/gcc/arm-none-eabi/10.3.1/../../../../arm-none-eabi/lib/thumb/v7e-m+fp/hard/libm.a
END GROUP
START GROUP
LOAD /opt/st/stm32cubeide_1.9.0/plugins/com.st.stm32cube.ide.mcu.externaltools.gnu-tools-for-stm32.10.3-2021.10.linux64_1.0.0.202111181127/tools/bin/../lib/gcc/arm-none-eabi/10.3.1/thumb/v7e-m+fp/hard/libgcc.a
LOAD /opt/st/stm32cubeide_1.9.0/plugins/com.st.stm32cube.ide.mcu.externaltools.gnu-tools-for-stm32.10.3-2021.10.linux64_1.0.0.202111181127/tools/bin/../lib/gcc/arm-none-eabi/10.3.1/../../../../arm-none-eabi/lib/thumb/v7e-m+fp/hard/libc_nano.a
END GROUP
START GROUP
LOAD /opt/st/stm32cubeide_1.9.0/plugins/com.st.stm32cube.ide.mcu.externaltools.gnu-tools-for-stm32.10.3-2021.10.linux64_1.0.0.202111181127/tools/bin/../lib/gcc/arm-none-eabi/10.3.1/thumb/v7e-m+fp/hard/libgcc.a
LOAD /opt/st/stm32cubeide_1.9.0/plugins/com.st.stm32cube.ide.mcu.externaltools.gnu-tools-for-stm32.10.3-2021.10.linux64_1.0.0.202111181127/tools/bin/../lib/gcc/arm-none-eabi/10.3.1/../../../../arm-none-eabi/lib/thumb/v7e-m+fp/hard/libc_nano.a
LOAD /opt/st/stm32cubeide_1.9.0/plugins/com.st.stm32cube.ide.mcu.externaltools.gnu-tools-for-stm32.10.3-2021.10.linux64_1.0.0.202111181127/tools/bin/../lib/gcc/arm-none-eabi/10.3.1/../../../../arm-none-eabi/lib/thumb/v7e-m+fp/hard/libnosys.a
END GROUP
START GROUP
LOAD /opt/st/stm32cubeide_1.9.0/plugins/com.st.stm32cube.ide.mcu.externaltools.gnu-tools-for-stm32.10.3-2021.10.linux64_1.0.0.202111181127/tools/bin/../lib/gcc/arm-none-eabi/10.3.1/thumb/v7e-m+fp/hard/libgcc.a
LOAD /opt/st/stm32cubeide_1.9.0/plugins/com.st.stm32cube.ide.mcu.externaltools.gnu-tools-for-stm32.10.3-2021.10.linux64_1.0.0.202111181127/tools/bin/../lib/gcc/arm-none-eabi/10.3.1/../../../../arm-none-eabi/lib/thumb/v7e-m+fp/hard/libc_nano.a
LOAD /opt/st/stm32cubeide_1.9.0/plugins/com.st.stm32cube.ide.mcu.externaltools.gnu-tools-for-stm32.10.3-2021.10.linux64_1.0.0.202111181127/tools/bin/../lib/gcc/arm-none-eabi/10.3.1/../../../../arm-none-eabi/lib/thumb/v7e-m+fp/hard/libnosys.a
END GROUP
LOAD /opt/st/stm32cubeide_1.9.0/plugins/com.st.stm32cube.ide.mcu.externaltools.gnu-tools-for-stm32.10.3-2021.10.linux64_1.0.0.202111181127/tools/bin/../lib/gcc/arm-none-eabi/10.3.1/thumb/v7e-m+fp/hard/crtend.o
LOAD /opt/st/stm32cubeide_1.9.0/plugins/com.st.stm32cube.ide.mcu.externaltools.gnu-tools-for-stm32.10.3-2021.10.linux64_1.0.0.202111181127/tools/bin/../lib/gcc/arm-none-eabi/10.3.1/thumb/v7e-m+fp/hard/crtn.o
                0x0000000020020000                _estack = (ORIGIN (RAM) + LENGTH (RAM))
                0x0000000000000200                _Min_Heap_Size = 0x200
                0x0000000000000400                _Min_Stack_Size = 0x400

.isr_vector     0x0000000008000000      0x1c4
                0x0000000008000000                . = ALIGN (0x4)
 *(.isr_vector)
 .isr_vector    0x0000000008000000      0x1c4 ./Core/Startup/startup_stm32f446zetx.o
                0x0000000008000000                g_pfnVectors
                0x00000000080001c4                . = ALIGN (0x4)

.text           0x00000000080001d0    0x12fbc
                0x00000000080001d0                . = ALIGN (0x4)
 *(.text)
 .text          0x00000000080001d0       0x40 /opt/st/stm32cubeide_1.9.0/plugins/com.st.stm32cube.ide.mcu.externaltools.gnu-tools-for-stm32.10.3-2021.10.linux64_1.0.0.202111181127/tools/bin/../lib/gcc/arm-none-eabi/10.3.1/thumb/v7e-m+fp/hard/crtbegin.o
 .text          0x0000000008000210       0x14 /opt/st/stm32cubeide_1.9.0/plugins/com.st.stm32cube.ide.mcu.externaltools.gnu-tools-for-stm32.10.3-2021.10.linux64_1.0.0.202111181127/tools/bin/../lib/gcc/arm-none-eabi/10.3.1/../../../../arm-none-eabi/lib/thumb/v7e-m+fp/hard/libc_nano.a(lib_a-strcmp.o)
                0x0000000008000210                strcmp
 .text          0x0000000008000224       0x10 /opt/st/stm32cubeide_1.9.0/plugins/com.st.stm32cube.ide.mcu.externaltools.gnu-tools-for-stm32.10.3-2021.10.linux64_1.0.0.202111181127/tools/bin/../lib/gcc/arm-none-eabi/10.3.1/../../../../arm-none-eabi/lib/thumb/v7e-m+fp/hard/libc_nano.a(lib_a-strlen.o)
                0x0000000008000224                strlen
 *fill*         0x0000000008000234        0xc 
 .text          0x0000000008000240       0xa0 /opt/st/stm32cubeide_1.9.0/plugins/com.st.stm32cube.ide.mcu.externaltools.gnu-tools-for-stm32.10.3-2021.10.linux64_1.0.0.202111181127/tools/bin/../lib/gcc/arm-none-eabi/10.3.1/../../../../arm-none-eabi/lib/thumb/v7e-m+fp/hard/libc_nano.a(lib_a-memchr.o)
                0x0000000008000240                memchr
 .text          0x00000000080002e0      0x378 /opt/st/stm32cubeide_1.9.0/plugins/com.st.stm32cube.ide.mcu.externaltools.gnu-tools-for-stm32.10.3-2021.10.linux64_1.0.0.202111181127/tools/bin/../lib/gcc/arm-none-eabi/10.3.1/thumb/v7e-m+fp/hard/libgcc.a(_arm_addsubdf3.o)
                0x00000000080002e0                __aeabi_drsub
                0x00000000080002e8                __aeabi_dsub
                0x00000000080002e8                __subdf3
                0x00000000080002ec                __adddf3
                0x00000000080002ec                __aeabi_dadd
                0x0000000008000564                __aeabi_ui2d
                0x0000000008000564                __floatunsidf
                0x0000000008000584                __floatsidf
                0x0000000008000584                __aeabi_i2d
                0x00000000080005a8                __extendsfdf2
                0x00000000080005a8                __aeabi_f2d
                0x00000000080005ec                __aeabi_ul2d
                0x00000000080005ec                __floatundidf
                0x00000000080005fc                __floatdidf
                0x00000000080005fc                __aeabi_l2d
 .text          0x0000000008000658      0x424 /opt/st/stm32cubeide_1.9.0/plugins/com.st.stm32cube.ide.mcu.externaltools.gnu-tools-for-stm32.10.3-2021.10.linux64_1.0.0.202111181127/tools/bin/../lib/gcc/arm-none-eabi/10.3.1/thumb/v7e-m+fp/hard/libgcc.a(_arm_muldivdf3.o)
                0x0000000008000658                __aeabi_dmul
                0x0000000008000658                __muldf3
                0x00000000080008ac                __aeabi_ddiv
                0x00000000080008ac                __divdf3
 .text          0x0000000008000a7c      0x110 /opt/st/stm32cubeide_1.9.0/plugins/com.st.stm32cube.ide.mcu.externaltools.gnu-tools-for-stm32.10.3-2021.10.linux64_1.0.0.202111181127/tools/bin/../lib/gcc/arm-none-eabi/10.3.1/thumb/v7e-m+fp/hard/libgcc.a(_arm_cmpdf2.o)
                0x0000000008000a7c                __gtdf2
                0x0000000008000a7c                __gedf2
                0x0000000008000a84                __ltdf2
                0x0000000008000a84                __ledf2
                0x0000000008000a8c                __cmpdf2
                0x0000000008000a8c                __eqdf2
                0x0000000008000a8c                __nedf2
                0x0000000008000b08                __aeabi_cdrcmple
                0x0000000008000b18                __aeabi_cdcmple
                0x0000000008000b18                __aeabi_cdcmpeq
                0x0000000008000b28                __aeabi_dcmpeq
                0x0000000008000b3c                __aeabi_dcmplt
                0x0000000008000b50                __aeabi_dcmple
                0x0000000008000b64                __aeabi_dcmpge
                0x0000000008000b78                __aeabi_dcmpgt
 .text          0x0000000008000b8c       0x2c /opt/st/stm32cubeide_1.9.0/plugins/com.st.stm32cube.ide.mcu.externaltools.gnu-tools-for-stm32.10.3-2021.10.linux64_1.0.0.202111181127/tools/bin/../lib/gcc/arm-none-eabi/10.3.1/thumb/v7e-m+fp/hard/libgcc.a(_arm_unorddf2.o)
                0x0000000008000b8c                __aeabi_dcmpun
                0x0000000008000b8c                __unorddf2
 .text          0x0000000008000bb8       0x50 /opt/st/stm32cubeide_1.9.0/plugins/com.st.stm32cube.ide.mcu.externaltools.gnu-tools-for-stm32.10.3-2021.10.linux64_1.0.0.202111181127/tools/bin/../lib/gcc/arm-none-eabi/10.3.1/thumb/v7e-m+fp/hard/libgcc.a(_arm_fixdfsi.o)
                0x0000000008000bb8                __fixdfsi
                0x0000000008000bb8                __aeabi_d2iz
 .text          0x0000000008000c08       0x40 /opt/st/stm32cubeide_1.9.0/plugins/com.st.stm32cube.ide.mcu.externaltools.gnu-tools-for-stm32.10.3-2021.10.linux64_1.0.0.202111181127/tools/bin/../lib/gcc/arm-none-eabi/10.3.1/thumb/v7e-m+fp/hard/libgcc.a(_arm_fixunsdfsi.o)
                0x0000000008000c08                __fixunsdfsi
                0x0000000008000c08                __aeabi_d2uiz
 .text          0x0000000008000c48       0xa0 /opt/st/stm32cubeide_1.9.0/plugins/com.st.stm32cube.ide.mcu.externaltools.gnu-tools-for-stm32.10.3-2021.10.linux64_1.0.0.202111181127/tools/bin/../lib/gcc/arm-none-eabi/10.3.1/thumb/v7e-m+fp/hard/libgcc.a(_arm_truncdfsf2.o)
                0x0000000008000c48                __aeabi_d2f
                0x0000000008000c48                __truncdfsf2
 .text          0x0000000008000ce8       0x30 /opt/st/stm32cubeide_1.9.0/plugins/com.st.stm32cube.ide.mcu.externaltools.gnu-tools-for-stm32.10.3-2021.10.linux64_1.0.0.202111181127/tools/bin/../lib/gcc/arm-none-eabi/10.3.1/thumb/v7e-m+fp/hard/libgcc.a(_aeabi_uldivmod.o)
                0x0000000008000ce8                __aeabi_uldivmod
 .text          0x0000000008000d18       0x30 /opt/st/stm32cubeide_1.9.0/plugins/com.st.stm32cube.ide.mcu.externaltools.gnu-tools-for-stm32.10.3-2021.10.linux64_1.0.0.202111181127/tools/bin/../lib/gcc/arm-none-eabi/10.3.1/thumb/v7e-m+fp/hard/libgcc.a(_fixdfdi.o)
                0x0000000008000d18                __aeabi_d2lz
                0x0000000008000d18                __fixdfdi
 .text          0x0000000008000d48       0x3c /opt/st/stm32cubeide_1.9.0/plugins/com.st.stm32cube.ide.mcu.externaltools.gnu-tools-for-stm32.10.3-2021.10.linux64_1.0.0.202111181127/tools/bin/../lib/gcc/arm-none-eabi/10.3.1/thumb/v7e-m+fp/hard/libgcc.a(_fixunsdfdi.o)
                0x0000000008000d48                __aeabi_d2ulz
                0x0000000008000d48                __fixunsdfdi
 .text          0x0000000008000d84      0x2d0 /opt/st/stm32cubeide_1.9.0/plugins/com.st.stm32cube.ide.mcu.externaltools.gnu-tools-for-stm32.10.3-2021.10.linux64_1.0.0.202111181127/tools/bin/../lib/gcc/arm-none-eabi/10.3.1/thumb/v7e-m+fp/hard/libgcc.a(_udivmoddi4.o)
                0x0000000008000d84                __udivmoddi4
 .text          0x0000000008001054        0x4 /opt/st/stm32cubeide_1.9.0/plugins/com.st.stm32cube.ide.mcu.externaltools.gnu-tools-for-stm32.10.3-2021.10.linux64_1.0.0.202111181127/tools/bin/../lib/gcc/arm-none-eabi/10.3.1/thumb/v7e-m+fp/hard/libgcc.a(_dvmd_tls.o)
                0x0000000008001054                __aeabi_ldiv0
                0x0000000008001054                __aeabi_idiv0
 *(.text*)
 .text.MPU9250_beginAccel
                0x0000000008001058       0xdc ./Core/Src/MPU9250.o
                0x0000000008001058                MPU9250_beginAccel
 .text.MPU9250_beginGyro
                0x0000000008001134       0xe0 ./Core/Src/MPU9250.o
                0x0000000008001134                MPU9250_beginGyro
 .text.MPU9250_accelUpdate
                0x0000000008001214       0x1c ./Core/Src/MPU9250.o
                0x0000000008001214                MPU9250_accelUpdate
 .text.MPU9250_accelGet
                0x0000000008001230       0x80 ./Core/Src/MPU9250.o
                0x0000000008001230                MPU9250_accelGet
 .text.MPU9250_accelX
                0x00000000080012b0       0x16 ./Core/Src/MPU9250.o
                0x00000000080012b0                MPU9250_accelX
 .text.MPU9250_accelY
                0x00000000080012c6       0x16 ./Core/Src/MPU9250.o
                0x00000000080012c6                MPU9250_accelY
 .text.MPU9250_accelZ
                0x00000000080012dc       0x16 ./Core/Src/MPU9250.o
                0x00000000080012dc                MPU9250_accelZ
 *fill*         0x00000000080012f2        0x2 
 .text.MPU9250_gyroUpdate
                0x00000000080012f4       0x1c ./Core/Src/MPU9250.o
                0x00000000080012f4                MPU9250_gyroUpdate
 .text.MPU9250_gyroGet
                0x0000000008001310       0x80 ./Core/Src/MPU9250.o
                0x0000000008001310                MPU9250_gyroGet
 .text.MPU9250_gyroX
                0x0000000008001390       0x16 ./Core/Src/MPU9250.o
                0x0000000008001390                MPU9250_gyroX
 .text.MPU9250_gyroY
                0x00000000080013a6       0x16 ./Core/Src/MPU9250.o
                0x00000000080013a6                MPU9250_gyroY
 .text.MPU9250_gyroZ
                0x00000000080013bc       0x16 ./Core/Src/MPU9250.o
                0x00000000080013bc                MPU9250_gyroZ
 *fill*         0x00000000080013d2        0x2 
 .text.MPU9250_magGet
                0x00000000080013d4       0x38 ./Core/Src/MPU9250.o
                0x00000000080013d4                MPU9250_magGet
 .text.magSetMode
                0x000000000800140c       0x1e ./Core/Src/MPU9250.o
                0x000000000800140c                magSetMode
 *fill*         0x000000000800142a        0x2 
 .text.magReadAdjustValues
                0x000000000800142c       0x44 ./Core/Src/MPU9250.o
                0x000000000800142c                magReadAdjustValues
 .text.magWakeup
                0x0000000008001470       0x30 ./Core/Src/MPU9250.o
                0x0000000008001470                magWakeup
 .text.magEnableSlaveMode
                0x00000000080014a0       0x30 ./Core/Src/MPU9250.o
                0x00000000080014a0                magEnableSlaveMode
 .text.adjustMagValue
                0x00000000080014d0       0xa8 ./Core/Src/MPU9250.o
                0x00000000080014d0                adjustMagValue
 .text.MPU9250_magX
                0x0000000008001578       0x40 ./Core/Src/MPU9250.o
                0x0000000008001578                MPU9250_magX
 .text.MPU9250_magY
                0x00000000080015b8       0x40 ./Core/Src/MPU9250.o
                0x00000000080015b8                MPU9250_magY
 .text.MPU9250_magZ
                0x00000000080015f8       0x40 ./Core/Src/MPU9250.o
                0x00000000080015f8                MPU9250_magZ
 .text.MPU9250_magHorizDirection
                0x0000000008001638       0x7c ./Core/Src/MPU9250.o
                0x0000000008001638                MPU9250_magHorizDirection
 .text.MPU9250_magUpdate
                0x00000000080016b4       0x1c ./Core/Src/MPU9250.o
                0x00000000080016b4                MPU9250_magUpdate
 .text.MPU9250_beginMag
                0x00000000080016d0       0x2c ./Core/Src/MPU9250.o
                0x00000000080016d0                MPU9250_beginMag
 .text.i2c_readByte
                0x00000000080016fc       0xf8 ./Core/Src/i2c.o
                0x00000000080016fc                i2c_readByte
 .text.i2c_writeByte
                0x00000000080017f4       0xa8 ./Core/Src/i2c.o
                0x00000000080017f4                i2c_writeByte
 .text.i2c_ReadMulti
                0x000000000800189c      0x138 ./Core/Src/i2c.o
                0x000000000800189c                i2c_ReadMulti
 .text.HAL_TIM_IC_CaptureCallback
                0x00000000080019d4       0x88 ./Core/Src/main.o
                0x00000000080019d4                HAL_TIM_IC_CaptureCallback
 .text.main     0x0000000008001a5c      0x184 ./Core/Src/main.o
                0x0000000008001a5c                main
 .text.SystemClock_Config
                0x0000000008001be0       0xd8 ./Core/Src/main.o
                0x0000000008001be0                SystemClock_Config
 .text.MX_ADC1_Init
                0x0000000008001cb8       0xa4 ./Core/Src/main.o
 .text.MX_I2C1_Init
                0x0000000008001d5c       0x5c ./Core/Src/main.o
 .text.MX_TIM1_Init
                0x0000000008001db8      0x188 ./Core/Src/main.o
 .text.MX_TIM2_Init
                0x0000000008001f40       0xa8 ./Core/Src/main.o
 .text.MX_TIM3_Init
                0x0000000008001fe8       0xa8 ./Core/Src/main.o
 .text.MX_TIM4_Init
                0x0000000008002090       0xa8 ./Core/Src/main.o
 .text.MX_TIM5_Init
                0x0000000008002138       0xa8 ./Core/Src/main.o
 .text.MX_USART3_UART_Init
                0x00000000080021e0       0x54 ./Core/Src/main.o
 .text.MX_USART6_UART_Init
                0x0000000008002234       0x54 ./Core/Src/main.o
 .text.MX_GPIO_Init
                0x0000000008002288      0x148 ./Core/Src/main.o
 .text.build_buffer
                0x00000000080023d0      0x130 ./Core/Src/main.o
                0x00000000080023d0                build_buffer
 .text.setPower
                0x0000000008002500      0x17c ./Core/Src/main.o
                0x0000000008002500                setPower
 .text.Error_Handler
                0x000000000800267c        0xa ./Core/Src/main.o
                0x000000000800267c                Error_Handler
 *fill*         0x0000000008002686        0x2 
 .text.HAL_MspInit
                0x0000000008002688       0x50 ./Core/Src/stm32f4xx_hal_msp.o
                0x0000000008002688                HAL_MspInit
 .text.HAL_ADC_MspInit
                0x00000000080026d8       0x88 ./Core/Src/stm32f4xx_hal_msp.o
                0x00000000080026d8                HAL_ADC_MspInit
 .text.HAL_I2C_MspInit
                0x0000000008002760       0x90 ./Core/Src/stm32f4xx_hal_msp.o
                0x0000000008002760                HAL_I2C_MspInit
 .text.HAL_TIM_Base_MspInit
                0x00000000080027f0       0x44 ./Core/Src/stm32f4xx_hal_msp.o
                0x00000000080027f0                HAL_TIM_Base_MspInit
 .text.HAL_TIM_Encoder_MspInit
                0x0000000008002834      0x24c ./Core/Src/stm32f4xx_hal_msp.o
                0x0000000008002834                HAL_TIM_Encoder_MspInit
 .text.HAL_TIM_MspPostInit
                0x0000000008002a80       0x74 ./Core/Src/stm32f4xx_hal_msp.o
                0x0000000008002a80                HAL_TIM_MspPostInit
 .text.HAL_UART_MspInit
                0x0000000008002af4      0x110 ./Core/Src/stm32f4xx_hal_msp.o
                0x0000000008002af4                HAL_UART_MspInit
 .text.NMI_Handler
                0x0000000008002c04        0x6 ./Core/Src/stm32f4xx_it.o
                0x0000000008002c04                NMI_Handler
 .text.HardFault_Handler
                0x0000000008002c0a        0x6 ./Core/Src/stm32f4xx_it.o
                0x0000000008002c0a                HardFault_Handler
 .text.MemManage_Handler
                0x0000000008002c10        0x6 ./Core/Src/stm32f4xx_it.o
                0x0000000008002c10                MemManage_Handler
 .text.BusFault_Handler
                0x0000000008002c16        0x6 ./Core/Src/stm32f4xx_it.o
                0x0000000008002c16                BusFault_Handler
 .text.UsageFault_Handler
                0x0000000008002c1c        0x6 ./Core/Src/stm32f4xx_it.o
                0x0000000008002c1c                UsageFault_Handler
 .text.SVC_Handler
                0x0000000008002c22        0xe ./Core/Src/stm32f4xx_it.o
                0x0000000008002c22                SVC_Handler
 .text.DebugMon_Handler
                0x0000000008002c30        0xe ./Core/Src/stm32f4xx_it.o
                0x0000000008002c30                DebugMon_Handler
 .text.PendSV_Handler
                0x0000000008002c3e        0xe ./Core/Src/stm32f4xx_it.o
                0x0000000008002c3e                PendSV_Handler
 .text.SysTick_Handler
                0x0000000008002c4c       0xb4 ./Core/Src/stm32f4xx_it.o
                0x0000000008002c4c                SysTick_Handler
 .text.TIM2_IRQHandler
                0x0000000008002d00       0x14 ./Core/Src/stm32f4xx_it.o
                0x0000000008002d00                TIM2_IRQHandler
 .text.TIM3_IRQHandler
                0x0000000008002d14       0x14 ./Core/Src/stm32f4xx_it.o
                0x0000000008002d14                TIM3_IRQHandler
 .text.TIM4_IRQHandler
                0x0000000008002d28       0x14 ./Core/Src/stm32f4xx_it.o
                0x0000000008002d28                TIM4_IRQHandler
 .text.TIM5_IRQHandler
                0x0000000008002d3c       0x14 ./Core/Src/stm32f4xx_it.o
                0x0000000008002d3c                TIM5_IRQHandler
 .text.OTG_FS_IRQHandler
                0x0000000008002d50       0x14 ./Core/Src/stm32f4xx_it.o
                0x0000000008002d50                OTG_FS_IRQHandler
 .text.USART6_IRQHandler
                0x0000000008002d64       0x14 ./Core/Src/stm32f4xx_it.o
                0x0000000008002d64                USART6_IRQHandler
 .text.odometryUpdater
                0x0000000008002d78      0x5bc ./Core/Src/stm32f4xx_it.o
                0x0000000008002d78                odometryUpdater
 *fill*         0x0000000008003334        0x4 
 .text.setSpeed
                0x0000000008003338      0x44c ./Core/Src/stm32f4xx_it.o
                0x0000000008003338                setSpeed
 .text.map      0x0000000008003784       0x66 ./Core/Src/stm32f4xx_it.o
                0x0000000008003784                map
 .text._getpid  0x00000000080037ea       0x10 ./Core/Src/syscalls.o
                0x00000000080037ea                _getpid
 .text._kill    0x00000000080037fa       0x20 ./Core/Src/syscalls.o
                0x00000000080037fa                _kill
 .text._exit    0x000000000800381a       0x14 ./Core/Src/syscalls.o
                0x000000000800381a                _exit
 .text._read    0x000000000800382e       0x3a ./Core/Src/syscalls.o
                0x000000000800382e                _read
 .text._write   0x0000000008003868       0x38 ./Core/Src/syscalls.o
                0x0000000008003868                _write
 .text._close   0x00000000080038a0       0x18 ./Core/Src/syscalls.o
                0x00000000080038a0                _close
 .text._fstat   0x00000000080038b8       0x20 ./Core/Src/syscalls.o
                0x00000000080038b8                _fstat
 .text._isatty  0x00000000080038d8       0x16 ./Core/Src/syscalls.o
                0x00000000080038d8                _isatty
 .text._lseek   0x00000000080038ee       0x1a ./Core/Src/syscalls.o
                0x00000000080038ee                _lseek
 .text._sbrk    0x0000000008003908       0x6c ./Core/Src/sysmem.o
                0x0000000008003908                _sbrk
 .text.SystemInit
                0x0000000008003974       0x24 ./Core/Src/system_stm32f4xx.o
                0x0000000008003974                SystemInit
 .text.Reset_Handler
                0x0000000008003998       0x50 ./Core/Startup/startup_stm32f446zetx.o
                0x0000000008003998                Reset_Handler
 .text.Default_Handler
                0x00000000080039e8        0x2 ./Core/Startup/startup_stm32f446zetx.o
                0x00000000080039e8                RTC_Alarm_IRQHandler
                0x00000000080039e8                EXTI2_IRQHandler
                0x00000000080039e8                TIM8_CC_IRQHandler
                0x00000000080039e8                FMPI2C1_EV_IRQHandler
                0x00000000080039e8                SPI4_IRQHandler
                0x00000000080039e8                TIM1_CC_IRQHandler
                0x00000000080039e8                DMA2_Stream5_IRQHandler
                0x00000000080039e8                DMA1_Stream5_IRQHandler
                0x00000000080039e8                PVD_IRQHandler
                0x00000000080039e8                SDIO_IRQHandler
                0x00000000080039e8                TAMP_STAMP_IRQHandler
                0x00000000080039e8                CAN2_RX1_IRQHandler
                0x00000000080039e8                EXTI3_IRQHandler
                0x00000000080039e8                TIM8_TRG_COM_TIM14_IRQHandler
                0x00000000080039e8                TIM1_UP_TIM10_IRQHandler
                0x00000000080039e8                TIM8_UP_TIM13_IRQHandler
                0x00000000080039e8                I2C3_ER_IRQHandler
                0x00000000080039e8                EXTI0_IRQHandler
                0x00000000080039e8                I2C2_EV_IRQHandler
                0x00000000080039e8                DMA1_Stream2_IRQHandler
                0x00000000080039e8                CAN1_RX0_IRQHandler
                0x00000000080039e8                FPU_IRQHandler
                0x00000000080039e8                OTG_HS_WKUP_IRQHandler
                0x00000000080039e8                CAN2_SCE_IRQHandler
                0x00000000080039e8                DMA2_Stream2_IRQHandler
                0x00000000080039e8                SPI1_IRQHandler
                0x00000000080039e8                TIM6_DAC_IRQHandler
                0x00000000080039e8                TIM1_BRK_TIM9_IRQHandler
                0x00000000080039e8                DCMI_IRQHandler
                0x00000000080039e8                CAN2_RX0_IRQHandler
                0x00000000080039e8                DMA2_Stream3_IRQHandler
                0x00000000080039e8                SAI2_IRQHandler
                0x00000000080039e8                USART3_IRQHandler
                0x00000000080039e8                CAN1_RX1_IRQHandler
                0x00000000080039e8                UART5_IRQHandler
                0x00000000080039e8                DMA2_Stream0_IRQHandler
                0x00000000080039e8                QUADSPI_IRQHandler
                0x00000000080039e8                I2C1_EV_IRQHandler
                0x00000000080039e8                DMA1_Stream6_IRQHandler
                0x00000000080039e8                DMA1_Stream1_IRQHandler
                0x00000000080039e8                UART4_IRQHandler
                0x00000000080039e8                RCC_IRQHandler
                0x00000000080039e8                TIM8_BRK_TIM12_IRQHandler
                0x00000000080039e8                Default_Handler
                0x00000000080039e8                CEC_IRQHandler
                0x00000000080039e8                EXTI15_10_IRQHandler
                0x00000000080039e8                ADC_IRQHandler
                0x00000000080039e8                DMA1_Stream7_IRQHandler
                0x00000000080039e8                TIM7_IRQHandler
                0x00000000080039e8                CAN2_TX_IRQHandler
                0x00000000080039e8                DMA2_Stream7_IRQHandler
                0x00000000080039e8                I2C3_EV_IRQHandler
                0x00000000080039e8                EXTI9_5_IRQHandler
                0x00000000080039e8                RTC_WKUP_IRQHandler
                0x00000000080039e8                SPDIF_RX_IRQHandler
                0x00000000080039e8                SPI2_IRQHandler
                0x00000000080039e8                OTG_HS_EP1_IN_IRQHandler
                0x00000000080039e8                DMA1_Stream0_IRQHandler
                0x00000000080039e8                CAN1_TX_IRQHandler
                0x00000000080039e8                FMPI2C1_ER_IRQHandler
                0x00000000080039e8                EXTI4_IRQHandler
                0x00000000080039e8                OTG_HS_EP1_OUT_IRQHandler
                0x00000000080039e8                WWDG_IRQHandler
                0x00000000080039e8                OTG_FS_WKUP_IRQHandler
                0x00000000080039e8                TIM1_TRG_COM_TIM11_IRQHandler
                0x00000000080039e8                OTG_HS_IRQHandler
                0x00000000080039e8                EXTI1_IRQHandler
                0x00000000080039e8                USART2_IRQHandler
                0x00000000080039e8                I2C2_ER_IRQHandler
                0x00000000080039e8                DMA2_Stream1_IRQHandler
                0x00000000080039e8                CAN1_SCE_IRQHandler
                0x00000000080039e8                FLASH_IRQHandler
                0x00000000080039e8                DMA2_Stream4_IRQHandler
                0x00000000080039e8                USART1_IRQHandler
                0x00000000080039e8                SPI3_IRQHandler
                0x00000000080039e8                DMA1_Stream4_IRQHandler
                0x00000000080039e8                I2C1_ER_IRQHandler
                0x00000000080039e8                FMC_IRQHandler
                0x00000000080039e8                DMA2_Stream6_IRQHandler
                0x00000000080039e8                SAI1_IRQHandler
                0x00000000080039e8                DMA1_Stream3_IRQHandler
 *fill*         0x00000000080039ea        0x2 
 .text.HAL_Init
                0x00000000080039ec       0x44 ./Drivers/STM32F4xx_HAL_Driver/Src/stm32f4xx_hal.o
                0x00000000080039ec                HAL_Init
 .text.HAL_InitTick
                0x0000000008003a30       0x60 ./Drivers/STM32F4xx_HAL_Driver/Src/stm32f4xx_hal.o
                0x0000000008003a30                HAL_InitTick
 .text.HAL_IncTick
                0x0000000008003a90       0x28 ./Drivers/STM32F4xx_HAL_Driver/Src/stm32f4xx_hal.o
                0x0000000008003a90                HAL_IncTick
 .text.HAL_GetTick
                0x0000000008003ab8       0x18 ./Drivers/STM32F4xx_HAL_Driver/Src/stm32f4xx_hal.o
                0x0000000008003ab8                HAL_GetTick
 .text.HAL_Delay
                0x0000000008003ad0       0x48 ./Drivers/STM32F4xx_HAL_Driver/Src/stm32f4xx_hal.o
                0x0000000008003ad0                HAL_Delay
 .text.HAL_ADC_Init
                0x0000000008003b18       0x86 ./Drivers/STM32F4xx_HAL_Driver/Src/stm32f4xx_hal_adc.o
                0x0000000008003b18                HAL_ADC_Init
 *fill*         0x0000000008003b9e        0x2 
 .text.HAL_ADC_ConfigChannel
                0x0000000008003ba0      0x264 ./Drivers/STM32F4xx_HAL_Driver/Src/stm32f4xx_hal_adc.o
                0x0000000008003ba0                HAL_ADC_ConfigChannel
 .text.ADC_Init
                0x0000000008003e04      0x1f8 ./Drivers/STM32F4xx_HAL_Driver/Src/stm32f4xx_hal_adc.o
 .text.__NVIC_SetPriorityGrouping
                0x0000000008003ffc       0x48 ./Drivers/STM32F4xx_HAL_Driver/Src/stm32f4xx_hal_cortex.o
 .text.__NVIC_GetPriorityGrouping
                0x0000000008004044       0x1c ./Drivers/STM32F4xx_HAL_Driver/Src/stm32f4xx_hal_cortex.o
 .text.__NVIC_EnableIRQ
                0x0000000008004060       0x3c ./Drivers/STM32F4xx_HAL_Driver/Src/stm32f4xx_hal_cortex.o
 .text.__NVIC_SetPriority
                0x000000000800409c       0x54 ./Drivers/STM32F4xx_HAL_Driver/Src/stm32f4xx_hal_cortex.o
 .text.NVIC_EncodePriority
                0x00000000080040f0       0x66 ./Drivers/STM32F4xx_HAL_Driver/Src/stm32f4xx_hal_cortex.o
 *fill*         0x0000000008004156        0x2 
 .text.SysTick_Config
                0x0000000008004158       0x44 ./Drivers/STM32F4xx_HAL_Driver/Src/stm32f4xx_hal_cortex.o
 .text.HAL_NVIC_SetPriorityGrouping
                0x000000000800419c       0x16 ./Drivers/STM32F4xx_HAL_Driver/Src/stm32f4xx_hal_cortex.o
                0x000000000800419c                HAL_NVIC_SetPriorityGrouping
 .text.HAL_NVIC_SetPriority
                0x00000000080041b2       0x38 ./Drivers/STM32F4xx_HAL_Driver/Src/stm32f4xx_hal_cortex.o
                0x00000000080041b2                HAL_NVIC_SetPriority
 .text.HAL_NVIC_EnableIRQ
                0x00000000080041ea       0x1c ./Drivers/STM32F4xx_HAL_Driver/Src/stm32f4xx_hal_cortex.o
                0x00000000080041ea                HAL_NVIC_EnableIRQ
 .text.HAL_SYSTICK_Config
                0x0000000008004206       0x18 ./Drivers/STM32F4xx_HAL_Driver/Src/stm32f4xx_hal_cortex.o
                0x0000000008004206                HAL_SYSTICK_Config
 .text.HAL_DMA_Abort
                0x000000000800421e       0xe0 ./Drivers/STM32F4xx_HAL_Driver/Src/stm32f4xx_hal_dma.o
                0x000000000800421e                HAL_DMA_Abort
 .text.HAL_DMA_Abort_IT
                0x00000000080042fe       0x44 ./Drivers/STM32F4xx_HAL_Driver/Src/stm32f4xx_hal_dma.o
                0x00000000080042fe                HAL_DMA_Abort_IT
 *fill*         0x0000000008004342        0x2 
 .text.HAL_GPIO_Init
                0x0000000008004344      0x328 ./Drivers/STM32F4xx_HAL_Driver/Src/stm32f4xx_hal_gpio.o
                0x0000000008004344                HAL_GPIO_Init
 .text.HAL_GPIO_WritePin
                0x000000000800466c       0x32 ./Drivers/STM32F4xx_HAL_Driver/Src/stm32f4xx_hal_gpio.o
                0x000000000800466c                HAL_GPIO_WritePin
 *fill*         0x000000000800469e        0x2 
 .text.HAL_I2C_Init
                0x00000000080046a0      0x288 ./Drivers/STM32F4xx_HAL_Driver/Src/stm32f4xx_hal_i2c.o
                0x00000000080046a0                HAL_I2C_Init
 .text.HAL_PCD_Init
                0x0000000008004928      0x248 ./Drivers/STM32F4xx_HAL_Driver/Src/stm32f4xx_hal_pcd.o
                0x0000000008004928                HAL_PCD_Init
 .text.HAL_PCD_Start
                0x0000000008004b70       0x66 ./Drivers/STM32F4xx_HAL_Driver/Src/stm32f4xx_hal_pcd.o
                0x0000000008004b70                HAL_PCD_Start
 .text.HAL_PCD_IRQHandler
                0x0000000008004bd6      0x998 ./Drivers/STM32F4xx_HAL_Driver/Src/stm32f4xx_hal_pcd.o
                0x0000000008004bd6                HAL_PCD_IRQHandler
 .text.HAL_PCD_SetAddress
                0x000000000800556e       0x4a ./Drivers/STM32F4xx_HAL_Driver/Src/stm32f4xx_hal_pcd.o
                0x000000000800556e                HAL_PCD_SetAddress
 .text.HAL_PCD_EP_Open
                0x00000000080055b8       0xd0 ./Drivers/STM32F4xx_HAL_Driver/Src/stm32f4xx_hal_pcd.o
                0x00000000080055b8                HAL_PCD_EP_Open
 .text.HAL_PCD_EP_Close
                0x0000000008005688       0x94 ./Drivers/STM32F4xx_HAL_Driver/Src/stm32f4xx_hal_pcd.o
                0x0000000008005688                HAL_PCD_EP_Close
 .text.HAL_PCD_EP_Receive
                0x000000000800571c       0x96 ./Drivers/STM32F4xx_HAL_Driver/Src/stm32f4xx_hal_pcd.o
                0x000000000800571c                HAL_PCD_EP_Receive
 .text.HAL_PCD_EP_GetRxCount
                0x00000000080057b2       0x30 ./Drivers/STM32F4xx_HAL_Driver/Src/stm32f4xx_hal_pcd.o
                0x00000000080057b2                HAL_PCD_EP_GetRxCount
 .text.HAL_PCD_EP_Transmit
                0x00000000080057e2       0x94 ./Drivers/STM32F4xx_HAL_Driver/Src/stm32f4xx_hal_pcd.o
                0x00000000080057e2                HAL_PCD_EP_Transmit
 .text.HAL_PCD_EP_SetStall
                0x0000000008005876       0xc8 ./Drivers/STM32F4xx_HAL_Driver/Src/stm32f4xx_hal_pcd.o
                0x0000000008005876                HAL_PCD_EP_SetStall
 .text.HAL_PCD_EP_ClrStall
                0x000000000800593e       0xac ./Drivers/STM32F4xx_HAL_Driver/Src/stm32f4xx_hal_pcd.o
                0x000000000800593e                HAL_PCD_EP_ClrStall
 .text.HAL_PCD_EP_Abort
                0x00000000080059ea       0x62 ./Drivers/STM32F4xx_HAL_Driver/Src/stm32f4xx_hal_pcd.o
                0x00000000080059ea                HAL_PCD_EP_Abort
 .text.PCD_WriteEmptyTxFifo
                0x0000000008005a4c      0x11a ./Drivers/STM32F4xx_HAL_Driver/Src/stm32f4xx_hal_pcd.o
 *fill*         0x0000000008005b66        0x2 
 .text.PCD_EP_OutXfrComplete_int
                0x0000000008005b68      0x1d0 ./Drivers/STM32F4xx_HAL_Driver/Src/stm32f4xx_hal_pcd.o
 .text.PCD_EP_OutSetupPacket_int
                0x0000000008005d38       0x8c ./Drivers/STM32F4xx_HAL_Driver/Src/stm32f4xx_hal_pcd.o
 .text.HAL_PCDEx_SetTxFiFo
                0x0000000008005dc4       0x8e ./Drivers/STM32F4xx_HAL_Driver/Src/stm32f4xx_hal_pcd_ex.o
                0x0000000008005dc4                HAL_PCDEx_SetTxFiFo
 .text.HAL_PCDEx_SetRxFiFo
                0x0000000008005e52       0x22 ./Drivers/STM32F4xx_HAL_Driver/Src/stm32f4xx_hal_pcd_ex.o
                0x0000000008005e52                HAL_PCDEx_SetRxFiFo
 .text.HAL_PCDEx_ActivateLPM
                0x0000000008005e74       0x48 ./Drivers/STM32F4xx_HAL_Driver/Src/stm32f4xx_hal_pcd_ex.o
                0x0000000008005e74                HAL_PCDEx_ActivateLPM
 .text.HAL_RCC_ClockConfig
                0x0000000008005ebc      0x1cc ./Drivers/STM32F4xx_HAL_Driver/Src/stm32f4xx_hal_rcc.o
                0x0000000008005ebc                HAL_RCC_ClockConfig
 .text.HAL_RCC_GetHCLKFreq
                0x0000000008006088       0x18 ./Drivers/STM32F4xx_HAL_Driver/Src/stm32f4xx_hal_rcc.o
                0x0000000008006088                HAL_RCC_GetHCLKFreq
 .text.HAL_RCC_GetPCLK1Freq
                0x00000000080060a0       0x28 ./Drivers/STM32F4xx_HAL_Driver/Src/stm32f4xx_hal_rcc.o
                0x00000000080060a0                HAL_RCC_GetPCLK1Freq
 .text.HAL_RCC_GetPCLK2Freq
                0x00000000080060c8       0x28 ./Drivers/STM32F4xx_HAL_Driver/Src/stm32f4xx_hal_rcc.o
                0x00000000080060c8                HAL_RCC_GetPCLK2Freq
 .text.HAL_RCCEx_PeriphCLKConfig
                0x00000000080060f0      0x654 ./Drivers/STM32F4xx_HAL_Driver/Src/stm32f4xx_hal_rcc_ex.o
                0x00000000080060f0                HAL_RCCEx_PeriphCLKConfig
 .text.HAL_RCC_GetSysClockFreq
                0x0000000008006744      0x460 ./Drivers/STM32F4xx_HAL_Driver/Src/stm32f4xx_hal_rcc_ex.o
                0x0000000008006744                HAL_RCC_GetSysClockFreq
 .text.HAL_RCC_OscConfig
                0x0000000008006ba4      0x53c ./Drivers/STM32F4xx_HAL_Driver/Src/stm32f4xx_hal_rcc_ex.o
                0x0000000008006ba4                HAL_RCC_OscConfig
 .text.HAL_TIM_Base_Init
                0x00000000080070e0       0x9e ./Drivers/STM32F4xx_HAL_Driver/Src/stm32f4xx_hal_tim.o
                0x00000000080070e0                HAL_TIM_Base_Init
 .text.HAL_TIM_PWM_Init
                0x000000000800717e       0x9e ./Drivers/STM32F4xx_HAL_Driver/Src/stm32f4xx_hal_tim.o
                0x000000000800717e                HAL_TIM_PWM_Init
 .text.HAL_TIM_PWM_MspInit
                0x000000000800721c       0x14 ./Drivers/STM32F4xx_HAL_Driver/Src/stm32f4xx_hal_tim.o
                0x000000000800721c                HAL_TIM_PWM_MspInit
 .text.HAL_TIM_PWM_Start
                0x0000000008007230      0x190 ./Drivers/STM32F4xx_HAL_Driver/Src/stm32f4xx_hal_tim.o
                0x0000000008007230                HAL_TIM_PWM_Start
 .text.HAL_TIM_Encoder_Init
                0x00000000080073c0      0x14c ./Drivers/STM32F4xx_HAL_Driver/Src/stm32f4xx_hal_tim.o
                0x00000000080073c0                HAL_TIM_Encoder_Init
 .text.HAL_TIM_Encoder_Start_IT
                0x000000000800750c      0x15c ./Drivers/STM32F4xx_HAL_Driver/Src/stm32f4xx_hal_tim.o
                0x000000000800750c                HAL_TIM_Encoder_Start_IT
 .text.HAL_TIM_IRQHandler
                0x0000000008007668      0x210 ./Drivers/STM32F4xx_HAL_Driver/Src/stm32f4xx_hal_tim.o
                0x0000000008007668                HAL_TIM_IRQHandler
 .text.HAL_TIM_PWM_ConfigChannel
                0x0000000008007878      0x184 ./Drivers/STM32F4xx_HAL_Driver/Src/stm32f4xx_hal_tim.o
                0x0000000008007878                HAL_TIM_PWM_ConfigChannel
 .text.HAL_TIM_ConfigClockSource
                0x00000000080079fc      0x18e ./Drivers/STM32F4xx_HAL_Driver/Src/stm32f4xx_hal_tim.o
                0x00000000080079fc                HAL_TIM_ConfigClockSource
 .text.HAL_TIM_PeriodElapsedCallback
                0x0000000008007b8a       0x14 ./Drivers/STM32F4xx_HAL_Driver/Src/stm32f4xx_hal_tim.o
                0x0000000008007b8a                HAL_TIM_PeriodElapsedCallback
 .text.HAL_TIM_OC_DelayElapsedCallback
                0x0000000008007b9e       0x14 ./Drivers/STM32F4xx_HAL_Driver/Src/stm32f4xx_hal_tim.o
                0x0000000008007b9e                HAL_TIM_OC_DelayElapsedCallback
 .text.HAL_TIM_PWM_PulseFinishedCallback
                0x0000000008007bb2       0x14 ./Drivers/STM32F4xx_HAL_Driver/Src/stm32f4xx_hal_tim.o
                0x0000000008007bb2                HAL_TIM_PWM_PulseFinishedCallback
 .text.HAL_TIM_TriggerCallback
                0x0000000008007bc6       0x14 ./Drivers/STM32F4xx_HAL_Driver/Src/stm32f4xx_hal_tim.o
                0x0000000008007bc6                HAL_TIM_TriggerCallback
 *fill*         0x0000000008007bda        0x2 
 .text.TIM_Base_SetConfig
                0x0000000008007bdc      0x140 ./Drivers/STM32F4xx_HAL_Driver/Src/stm32f4xx_hal_tim.o
                0x0000000008007bdc                TIM_Base_SetConfig
 .text.TIM_OC1_SetConfig
                0x0000000008007d1c       0xe0 ./Drivers/STM32F4xx_HAL_Driver/Src/stm32f4xx_hal_tim.o
 .text.TIM_OC2_SetConfig
                0x0000000008007dfc       0xec ./Drivers/STM32F4xx_HAL_Driver/Src/stm32f4xx_hal_tim.o
                0x0000000008007dfc                TIM_OC2_SetConfig
 .text.TIM_OC3_SetConfig
                0x0000000008007ee8       0xe8 ./Drivers/STM32F4xx_HAL_Driver/Src/stm32f4xx_hal_tim.o
 .text.TIM_OC4_SetConfig
                0x0000000008007fd0       0xac ./Drivers/STM32F4xx_HAL_Driver/Src/stm32f4xx_hal_tim.o
 .text.TIM_TI1_ConfigInputStage
                0x000000000800807c       0x5e ./Drivers/STM32F4xx_HAL_Driver/Src/stm32f4xx_hal_tim.o
 .text.TIM_TI2_ConfigInputStage
                0x00000000080080da       0x60 ./Drivers/STM32F4xx_HAL_Driver/Src/stm32f4xx_hal_tim.o
 .text.TIM_ITRx_SetConfig
                0x000000000800813a       0x36 ./Drivers/STM32F4xx_HAL_Driver/Src/stm32f4xx_hal_tim.o
 .text.TIM_ETR_SetConfig
                0x0000000008008170       0x40 ./Drivers/STM32F4xx_HAL_Driver/Src/stm32f4xx_hal_tim.o
                0x0000000008008170                TIM_ETR_SetConfig
 .text.TIM_CCxChannelCmd
                0x00000000080081b0       0x4a ./Drivers/STM32F4xx_HAL_Driver/Src/stm32f4xx_hal_tim.o
                0x00000000080081b0                TIM_CCxChannelCmd
 *fill*         0x00000000080081fa        0x2 
 .text.HAL_TIMEx_MasterConfigSynchronization
                0x00000000080081fc       0xf8 ./Drivers/STM32F4xx_HAL_Driver/Src/stm32f4xx_hal_tim_ex.o
                0x00000000080081fc                HAL_TIMEx_MasterConfigSynchronization
 .text.HAL_TIMEx_ConfigBreakDeadTime
                0x00000000080082f4       0xa4 ./Drivers/STM32F4xx_HAL_Driver/Src/stm32f4xx_hal_tim_ex.o
                0x00000000080082f4                HAL_TIMEx_ConfigBreakDeadTime
 .text.HAL_TIMEx_CommutCallback
                0x0000000008008398       0x14 ./Drivers/STM32F4xx_HAL_Driver/Src/stm32f4xx_hal_tim_ex.o
                0x0000000008008398                HAL_TIMEx_CommutCallback
 .text.HAL_TIMEx_BreakCallback
                0x00000000080083ac       0x14 ./Drivers/STM32F4xx_HAL_Driver/Src/stm32f4xx_hal_tim_ex.o
                0x00000000080083ac                HAL_TIMEx_BreakCallback
 .text.HAL_UART_Init
                0x00000000080083c0       0x9a ./Drivers/STM32F4xx_HAL_Driver/Src/stm32f4xx_hal_uart.o
                0x00000000080083c0                HAL_UART_Init
 *fill*         0x000000000800845a        0x2 
 .text.HAL_UART_IRQHandler
                0x000000000800845c      0x51c ./Drivers/STM32F4xx_HAL_Driver/Src/stm32f4xx_hal_uart.o
                0x000000000800845c                HAL_UART_IRQHandler
 .text.HAL_UART_TxCpltCallback
                0x0000000008008978       0x14 ./Drivers/STM32F4xx_HAL_Driver/Src/stm32f4xx_hal_uart.o
                0x0000000008008978                HAL_UART_TxCpltCallback
 .text.HAL_UART_RxCpltCallback
                0x000000000800898c       0x14 ./Drivers/STM32F4xx_HAL_Driver/Src/stm32f4xx_hal_uart.o
                0x000000000800898c                HAL_UART_RxCpltCallback
 .text.HAL_UART_ErrorCallback
                0x00000000080089a0       0x14 ./Drivers/STM32F4xx_HAL_Driver/Src/stm32f4xx_hal_uart.o
                0x00000000080089a0                HAL_UART_ErrorCallback
 .text.HAL_UARTEx_RxEventCallback
                0x00000000080089b4       0x18 ./Drivers/STM32F4xx_HAL_Driver/Src/stm32f4xx_hal_uart.o
                0x00000000080089b4                HAL_UARTEx_RxEventCallback
 .text.UART_EndRxTransfer
                0x00000000080089cc       0xc6 ./Drivers/STM32F4xx_HAL_Driver/Src/stm32f4xx_hal_uart.o
 .text.UART_DMAAbortOnError
                0x0000000008008a92       0x28 ./Drivers/STM32F4xx_HAL_Driver/Src/stm32f4xx_hal_uart.o
 .text.UART_Transmit_IT
                0x0000000008008aba       0xa0 ./Drivers/STM32F4xx_HAL_Driver/Src/stm32f4xx_hal_uart.o
 .text.UART_EndTransmit_IT
                0x0000000008008b5a       0x30 ./Drivers/STM32F4xx_HAL_Driver/Src/stm32f4xx_hal_uart.o
 .text.UART_Receive_IT
                0x0000000008008b8a      0x176 ./Drivers/STM32F4xx_HAL_Driver/Src/stm32f4xx_hal_uart.o
 .text.UART_SetConfig
                0x0000000008008d00      0x4e8 ./Drivers/STM32F4xx_HAL_Driver/Src/stm32f4xx_hal_uart.o
 .text.USB_CoreInit
                0x00000000080091e8       0xc2 ./Drivers/STM32F4xx_HAL_Driver/Src/stm32f4xx_ll_usb.o
                0x00000000080091e8                USB_CoreInit
 *fill*         0x00000000080092aa        0x2 
 .text.USB_SetTurnaroundTime
                0x00000000080092ac      0x144 ./Drivers/STM32F4xx_HAL_Driver/Src/stm32f4xx_ll_usb.o
                0x00000000080092ac                USB_SetTurnaroundTime
 .text.USB_EnableGlobalInt
                0x00000000080093f0       0x22 ./Drivers/STM32F4xx_HAL_Driver/Src/stm32f4xx_ll_usb.o
                0x00000000080093f0                USB_EnableGlobalInt
 .text.USB_DisableGlobalInt
                0x0000000008009412       0x22 ./Drivers/STM32F4xx_HAL_Driver/Src/stm32f4xx_ll_usb.o
                0x0000000008009412                USB_DisableGlobalInt
 .text.USB_SetCurrentMode
                0x0000000008009434       0x98 ./Drivers/STM32F4xx_HAL_Driver/Src/stm32f4xx_ll_usb.o
                0x0000000008009434                USB_SetCurrentMode
 .text.USB_DevInit
                0x00000000080094cc      0x2bc ./Drivers/STM32F4xx_HAL_Driver/Src/stm32f4xx_ll_usb.o
                0x00000000080094cc                USB_DevInit
 .text.USB_FlushTxFifo
                0x0000000008009788       0x68 ./Drivers/STM32F4xx_HAL_Driver/Src/stm32f4xx_ll_usb.o
                0x0000000008009788                USB_FlushTxFifo
 .text.USB_FlushRxFifo
                0x00000000080097f0       0x60 ./Drivers/STM32F4xx_HAL_Driver/Src/stm32f4xx_ll_usb.o
                0x00000000080097f0                USB_FlushRxFifo
 .text.USB_SetDevSpeed
                0x0000000008009850       0x32 ./Drivers/STM32F4xx_HAL_Driver/Src/stm32f4xx_ll_usb.o
                0x0000000008009850                USB_SetDevSpeed
 .text.USB_GetDevSpeed
                0x0000000008009882       0x4a ./Drivers/STM32F4xx_HAL_Driver/Src/stm32f4xx_ll_usb.o
                0x0000000008009882                USB_GetDevSpeed
 .text.USB_ActivateEndpoint
                0x00000000080098cc      0x10e ./Drivers/STM32F4xx_HAL_Driver/Src/stm32f4xx_ll_usb.o
                0x00000000080098cc                USB_ActivateEndpoint
 *fill*         0x00000000080099da        0x2 
 .text.USB_DeactivateEndpoint
                0x00000000080099dc      0x1b8 ./Drivers/STM32F4xx_HAL_Driver/Src/stm32f4xx_ll_usb.o
                0x00000000080099dc                USB_DeactivateEndpoint
 .text.USB_EPStartXfer
                0x0000000008009b94      0x490 ./Drivers/STM32F4xx_HAL_Driver/Src/stm32f4xx_ll_usb.o
                0x0000000008009b94                USB_EPStartXfer
 .text.USB_EP0StartXfer
                0x000000000800a024      0x2b0 ./Drivers/STM32F4xx_HAL_Driver/Src/stm32f4xx_ll_usb.o
                0x000000000800a024                USB_EP0StartXfer
 .text.USB_EPStopXfer
                0x000000000800a2d4      0x154 ./Drivers/STM32F4xx_HAL_Driver/Src/stm32f4xx_ll_usb.o
                0x000000000800a2d4                USB_EPStopXfer
 .text.USB_WritePacket
                0x000000000800a428       0x7c ./Drivers/STM32F4xx_HAL_Driver/Src/stm32f4xx_ll_usb.o
                0x000000000800a428                USB_WritePacket
 .text.USB_ReadPacket
                0x000000000800a4a4       0xb0 ./Drivers/STM32F4xx_HAL_Driver/Src/stm32f4xx_ll_usb.o
                0x000000000800a4a4                USB_ReadPacket
 .text.USB_EPSetStall
                0x000000000800a554       0xdc ./Drivers/STM32F4xx_HAL_Driver/Src/stm32f4xx_ll_usb.o
                0x000000000800a554                USB_EPSetStall
 .text.USB_EPClearStall
                0x000000000800a630       0xcc ./Drivers/STM32F4xx_HAL_Driver/Src/stm32f4xx_ll_usb.o
                0x000000000800a630                USB_EPClearStall
 .text.USB_SetDevAddress
                0x000000000800a6fc       0x4c ./Drivers/STM32F4xx_HAL_Driver/Src/stm32f4xx_ll_usb.o
                0x000000000800a6fc                USB_SetDevAddress
 .text.USB_DevConnect
                0x000000000800a748       0x42 ./Drivers/STM32F4xx_HAL_Driver/Src/stm32f4xx_ll_usb.o
                0x000000000800a748                USB_DevConnect
 .text.USB_DevDisconnect
                0x000000000800a78a       0x42 ./Drivers/STM32F4xx_HAL_Driver/Src/stm32f4xx_ll_usb.o
                0x000000000800a78a                USB_DevDisconnect
 .text.USB_ReadInterrupts
                0x000000000800a7cc       0x26 ./Drivers/STM32F4xx_HAL_Driver/Src/stm32f4xx_ll_usb.o
                0x000000000800a7cc                USB_ReadInterrupts
 .text.USB_ReadDevAllOutEpInterrupt
                0x000000000800a7f2       0x34 ./Drivers/STM32F4xx_HAL_Driver/Src/stm32f4xx_ll_usb.o
                0x000000000800a7f2                USB_ReadDevAllOutEpInterrupt
 .text.USB_ReadDevAllInEpInterrupt
                0x000000000800a826       0x34 ./Drivers/STM32F4xx_HAL_Driver/Src/stm32f4xx_ll_usb.o
                0x000000000800a826                USB_ReadDevAllInEpInterrupt
 .text.USB_ReadDevOutEPInterrupt
                0x000000000800a85a       0x3c ./Drivers/STM32F4xx_HAL_Driver/Src/stm32f4xx_ll_usb.o
                0x000000000800a85a                USB_ReadDevOutEPInterrupt
 .text.USB_ReadDevInEPInterrupt
                0x000000000800a896       0x5c ./Drivers/STM32F4xx_HAL_Driver/Src/stm32f4xx_ll_usb.o
                0x000000000800a896                USB_ReadDevInEPInterrupt
 .text.USB_GetMode
                0x000000000800a8f2       0x1c ./Drivers/STM32F4xx_HAL_Driver/Src/stm32f4xx_ll_usb.o
                0x000000000800a8f2                USB_GetMode
 .text.USB_ActivateSetup
                0x000000000800a90e       0x46 ./Drivers/STM32F4xx_HAL_Driver/Src/stm32f4xx_ll_usb.o
                0x000000000800a90e                USB_ActivateSetup
 .text.USB_EP0_OutStart
                0x000000000800a954       0xbc ./Drivers/STM32F4xx_HAL_Driver/Src/stm32f4xx_ll_usb.o
                0x000000000800a954                USB_EP0_OutStart
 .text.USB_CoreReset
                0x000000000800aa10       0x68 ./Drivers/STM32F4xx_HAL_Driver/Src/stm32f4xx_ll_usb.o
 .text.USBD_CDC_Init
                0x000000000800aa78      0x1f0 ./Middlewares/ST/STM32_USB_Device_Library/Class/CDC/Src/usbd_cdc.o
 .text.USBD_CDC_DeInit
                0x000000000800ac68      0x104 ./Middlewares/ST/STM32_USB_Device_Library/Class/CDC/Src/usbd_cdc.o
 .text.USBD_CDC_Setup
                0x000000000800ad6c      0x1b8 ./Middlewares/ST/STM32_USB_Device_Library/Class/CDC/Src/usbd_cdc.o
 .text.USBD_CDC_DataIn
                0x000000000800af24       0xfe ./Middlewares/ST/STM32_USB_Device_Library/Class/CDC/Src/usbd_cdc.o
 .text.USBD_CDC_DataOut
                0x000000000800b022       0x70 ./Middlewares/ST/STM32_USB_Device_Library/Class/CDC/Src/usbd_cdc.o
 .text.USBD_CDC_EP0_RxReady
                0x000000000800b092       0x76 ./Middlewares/ST/STM32_USB_Device_Library/Class/CDC/Src/usbd_cdc.o
 .text.USBD_CDC_GetFSCfgDesc
                0x000000000800b108       0x70 ./Middlewares/ST/STM32_USB_Device_Library/Class/CDC/Src/usbd_cdc.o
 .text.USBD_CDC_GetHSCfgDesc
                0x000000000800b178       0x70 ./Middlewares/ST/STM32_USB_Device_Library/Class/CDC/Src/usbd_cdc.o
 .text.USBD_CDC_GetOtherSpeedCfgDesc
                0x000000000800b1e8       0x70 ./Middlewares/ST/STM32_USB_Device_Library/Class/CDC/Src/usbd_cdc.o
 .text.USBD_CDC_GetDeviceQualifierDescriptor
                0x000000000800b258       0x20 ./Middlewares/ST/STM32_USB_Device_Library/Class/CDC/Src/usbd_cdc.o
                0x000000000800b258                USBD_CDC_GetDeviceQualifierDescriptor
 .text.USBD_CDC_RegisterInterface
                0x000000000800b278       0x34 ./Middlewares/ST/STM32_USB_Device_Library/Class/CDC/Src/usbd_cdc.o
                0x000000000800b278                USBD_CDC_RegisterInterface
 .text.USBD_CDC_SetTxBuffer
                0x000000000800b2ac       0x44 ./Middlewares/ST/STM32_USB_Device_Library/Class/CDC/Src/usbd_cdc.o
                0x000000000800b2ac                USBD_CDC_SetTxBuffer
 .text.USBD_CDC_SetRxBuffer
                0x000000000800b2f0       0x3a ./Middlewares/ST/STM32_USB_Device_Library/Class/CDC/Src/usbd_cdc.o
                0x000000000800b2f0                USBD_CDC_SetRxBuffer
 *fill*         0x000000000800b32a        0x2 
 .text.USBD_CDC_TransmitPacket
                0x000000000800b32c       0x8c ./Middlewares/ST/STM32_USB_Device_Library/Class/CDC/Src/usbd_cdc.o
                0x000000000800b32c                USBD_CDC_TransmitPacket
 .text.USBD_CDC_ReceivePacket
                0x000000000800b3b8       0x6c ./Middlewares/ST/STM32_USB_Device_Library/Class/CDC/Src/usbd_cdc.o
                0x000000000800b3b8                USBD_CDC_ReceivePacket
 .text.USBD_Init
                0x000000000800b424       0x60 ./Middlewares/ST/STM32_USB_Device_Library/Core/Src/usbd_core.o
                0x000000000800b424                USBD_Init
 .text.USBD_RegisterClass
                0x000000000800b484       0x6c ./Middlewares/ST/STM32_USB_Device_Library/Core/Src/usbd_core.o
                0x000000000800b484                USBD_RegisterClass
 .text.USBD_Start
                0x000000000800b4f0       0x18 ./Middlewares/ST/STM32_USB_Device_Library/Core/Src/usbd_core.o
                0x000000000800b4f0                USBD_Start
 .text.USBD_RunTestMode
                0x000000000800b508       0x16 ./Middlewares/ST/STM32_USB_Device_Library/Core/Src/usbd_core.o
                0x000000000800b508                USBD_RunTestMode
 .text.USBD_SetClassConfig
                0x000000000800b51e       0x38 ./Middlewares/ST/STM32_USB_Device_Library/Core/Src/usbd_core.o
                0x000000000800b51e                USBD_SetClassConfig
 .text.USBD_ClrClassConfig
                0x000000000800b556       0x34 ./Middlewares/ST/STM32_USB_Device_Library/Core/Src/usbd_core.o
                0x000000000800b556                USBD_ClrClassConfig
 .text.USBD_LL_SetupStage
                0x000000000800b58a       0xaa ./Middlewares/ST/STM32_USB_Device_Library/Core/Src/usbd_core.o
                0x000000000800b58a                USBD_LL_SetupStage
 .text.USBD_LL_DataOutStage
                0x000000000800b634      0x166 ./Middlewares/ST/STM32_USB_Device_Library/Core/Src/usbd_core.o
                0x000000000800b634                USBD_LL_DataOutStage
 .text.USBD_LL_DataInStage
                0x000000000800b79a      0x164 ./Middlewares/ST/STM32_USB_Device_Library/Core/Src/usbd_core.o
                0x000000000800b79a                USBD_LL_DataInStage
 .text.USBD_LL_Reset
                0x000000000800b8fe       0xa4 ./Middlewares/ST/STM32_USB_Device_Library/Core/Src/usbd_core.o
                0x000000000800b8fe                USBD_LL_Reset
 .text.USBD_LL_SetSpeed
                0x000000000800b9a2       0x20 ./Middlewares/ST/STM32_USB_Device_Library/Core/Src/usbd_core.o
                0x000000000800b9a2                USBD_LL_SetSpeed
 .text.USBD_LL_Suspend
                0x000000000800b9c2       0x2c ./Middlewares/ST/STM32_USB_Device_Library/Core/Src/usbd_core.o
                0x000000000800b9c2                USBD_LL_Suspend
 .text.USBD_LL_Resume
                0x000000000800b9ee       0x30 ./Middlewares/ST/STM32_USB_Device_Library/Core/Src/usbd_core.o
                0x000000000800b9ee                USBD_LL_Resume
 .text.USBD_LL_SOF
                0x000000000800ba1e       0x40 ./Middlewares/ST/STM32_USB_Device_Library/Core/Src/usbd_core.o
                0x000000000800ba1e                USBD_LL_SOF
 .text.USBD_LL_IsoINIncomplete
                0x000000000800ba5e       0x64 ./Middlewares/ST/STM32_USB_Device_Library/Core/Src/usbd_core.o
                0x000000000800ba5e                USBD_LL_IsoINIncomplete
 .text.USBD_LL_IsoOUTIncomplete
                0x000000000800bac2       0x64 ./Middlewares/ST/STM32_USB_Device_Library/Core/Src/usbd_core.o
                0x000000000800bac2                USBD_LL_IsoOUTIncomplete
 .text.USBD_LL_DevConnected
                0x000000000800bb26       0x16 ./Middlewares/ST/STM32_USB_Device_Library/Core/Src/usbd_core.o
                0x000000000800bb26                USBD_LL_DevConnected
 .text.USBD_LL_DevDisconnected
                0x000000000800bb3c       0x46 ./Middlewares/ST/STM32_USB_Device_Library/Core/Src/usbd_core.o
                0x000000000800bb3c                USBD_LL_DevDisconnected
 .text.USBD_CoreFindIF
                0x000000000800bb82       0x1a ./Middlewares/ST/STM32_USB_Device_Library/Core/Src/usbd_core.o
                0x000000000800bb82                USBD_CoreFindIF
 .text.USBD_CoreFindEP
                0x000000000800bb9c       0x1a ./Middlewares/ST/STM32_USB_Device_Library/Core/Src/usbd_core.o
                0x000000000800bb9c                USBD_CoreFindEP
 .text.USBD_GetEpDesc
                0x000000000800bbb6       0x74 ./Middlewares/ST/STM32_USB_Device_Library/Core/Src/usbd_core.o
                0x000000000800bbb6                USBD_GetEpDesc
 .text.USBD_GetNextDesc
                0x000000000800bc2a       0x3a ./Middlewares/ST/STM32_USB_Device_Library/Core/Src/usbd_core.o
                0x000000000800bc2a                USBD_GetNextDesc
 .text.SWAPBYTE
                0x000000000800bc64       0x3c ./Middlewares/ST/STM32_USB_Device_Library/Core/Src/usbd_ctlreq.o
 .text.USBD_StdDevReq
                0x000000000800bca0       0xe4 ./Middlewares/ST/STM32_USB_Device_Library/Core/Src/usbd_ctlreq.o
                0x000000000800bca0                USBD_StdDevReq
 .text.USBD_StdItfReq
                0x000000000800bd84       0xd8 ./Middlewares/ST/STM32_USB_Device_Library/Core/Src/usbd_ctlreq.o
                0x000000000800bd84                USBD_StdItfReq
 .text.USBD_StdEPReq
                0x000000000800be5c      0x33a ./Middlewares/ST/STM32_USB_Device_Library/Core/Src/usbd_ctlreq.o
                0x000000000800be5c                USBD_StdEPReq
 *fill*         0x000000000800c196        0x2 
 .text.USBD_GetDescriptor
                0x000000000800c198      0x328 ./Middlewares/ST/STM32_USB_Device_Library/Core/Src/usbd_ctlreq.o
 .text.USBD_SetAddress
                0x000000000800c4c0       0x88 ./Middlewares/ST/STM32_USB_Device_Library/Core/Src/usbd_ctlreq.o
 .text.USBD_SetConfig
                0x000000000800c548      0x154 ./Middlewares/ST/STM32_USB_Device_Library/Core/Src/usbd_ctlreq.o
 .text.USBD_GetConfig
                0x000000000800c69c       0x6c ./Middlewares/ST/STM32_USB_Device_Library/Core/Src/usbd_ctlreq.o
 .text.USBD_GetStatus
                0x000000000800c708       0x68 ./Middlewares/ST/STM32_USB_Device_Library/Core/Src/usbd_ctlreq.o
 .text.USBD_SetFeature
                0x000000000800c770       0x52 ./Middlewares/ST/STM32_USB_Device_Library/Core/Src/usbd_ctlreq.o
 .text.USBD_ClrFeature
                0x000000000800c7c2       0x44 ./Middlewares/ST/STM32_USB_Device_Library/Core/Src/usbd_ctlreq.o
 .text.USBD_ParseSetupRequest
                0x000000000800c806       0x74 ./Middlewares/ST/STM32_USB_Device_Library/Core/Src/usbd_ctlreq.o
                0x000000000800c806                USBD_ParseSetupRequest
 .text.USBD_CtlError
                0x000000000800c87a       0x22 ./Middlewares/ST/STM32_USB_Device_Library/Core/Src/usbd_ctlreq.o
                0x000000000800c87a                USBD_CtlError
 .text.USBD_GetString
                0x000000000800c89c       0x8c ./Middlewares/ST/STM32_USB_Device_Library/Core/Src/usbd_ctlreq.o
                0x000000000800c89c                USBD_GetString
 .text.USBD_GetLen
                0x000000000800c928       0x34 ./Middlewares/ST/STM32_USB_Device_Library/Core/Src/usbd_ctlreq.o
 .text.USBD_CtlSendData
                0x000000000800c95c       0x36 ./Middlewares/ST/STM32_USB_Device_Library/Core/Src/usbd_ioreq.o
                0x000000000800c95c                USBD_CtlSendData
 .text.USBD_CtlContinueSendData
                0x000000000800c992       0x22 ./Middlewares/ST/STM32_USB_Device_Library/Core/Src/usbd_ioreq.o
                0x000000000800c992                USBD_CtlContinueSendData
 .text.USBD_CtlPrepareRx
                0x000000000800c9b4       0x3a ./Middlewares/ST/STM32_USB_Device_Library/Core/Src/usbd_ioreq.o
                0x000000000800c9b4                USBD_CtlPrepareRx
 .text.USBD_CtlContinueRx
                0x000000000800c9ee       0x22 ./Middlewares/ST/STM32_USB_Device_Library/Core/Src/usbd_ioreq.o
                0x000000000800c9ee                USBD_CtlContinueRx
 .text.USBD_CtlSendStatus
                0x000000000800ca10       0x26 ./Middlewares/ST/STM32_USB_Device_Library/Core/Src/usbd_ioreq.o
                0x000000000800ca10                USBD_CtlSendStatus
 .text.USBD_CtlReceiveStatus
                0x000000000800ca36       0x26 ./Middlewares/ST/STM32_USB_Device_Library/Core/Src/usbd_ioreq.o
                0x000000000800ca36                USBD_CtlReceiveStatus
 .text.MX_USB_DEVICE_Init
                0x000000000800ca5c       0x60 ./USB_DEVICE/App/usb_device.o
                0x000000000800ca5c                MX_USB_DEVICE_Init
 .text.CDC_Init_FS
                0x000000000800cabc       0x28 ./USB_DEVICE/App/usbd_cdc_if.o
 .text.CDC_DeInit_FS
                0x000000000800cae4       0x10 ./USB_DEVICE/App/usbd_cdc_if.o
 .text.CDC_Control_FS
                0x000000000800caf4       0xbc ./USB_DEVICE/App/usbd_cdc_if.o
 .text.CDC_Receive_FS
                0x000000000800cbb0      0x188 ./USB_DEVICE/App/usbd_cdc_if.o
 .text.CDC_Transmit_FS
                0x000000000800cd38       0x4c ./USB_DEVICE/App/usbd_cdc_if.o
                0x000000000800cd38                CDC_Transmit_FS
 .text.CDC_TransmitCplt_FS
                0x000000000800cd84       0x22 ./USB_DEVICE/App/usbd_cdc_if.o
 *fill*         0x000000000800cda6        0x2 
 .text.USBD_FS_DeviceDescriptor
                0x000000000800cda8       0x24 ./USB_DEVICE/App/usbd_desc.o
                0x000000000800cda8                USBD_FS_DeviceDescriptor
 .text.USBD_FS_LangIDStrDescriptor
                0x000000000800cdcc       0x24 ./USB_DEVICE/App/usbd_desc.o
                0x000000000800cdcc                USBD_FS_LangIDStrDescriptor
 .text.USBD_FS_ProductStrDescriptor
                0x000000000800cdf0       0x3c ./USB_DEVICE/App/usbd_desc.o
                0x000000000800cdf0                USBD_FS_ProductStrDescriptor
 .text.USBD_FS_ManufacturerStrDescriptor
                0x000000000800ce2c       0x28 ./USB_DEVICE/App/usbd_desc.o
                0x000000000800ce2c                USBD_FS_ManufacturerStrDescriptor
 .text.USBD_FS_SerialStrDescriptor
                0x000000000800ce54       0x24 ./USB_DEVICE/App/usbd_desc.o
                0x000000000800ce54                USBD_FS_SerialStrDescriptor
 .text.USBD_FS_ConfigStrDescriptor
                0x000000000800ce78       0x3c ./USB_DEVICE/App/usbd_desc.o
                0x000000000800ce78                USBD_FS_ConfigStrDescriptor
 .text.USBD_FS_InterfaceStrDescriptor
                0x000000000800ceb4       0x3c ./USB_DEVICE/App/usbd_desc.o
                0x000000000800ceb4                USBD_FS_InterfaceStrDescriptor
 .text.USBD_FS_USR_BOSDescriptor
                0x000000000800cef0       0x24 ./USB_DEVICE/App/usbd_desc.o
                0x000000000800cef0                USBD_FS_USR_BOSDescriptor
 .text.Get_SerialNum
                0x000000000800cf14       0x58 ./USB_DEVICE/App/usbd_desc.o
 .text.IntToUnicode
                0x000000000800cf6c       0x7e ./USB_DEVICE/App/usbd_desc.o
 *fill*         0x000000000800cfea        0x2 
 .text.HAL_PCD_MspInit
                0x000000000800cfec       0xf0 ./USB_DEVICE/Target/usbd_conf.o
                0x000000000800cfec                HAL_PCD_MspInit
 .text.HAL_PCD_SetupStageCallback
                0x000000000800d0dc       0x24 ./USB_DEVICE/Target/usbd_conf.o
                0x000000000800d0dc                HAL_PCD_SetupStageCallback
 .text.HAL_PCD_DataOutStageCallback
                0x000000000800d100       0x36 ./USB_DEVICE/Target/usbd_conf.o
                0x000000000800d100                HAL_PCD_DataOutStageCallback
 .text.HAL_PCD_DataInStageCallback
                0x000000000800d136       0x34 ./USB_DEVICE/Target/usbd_conf.o
                0x000000000800d136                HAL_PCD_DataInStageCallback
 .text.HAL_PCD_SOFCallback
                0x000000000800d16a       0x1c ./USB_DEVICE/Target/usbd_conf.o
                0x000000000800d16a                HAL_PCD_SOFCallback
 .text.HAL_PCD_ResetCallback
                0x000000000800d186       0x50 ./USB_DEVICE/Target/usbd_conf.o
                0x000000000800d186                HAL_PCD_ResetCallback
 *fill*         0x000000000800d1d6        0x2 
 .text.HAL_PCD_SuspendCallback
                0x000000000800d1d8       0x4c ./USB_DEVICE/Target/usbd_conf.o
                0x000000000800d1d8                HAL_PCD_SuspendCallback
 .text.HAL_PCD_ResumeCallback
                0x000000000800d224       0x1c ./USB_DEVICE/Target/usbd_conf.o
                0x000000000800d224                HAL_PCD_ResumeCallback
 .text.HAL_PCD_ISOOUTIncompleteCallback
                0x000000000800d240       0x24 ./USB_DEVICE/Target/usbd_conf.o
                0x000000000800d240                HAL_PCD_ISOOUTIncompleteCallback
 .text.HAL_PCD_ISOINIncompleteCallback
                0x000000000800d264       0x24 ./USB_DEVICE/Target/usbd_conf.o
                0x000000000800d264                HAL_PCD_ISOINIncompleteCallback
 .text.HAL_PCD_ConnectCallback
                0x000000000800d288       0x1c ./USB_DEVICE/Target/usbd_conf.o
                0x000000000800d288                HAL_PCD_ConnectCallback
 .text.HAL_PCD_DisconnectCallback
                0x000000000800d2a4       0x1c ./USB_DEVICE/Target/usbd_conf.o
                0x000000000800d2a4                HAL_PCD_DisconnectCallback
 .text.USBD_LL_Init
                0x000000000800d2c0       0x98 ./USB_DEVICE/Target/usbd_conf.o
                0x000000000800d2c0                USBD_LL_Init
 .text.USBD_LL_Start
                0x000000000800d358       0x36 ./USB_DEVICE/Target/usbd_conf.o
                0x000000000800d358                USBD_LL_Start
 .text.USBD_LL_OpenEP
                0x000000000800d38e       0x4c ./USB_DEVICE/Target/usbd_conf.o
                0x000000000800d38e                USBD_LL_OpenEP
 .text.USBD_LL_CloseEP
                0x000000000800d3da       0x3e ./USB_DEVICE/Target/usbd_conf.o
                0x000000000800d3da                USBD_LL_CloseEP
 .text.USBD_LL_StallEP
                0x000000000800d418       0x3e ./USB_DEVICE/Target/usbd_conf.o
                0x000000000800d418                USBD_LL_StallEP
 .text.USBD_LL_ClearStallEP
                0x000000000800d456       0x3e ./USB_DEVICE/Target/usbd_conf.o
                0x000000000800d456                USBD_LL_ClearStallEP
 .text.USBD_LL_IsStallEP
                0x000000000800d494       0x58 ./USB_DEVICE/Target/usbd_conf.o
                0x000000000800d494                USBD_LL_IsStallEP
 .text.USBD_LL_SetUSBAddress
                0x000000000800d4ec       0x3e ./USB_DEVICE/Target/usbd_conf.o
                0x000000000800d4ec                USBD_LL_SetUSBAddress
 .text.USBD_LL_Transmit
                0x000000000800d52a       0x42 ./USB_DEVICE/Target/usbd_conf.o
                0x000000000800d52a                USBD_LL_Transmit
 .text.USBD_LL_PrepareReceive
                0x000000000800d56c       0x42 ./USB_DEVICE/Target/usbd_conf.o
                0x000000000800d56c                USBD_LL_PrepareReceive
 .text.USBD_LL_GetRxDataSize
                0x000000000800d5ae       0x26 ./USB_DEVICE/Target/usbd_conf.o
                0x000000000800d5ae                USBD_LL_GetRxDataSize
 .text.HAL_PCDEx_LPM_Callback
                0x000000000800d5d4       0x9c ./USB_DEVICE/Target/usbd_conf.o
                0x000000000800d5d4                HAL_PCDEx_LPM_Callback
 .text.USBD_static_malloc
                0x000000000800d670       0x1c ./USB_DEVICE/Target/usbd_conf.o
                0x000000000800d670                USBD_static_malloc
 .text.USBD_static_free
                0x000000000800d68c       0x14 ./USB_DEVICE/Target/usbd_conf.o
                0x000000000800d68c                USBD_static_free
 .text.USBD_Get_USB_Status
                0x000000000800d6a0       0x58 ./USB_DEVICE/Target/usbd_conf.o
                0x000000000800d6a0                USBD_Get_USB_Status
 .text.atof     0x000000000800d6f8        0x6 /opt/st/stm32cubeide_1.9.0/plugins/com.st.stm32cube.ide.mcu.externaltools.gnu-tools-for-stm32.10.3-2021.10.linux64_1.0.0.202111181127/tools/bin/../lib/gcc/arm-none-eabi/10.3.1/../../../../arm-none-eabi/lib/thumb/v7e-m+fp/hard/libc_nano.a(lib_a-atof.o)
                0x000000000800d6f8                atof
 *fill*         0x000000000800d6fe        0x2 
 .text.__errno  0x000000000800d700        0xc /opt/st/stm32cubeide_1.9.0/plugins/com.st.stm32cube.ide.mcu.externaltools.gnu-tools-for-stm32.10.3-2021.10.linux64_1.0.0.202111181127/tools/bin/../lib/gcc/arm-none-eabi/10.3.1/../../../../arm-none-eabi/lib/thumb/v7e-m+fp/hard/libc_nano.a(lib_a-errno.o)
                0x000000000800d700                __errno
 .text.__libc_init_array
                0x000000000800d70c       0x48 /opt/st/stm32cubeide_1.9.0/plugins/com.st.stm32cube.ide.mcu.externaltools.gnu-tools-for-stm32.10.3-2021.10.linux64_1.0.0.202111181127/tools/bin/../lib/gcc/arm-none-eabi/10.3.1/../../../../arm-none-eabi/lib/thumb/v7e-m+fp/hard/libc_nano.a(lib_a-init.o)
                0x000000000800d70c                __libc_init_array
 .text.memcpy   0x000000000800d754       0x1c /opt/st/stm32cubeide_1.9.0/plugins/com.st.stm32cube.ide.mcu.externaltools.gnu-tools-for-stm32.10.3-2021.10.linux64_1.0.0.202111181127/tools/bin/../lib/gcc/arm-none-eabi/10.3.1/../../../../arm-none-eabi/lib/thumb/v7e-m+fp/hard/libc_nano.a(lib_a-memcpy-stub.o)
                0x000000000800d754                memcpy
 .text.memset   0x000000000800d770       0x10 /opt/st/stm32cubeide_1.9.0/plugins/com.st.stm32cube.ide.mcu.externaltools.gnu-tools-for-stm32.10.3-2021.10.linux64_1.0.0.202111181127/tools/bin/../lib/gcc/arm-none-eabi/10.3.1/../../../../arm-none-eabi/lib/thumb/v7e-m+fp/hard/libc_nano.a(lib_a-memset.o)
                0x000000000800d770                memset
 .text.__cvt    0x000000000800d780       0xc4 /opt/st/stm32cubeide_1.9.0/plugins/com.st.stm32cube.ide.mcu.externaltools.gnu-tools-for-stm32.10.3-2021.10.linux64_1.0.0.202111181127/tools/bin/../lib/gcc/arm-none-eabi/10.3.1/../../../../arm-none-eabi/lib/thumb/v7e-m+fp/hard/libc_nano.a(lib_a-nano-vfprintf_float.o)
                0x000000000800d780                __cvt
 .text.__exponent
                0x000000000800d844       0x7c /opt/st/stm32cubeide_1.9.0/plugins/com.st.stm32cube.ide.mcu.externaltools.gnu-tools-for-stm32.10.3-2021.10.linux64_1.0.0.202111181127/tools/bin/../lib/gcc/arm-none-eabi/10.3.1/../../../../arm-none-eabi/lib/thumb/v7e-m+fp/hard/libc_nano.a(lib_a-nano-vfprintf_float.o)
                0x000000000800d844                __exponent
 .text._printf_float
                0x000000000800d8c0      0x46c /opt/st/stm32cubeide_1.9.0/plugins/com.st.stm32cube.ide.mcu.externaltools.gnu-tools-for-stm32.10.3-2021.10.linux64_1.0.0.202111181127/tools/bin/../lib/gcc/arm-none-eabi/10.3.1/../../../../arm-none-eabi/lib/thumb/v7e-m+fp/hard/libc_nano.a(lib_a-nano-vfprintf_float.o)
                0x000000000800d8c0                _printf_float
 .text._printf_common
                0x000000000800dd2c       0xda /opt/st/stm32cubeide_1.9.0/plugins/com.st.stm32cube.ide.mcu.externaltools.gnu-tools-for-stm32.10.3-2021.10.linux64_1.0.0.202111181127/tools/bin/../lib/gcc/arm-none-eabi/10.3.1/../../../../arm-none-eabi/lib/thumb/v7e-m+fp/hard/libc_nano.a(lib_a-nano-vfprintf_i.o)
                0x000000000800dd2c                _printf_common
 *fill*         0x000000000800de06        0x2 
 .text._printf_i
                0x000000000800de08      0x24c /opt/st/stm32cubeide_1.9.0/plugins/com.st.stm32cube.ide.mcu.externaltools.gnu-tools-for-stm32.10.3-2021.10.linux64_1.0.0.202111181127/tools/bin/../lib/gcc/arm-none-eabi/10.3.1/../../../../arm-none-eabi/lib/thumb/v7e-m+fp/hard/libc_nano.a(lib_a-nano-vfprintf_i.o)
                0x000000000800de08                _printf_i
 .text.sprintf  0x000000000800e054       0x40 /opt/st/stm32cubeide_1.9.0/plugins/com.st.stm32cube.ide.mcu.externaltools.gnu-tools-for-stm32.10.3-2021.10.linux64_1.0.0.202111181127/tools/bin/../lib/gcc/arm-none-eabi/10.3.1/../../../../arm-none-eabi/lib/thumb/v7e-m+fp/hard/libc_nano.a(lib_a-sprintf.o)
                0x000000000800e054                sprintf
                0x000000000800e054                siprintf
 .text.strcat   0x000000000800e094       0x1e /opt/st/stm32cubeide_1.9.0/plugins/com.st.stm32cube.ide.mcu.externaltools.gnu-tools-for-stm32.10.3-2021.10.linux64_1.0.0.202111181127/tools/bin/../lib/gcc/arm-none-eabi/10.3.1/../../../../arm-none-eabi/lib/thumb/v7e-m+fp/hard/libc_nano.a(lib_a-strcat.o)
                0x000000000800e094                strcat
 .text.strcpy   0x000000000800e0b2       0x10 /opt/st/stm32cubeide_1.9.0/plugins/com.st.stm32cube.ide.mcu.externaltools.gnu-tools-for-stm32.10.3-2021.10.linux64_1.0.0.202111181127/tools/bin/../lib/gcc/arm-none-eabi/10.3.1/../../../../arm-none-eabi/lib/thumb/v7e-m+fp/hard/libc_nano.a(lib_a-strcpy.o)
                0x000000000800e0b2                strcpy
 .text.sulp     0x000000000800e0c2       0x38 /opt/st/stm32cubeide_1.9.0/plugins/com.st.stm32cube.ide.mcu.externaltools.gnu-tools-for-stm32.10.3-2021.10.linux64_1.0.0.202111181127/tools/bin/../lib/gcc/arm-none-eabi/10.3.1/../../../../arm-none-eabi/lib/thumb/v7e-m+fp/hard/libc_nano.a(lib_a-strtod.o)
 *fill*         0x000000000800e0fa        0x6 
 .text._strtod_l
                0x000000000800e100      0xc0c /opt/st/stm32cubeide_1.9.0/plugins/com.st.stm32cube.ide.mcu.externaltools.gnu-tools-for-stm32.10.3-2021.10.linux64_1.0.0.202111181127/tools/bin/../lib/gcc/arm-none-eabi/10.3.1/../../../../arm-none-eabi/lib/thumb/v7e-m+fp/hard/libc_nano.a(lib_a-strtod.o)
                0x000000000800e100                _strtod_l
 .text.strtod   0x000000000800ed0c       0x18 /opt/st/stm32cubeide_1.9.0/plugins/com.st.stm32cube.ide.mcu.externaltools.gnu-tools-for-stm32.10.3-2021.10.linux64_1.0.0.202111181127/tools/bin/../lib/gcc/arm-none-eabi/10.3.1/../../../../arm-none-eabi/lib/thumb/v7e-m+fp/hard/libc_nano.a(lib_a-strtod.o)
                0x000000000800ed0c                strtod
 .text.quorem   0x000000000800ed24      0x116 /opt/st/stm32cubeide_1.9.0/plugins/com.st.stm32cube.ide.mcu.externaltools.gnu-tools-for-stm32.10.3-2021.10.linux64_1.0.0.202111181127/tools/bin/../lib/gcc/arm-none-eabi/10.3.1/../../../../arm-none-eabi/lib/thumb/v7e-m+fp/hard/libc_nano.a(lib_a-dtoa.o)
 *fill*         0x000000000800ee3a        0x6 
 .text._dtoa_r  0x000000000800ee40      0xbdc /opt/st/stm32cubeide_1.9.0/plugins/com.st.stm32cube.ide.mcu.externaltools.gnu-tools-for-stm32.10.3-2021.10.linux64_1.0.0.202111181127/tools/bin/../lib/gcc/arm-none-eabi/10.3.1/../../../../arm-none-eabi/lib/thumb/v7e-m+fp/hard/libc_nano.a(lib_a-dtoa.o)
                0x000000000800ee40                _dtoa_r
 .text.rshift   0x000000000800fa1c       0xa4 /opt/st/stm32cubeide_1.9.0/plugins/com.st.stm32cube.ide.mcu.externaltools.gnu-tools-for-stm32.10.3-2021.10.linux64_1.0.0.202111181127/tools/bin/../lib/gcc/arm-none-eabi/10.3.1/../../../../arm-none-eabi/lib/thumb/v7e-m+fp/hard/libc_nano.a(lib_a-gdtoa-gethex.o)
 .text.__hexdig_fun
                0x000000000800fac0       0x2a /opt/st/stm32cubeide_1.9.0/plugins/com.st.stm32cube.ide.mcu.externaltools.gnu-tools-for-stm32.10.3-2021.10.linux64_1.0.0.202111181127/tools/bin/../lib/gcc/arm-none-eabi/10.3.1/../../../../arm-none-eabi/lib/thumb/v7e-m+fp/hard/libc_nano.a(lib_a-gdtoa-gethex.o)
                0x000000000800fac0                __hexdig_fun
 *fill*         0x000000000800faea        0x2 
 .text.__gethex
                0x000000000800faec      0x48c /opt/st/stm32cubeide_1.9.0/plugins/com.st.stm32cube.ide.mcu.externaltools.gnu-tools-for-stm32.10.3-2021.10.linux64_1.0.0.202111181127/tools/bin/../lib/gcc/arm-none-eabi/10.3.1/../../../../arm-none-eabi/lib/thumb/v7e-m+fp/hard/libc_nano.a(lib_a-gdtoa-gethex.o)
                0x000000000800faec                __gethex
 .text.L_shift  0x000000000800ff78       0x24 /opt/st/stm32cubeide_1.9.0/plugins/com.st.stm32cube.ide.mcu.externaltools.gnu-tools-for-stm32.10.3-2021.10.linux64_1.0.0.202111181127/tools/bin/../lib/gcc/arm-none-eabi/10.3.1/../../../../arm-none-eabi/lib/thumb/v7e-m+fp/hard/libc_nano.a(lib_a-gdtoa-hexnan.o)
 .text.__match  0x000000000800ff9c       0x28 /opt/st/stm32cubeide_1.9.0/plugins/com.st.stm32cube.ide.mcu.externaltools.gnu-tools-for-stm32.10.3-2021.10.linux64_1.0.0.202111181127/tools/bin/../lib/gcc/arm-none-eabi/10.3.1/../../../../arm-none-eabi/lib/thumb/v7e-m+fp/hard/libc_nano.a(lib_a-gdtoa-hexnan.o)
                0x000000000800ff9c                __match
 .text.__hexnan
                0x000000000800ffc4      0x138 /opt/st/stm32cubeide_1.9.0/plugins/com.st.stm32cube.ide.mcu.externaltools.gnu-tools-for-stm32.10.3-2021.10.linux64_1.0.0.202111181127/tools/bin/../lib/gcc/arm-none-eabi/10.3.1/../../../../arm-none-eabi/lib/thumb/v7e-m+fp/hard/libc_nano.a(lib_a-gdtoa-hexnan.o)
                0x000000000800ffc4                __hexnan
 .text._localeconv_r
                0x00000000080100fc        0x8 /opt/st/stm32cubeide_1.9.0/plugins/com.st.stm32cube.ide.mcu.externaltools.gnu-tools-for-stm32.10.3-2021.10.linux64_1.0.0.202111181127/tools/bin/../lib/gcc/arm-none-eabi/10.3.1/../../../../arm-none-eabi/lib/thumb/v7e-m+fp/hard/libc_nano.a(lib_a-localeconv.o)
                0x00000000080100fc                _localeconv_r
 .text.malloc   0x0000000008010104       0x10 /opt/st/stm32cubeide_1.9.0/plugins/com.st.stm32cube.ide.mcu.externaltools.gnu-tools-for-stm32.10.3-2021.10.linux64_1.0.0.202111181127/tools/bin/../lib/gcc/arm-none-eabi/10.3.1/../../../../arm-none-eabi/lib/thumb/v7e-m+fp/hard/libc_nano.a(lib_a-malloc.o)
                0x0000000008010104                malloc
 .text.__ascii_mbtowc
                0x0000000008010114       0x24 /opt/st/stm32cubeide_1.9.0/plugins/com.st.stm32cube.ide.mcu.externaltools.gnu-tools-for-stm32.10.3-2021.10.linux64_1.0.0.202111181127/tools/bin/../lib/gcc/arm-none-eabi/10.3.1/../../../../arm-none-eabi/lib/thumb/v7e-m+fp/hard/libc_nano.a(lib_a-mbtowc_r.o)
                0x0000000008010114                __ascii_mbtowc
 .text._Balloc  0x0000000008010138       0x80 /opt/st/stm32cubeide_1.9.0/plugins/com.st.stm32cube.ide.mcu.externaltools.gnu-tools-for-stm32.10.3-2021.10.linux64_1.0.0.202111181127/tools/bin/../lib/gcc/arm-none-eabi/10.3.1/../../../../arm-none-eabi/lib/thumb/v7e-m+fp/hard/libc_nano.a(lib_a-mprec.o)
                0x0000000008010138                _Balloc
 .text._Bfree   0x00000000080101b8       0x44 /opt/st/stm32cubeide_1.9.0/plugins/com.st.stm32cube.ide.mcu.externaltools.gnu-tools-for-stm32.10.3-2021.10.linux64_1.0.0.202111181127/tools/bin/../lib/gcc/arm-none-eabi/10.3.1/../../../../arm-none-eabi/lib/thumb/v7e-m+fp/hard/libc_nano.a(lib_a-mprec.o)
                0x00000000080101b8                _Bfree
 .text.__multadd
                0x00000000080101fc       0x8c /opt/st/stm32cubeide_1.9.0/plugins/com.st.stm32cube.ide.mcu.externaltools.gnu-tools-for-stm32.10.3-2021.10.linux64_1.0.0.202111181127/tools/bin/../lib/gcc/arm-none-eabi/10.3.1/../../../../arm-none-eabi/lib/thumb/v7e-m+fp/hard/libc_nano.a(lib_a-mprec.o)
                0x00000000080101fc                __multadd
 .text.__s2b    0x0000000008010288       0x94 /opt/st/stm32cubeide_1.9.0/plugins/com.st.stm32cube.ide.mcu.externaltools.gnu-tools-for-stm32.10.3-2021.10.linux64_1.0.0.202111181127/tools/bin/../lib/gcc/arm-none-eabi/10.3.1/../../../../arm-none-eabi/lib/thumb/v7e-m+fp/hard/libc_nano.a(lib_a-mprec.o)
                0x0000000008010288                __s2b
 .text.__hi0bits
                0x000000000801031c       0x40 /opt/st/stm32cubeide_1.9.0/plugins/com.st.stm32cube.ide.mcu.externaltools.gnu-tools-for-stm32.10.3-2021.10.linux64_1.0.0.202111181127/tools/bin/../lib/gcc/arm-none-eabi/10.3.1/../../../../arm-none-eabi/lib/thumb/v7e-m+fp/hard/libc_nano.a(lib_a-mprec.o)
                0x000000000801031c                __hi0bits
 .text.__lo0bits
                0x000000000801035c       0x5e /opt/st/stm32cubeide_1.9.0/plugins/com.st.stm32cube.ide.mcu.externaltools.gnu-tools-for-stm32.10.3-2021.10.linux64_1.0.0.202111181127/tools/bin/../lib/gcc/arm-none-eabi/10.3.1/../../../../arm-none-eabi/lib/thumb/v7e-m+fp/hard/libc_nano.a(lib_a-mprec.o)
                0x000000000801035c                __lo0bits
 *fill*         0x00000000080103ba        0x2 
 .text.__i2b    0x00000000080103bc       0x2c /opt/st/stm32cubeide_1.9.0/plugins/com.st.stm32cube.ide.mcu.externaltools.gnu-tools-for-stm32.10.3-2021.10.linux64_1.0.0.202111181127/tools/bin/../lib/gcc/arm-none-eabi/10.3.1/../../../../arm-none-eabi/lib/thumb/v7e-m+fp/hard/libc_nano.a(lib_a-mprec.o)
                0x00000000080103bc                __i2b
 .text.__multiply
                0x00000000080103e8      0x154 /opt/st/stm32cubeide_1.9.0/plugins/com.st.stm32cube.ide.mcu.externaltools.gnu-tools-for-stm32.10.3-2021.10.linux64_1.0.0.202111181127/tools/bin/../lib/gcc/arm-none-eabi/10.3.1/../../../../arm-none-eabi/lib/thumb/v7e-m+fp/hard/libc_nano.a(lib_a-mprec.o)
                0x00000000080103e8                __multiply
 .text.__pow5mult
                0x000000000801053c       0xb4 /opt/st/stm32cubeide_1.9.0/plugins/com.st.stm32cube.ide.mcu.externaltools.gnu-tools-for-stm32.10.3-2021.10.linux64_1.0.0.202111181127/tools/bin/../lib/gcc/arm-none-eabi/10.3.1/../../../../arm-none-eabi/lib/thumb/v7e-m+fp/hard/libc_nano.a(lib_a-mprec.o)
                0x000000000801053c                __pow5mult
 .text.__lshift
                0x00000000080105f0       0xe0 /opt/st/stm32cubeide_1.9.0/plugins/com.st.stm32cube.ide.mcu.externaltools.gnu-tools-for-stm32.10.3-2021.10.linux64_1.0.0.202111181127/tools/bin/../lib/gcc/arm-none-eabi/10.3.1/../../../../arm-none-eabi/lib/thumb/v7e-m+fp/hard/libc_nano.a(lib_a-mprec.o)
                0x00000000080105f0                __lshift
 .text.__mcmp   0x00000000080106d0       0x38 /opt/st/stm32cubeide_1.9.0/plugins/com.st.stm32cube.ide.mcu.externaltools.gnu-tools-for-stm32.10.3-2021.10.linux64_1.0.0.202111181127/tools/bin/../lib/gcc/arm-none-eabi/10.3.1/../../../../arm-none-eabi/lib/thumb/v7e-m+fp/hard/libc_nano.a(lib_a-mprec.o)
                0x00000000080106d0                __mcmp
 .text.__mdiff  0x0000000008010708      0x114 /opt/st/stm32cubeide_1.9.0/plugins/com.st.stm32cube.ide.mcu.externaltools.gnu-tools-for-stm32.10.3-2021.10.linux64_1.0.0.202111181127/tools/bin/../lib/gcc/arm-none-eabi/10.3.1/../../../../arm-none-eabi/lib/thumb/v7e-m+fp/hard/libc_nano.a(lib_a-mprec.o)
                0x0000000008010708                __mdiff
 .text.__ulp    0x000000000801081c       0x58 /opt/st/stm32cubeide_1.9.0/plugins/com.st.stm32cube.ide.mcu.externaltools.gnu-tools-for-stm32.10.3-2021.10.linux64_1.0.0.202111181127/tools/bin/../lib/gcc/arm-none-eabi/10.3.1/../../../../arm-none-eabi/lib/thumb/v7e-m+fp/hard/libc_nano.a(lib_a-mprec.o)
                0x000000000801081c                __ulp
 .text.__b2d    0x0000000008010874       0xa0 /opt/st/stm32cubeide_1.9.0/plugins/com.st.stm32cube.ide.mcu.externaltools.gnu-tools-for-stm32.10.3-2021.10.linux64_1.0.0.202111181127/tools/bin/../lib/gcc/arm-none-eabi/10.3.1/../../../../arm-none-eabi/lib/thumb/v7e-m+fp/hard/libc_nano.a(lib_a-mprec.o)
                0x0000000008010874                __b2d
 .text.__d2b    0x0000000008010914       0xb8 /opt/st/stm32cubeide_1.9.0/plugins/com.st.stm32cube.ide.mcu.externaltools.gnu-tools-for-stm32.10.3-2021.10.linux64_1.0.0.202111181127/tools/bin/../lib/gcc/arm-none-eabi/10.3.1/../../../../arm-none-eabi/lib/thumb/v7e-m+fp/hard/libc_nano.a(lib_a-mprec.o)
                0x0000000008010914                __d2b
 .text.__ratio  0x00000000080109cc       0x66 /opt/st/stm32cubeide_1.9.0/plugins/com.st.stm32cube.ide.mcu.externaltools.gnu-tools-for-stm32.10.3-2021.10.linux64_1.0.0.202111181127/tools/bin/../lib/gcc/arm-none-eabi/10.3.1/../../../../arm-none-eabi/lib/thumb/v7e-m+fp/hard/libc_nano.a(lib_a-mprec.o)
                0x00000000080109cc                __ratio
 .text.__copybits
                0x0000000008010a32       0x46 /opt/st/stm32cubeide_1.9.0/plugins/com.st.stm32cube.ide.mcu.externaltools.gnu-tools-for-stm32.10.3-2021.10.linux64_1.0.0.202111181127/tools/bin/../lib/gcc/arm-none-eabi/10.3.1/../../../../arm-none-eabi/lib/thumb/v7e-m+fp/hard/libc_nano.a(lib_a-mprec.o)
                0x0000000008010a32                __copybits
 .text.__any_on
                0x0000000008010a78       0x42 /opt/st/stm32cubeide_1.9.0/plugins/com.st.stm32cube.ide.mcu.externaltools.gnu-tools-for-stm32.10.3-2021.10.linux64_1.0.0.202111181127/tools/bin/../lib/gcc/arm-none-eabi/10.3.1/../../../../arm-none-eabi/lib/thumb/v7e-m+fp/hard/libc_nano.a(lib_a-mprec.o)
                0x0000000008010a78                __any_on
 .text._calloc_r
                0x0000000008010aba       0x2c /opt/st/stm32cubeide_1.9.0/plugins/com.st.stm32cube.ide.mcu.externaltools.gnu-tools-for-stm32.10.3-2021.10.linux64_1.0.0.202111181127/tools/bin/../lib/gcc/arm-none-eabi/10.3.1/../../../../arm-none-eabi/lib/thumb/v7e-m+fp/hard/libc_nano.a(lib_a-nano-callocr.o)
                0x0000000008010aba                _calloc_r
 *fill*         0x0000000008010ae6        0x2 
 .text._free_r  0x0000000008010ae8       0x98 /opt/st/stm32cubeide_1.9.0/plugins/com.st.stm32cube.ide.mcu.externaltools.gnu-tools-for-stm32.10.3-2021.10.linux64_1.0.0.202111181127/tools/bin/../lib/gcc/arm-none-eabi/10.3.1/../../../../arm-none-eabi/lib/thumb/v7e-m+fp/hard/libc_nano.a(lib_a-nano-freer.o)
                0x0000000008010ae8                _free_r
 .text.sbrk_aligned
                0x0000000008010b80       0x40 /opt/st/stm32cubeide_1.9.0/plugins/com.st.stm32cube.ide.mcu.externaltools.gnu-tools-for-stm32.10.3-2021.10.linux64_1.0.0.202111181127/tools/bin/../lib/gcc/arm-none-eabi/10.3.1/../../../../arm-none-eabi/lib/thumb/v7e-m+fp/hard/libc_nano.a(lib_a-nano-mallocr.o)
 .text._malloc_r
                0x0000000008010bc0       0xe8 /opt/st/stm32cubeide_1.9.0/plugins/com.st.stm32cube.ide.mcu.externaltools.gnu-tools-for-stm32.10.3-2021.10.linux64_1.0.0.202111181127/tools/bin/../lib/gcc/arm-none-eabi/10.3.1/../../../../arm-none-eabi/lib/thumb/v7e-m+fp/hard/libc_nano.a(lib_a-nano-mallocr.o)
                0x0000000008010bc0                _malloc_r
 .text.__ssputs_r
                0x0000000008010ca8       0xb6 /opt/st/stm32cubeide_1.9.0/plugins/com.st.stm32cube.ide.mcu.externaltools.gnu-tools-for-stm32.10.3-2021.10.linux64_1.0.0.202111181127/tools/bin/../lib/gcc/arm-none-eabi/10.3.1/../../../../arm-none-eabi/lib/thumb/v7e-m+fp/hard/libc_nano.a(lib_a-nano-svfprintf.o)
                0x0000000008010ca8                __ssputs_r
 *fill*         0x0000000008010d5e        0x2 
 .text._svfprintf_r
                0x0000000008010d60      0x200 /opt/st/stm32cubeide_1.9.0/plugins/com.st.stm32cube.ide.mcu.externaltools.gnu-tools-for-stm32.10.3-2021.10.linux64_1.0.0.202111181127/tools/bin/../lib/gcc/arm-none-eabi/10.3.1/../../../../arm-none-eabi/lib/thumb/v7e-m+fp/hard/libc_nano.a(lib_a-nano-svfprintf.o)
                0x0000000008010d60                _svfprintf_r
                0x0000000008010d60                _svfiprintf_r
 .text.nan      0x0000000008010f60       0x10 /opt/st/stm32cubeide_1.9.0/plugins/com.st.stm32cube.ide.mcu.externaltools.gnu-tools-for-stm32.10.3-2021.10.linux64_1.0.0.202111181127/tools/bin/../lib/gcc/arm-none-eabi/10.3.1/../../../../arm-none-eabi/lib/thumb/v7e-m+fp/hard/libc_nano.a(lib_a-s_nan.o)
                0x0000000008010f60                nan
 .text._sbrk_r  0x0000000008010f70       0x20 /opt/st/stm32cubeide_1.9.0/plugins/com.st.stm32cube.ide.mcu.externaltools.gnu-tools-for-stm32.10.3-2021.10.linux64_1.0.0.202111181127/tools/bin/../lib/gcc/arm-none-eabi/10.3.1/../../../../arm-none-eabi/lib/thumb/v7e-m+fp/hard/libc_nano.a(lib_a-sbrkr.o)
                0x0000000008010f70                _sbrk_r
 .text.strncmp  0x0000000008010f90       0x28 /opt/st/stm32cubeide_1.9.0/plugins/com.st.stm32cube.ide.mcu.externaltools.gnu-tools-for-stm32.10.3-2021.10.linux64_1.0.0.202111181127/tools/bin/../lib/gcc/arm-none-eabi/10.3.1/../../../../arm-none-eabi/lib/thumb/v7e-m+fp/hard/libc_nano.a(lib_a-strncmp.o)
                0x0000000008010f90                strncmp
 .text.__ascii_wctomb
                0x0000000008010fb8       0x1a /opt/st/stm32cubeide_1.9.0/plugins/com.st.stm32cube.ide.mcu.externaltools.gnu-tools-for-stm32.10.3-2021.10.linux64_1.0.0.202111181127/tools/bin/../lib/gcc/arm-none-eabi/10.3.1/../../../../arm-none-eabi/lib/thumb/v7e-m+fp/hard/libc_nano.a(lib_a-wctomb_r.o)
                0x0000000008010fb8                __ascii_wctomb
 *fill*         0x0000000008010fd2        0x2 
 .text.__assert_func
                0x0000000008010fd4       0x3c /opt/st/stm32cubeide_1.9.0/plugins/com.st.stm32cube.ide.mcu.externaltools.gnu-tools-for-stm32.10.3-2021.10.linux64_1.0.0.202111181127/tools/bin/../lib/gcc/arm-none-eabi/10.3.1/../../../../arm-none-eabi/lib/thumb/v7e-m+fp/hard/libc_nano.a(lib_a-assert.o)
                0x0000000008010fd4                __assert_func
 .text.fprintf  0x0000000008011010       0x24 /opt/st/stm32cubeide_1.9.0/plugins/com.st.stm32cube.ide.mcu.externaltools.gnu-tools-for-stm32.10.3-2021.10.linux64_1.0.0.202111181127/tools/bin/../lib/gcc/arm-none-eabi/10.3.1/../../../../arm-none-eabi/lib/thumb/v7e-m+fp/hard/libc_nano.a(lib_a-fprintf.o)
                0x0000000008011010                fprintf
                0x0000000008011010                fiprintf
 .text.memmove  0x0000000008011034       0x34 /opt/st/stm32cubeide_1.9.0/plugins/com.st.stm32cube.ide.mcu.externaltools.gnu-tools-for-stm32.10.3-2021.10.linux64_1.0.0.202111181127/tools/bin/../lib/gcc/arm-none-eabi/10.3.1/../../../../arm-none-eabi/lib/thumb/v7e-m+fp/hard/libc_nano.a(lib_a-memmove.o)
                0x0000000008011034                memmove
 .text.__malloc_lock
                0x0000000008011068        0xc /opt/st/stm32cubeide_1.9.0/plugins/com.st.stm32cube.ide.mcu.externaltools.gnu-tools-for-stm32.10.3-2021.10.linux64_1.0.0.202111181127/tools/bin/../lib/gcc/arm-none-eabi/10.3.1/../../../../arm-none-eabi/lib/thumb/v7e-m+fp/hard/libc_nano.a(lib_a-mlock.o)
                0x0000000008011068                __malloc_lock
 .text.__malloc_unlock
                0x0000000008011074        0xc /opt/st/stm32cubeide_1.9.0/plugins/com.st.stm32cube.ide.mcu.externaltools.gnu-tools-for-stm32.10.3-2021.10.linux64_1.0.0.202111181127/tools/bin/../lib/gcc/arm-none-eabi/10.3.1/../../../../arm-none-eabi/lib/thumb/v7e-m+fp/hard/libc_nano.a(lib_a-mlock.o)
                0x0000000008011074                __malloc_unlock
 .text._realloc_r